******************************************************************************
                  TI ARM Linker PC v20.2.0                     
******************************************************************************
>> Linked Thu May 14 19:37:29 2020

OUTPUT FILE NAME:   <boostxl_edumkii_joystick_msp432p401r_MSP_EXP432P401R_nortos_ccs.out>
ENTRY POINT SYMBOL: "_c_int00_noargs"  address: 000012e5


MEMORY CONFIGURATION

         name            origin    length      used     unused   attr    fill
----------------------  --------  ---------  --------  --------  ----  --------
  MAIN                  00000000   00040000  00001cfe  0003e302  R  X
  INFO                  00200000   00004000  00000000  00004000  R  X
  SRAM_CODE             01000000   00010000  00000236  0000fdca  RW X
  SRAM_DATA             20000000   00010000  00000236  0000fdca  RW  


SEGMENT ALLOCATION MAP

run origin  load origin   length   init length attrs members
----------  ----------- ---------- ----------- ----- -------
00000000    00000000    00001d00   00001d00    r-x
  00000000    00000000    000000e4   000000e4    r-- .intvecs
  000000e4    000000e4    0000171a   0000171a    r-x .text
  00001800    00001800    000004c8   000004c8    r-- .const
  00001cc8    00001cc8    00000038   00000038    r-- .cinit
20000000    20000000    00000038   00000000    rw-
  20000000    20000000    00000026   00000000    rw- .bss
  20000028    20000028    00000010   00000000    rw- .data
2000fe00    2000fe00    00000200   00000000    rw-
  2000fe00    2000fe00    00000200   00000000    rw- .stack


SECTION ALLOCATION MAP

 output                                  attributes/
section   page    origin      length       input sections
--------  ----  ----------  ----------   ----------------
.intvecs   0    00000000    000000e4     
                  00000000    000000e4     startup_msp432p401r_ccs.obj (.intvecs:retain)

.text      0    000000e4    0000171a     
                  000000e4    000001d8     Crystalfontz128x128_ST7735.obj (.text:Crystalfontz128x128_PixelDrawMultiple)
                  000002bc    00000160     msp432p4xx_driverlib.lib : adc14.o (.text:_getIndexForMemRegister)
                  0000041c    00000134     Crystalfontz128x128_ST7735.obj (.text:Crystalfontz128x128_SetDrawFrame)
                  00000550    0000012c     Crystalfontz128x128_ST7735.obj (.text:Crystalfontz128x128_Init)
                  0000067c    000000d8     light_sensor.obj (.text:readLightSensorLux)
                  00000754    000000b0     msp432p4xx_driverlib.lib : spi.o (.text:SPI_initMaster)
                  00000804    000000a8                              : adc14.o (.text:ADC14_configureMultiSequenceMode)
                  000008ac    000000a4                              : adc14.o (.text:ADC14_configureConversionMemory)
                  00000950    0000009c     Crystalfontz128x128_ST7735.obj (.text:Crystalfontz128x128_RectFill)
                  000009ec    0000009c     rtsv7M4_T_le_v4SPD16_eabi.lib : memcpy_t2.asm.obj (.text)
                  00000a88    0000008c     light_sensor.obj (.text:readI2c)
                  00000b14    00000088     msp432p4xx_driverlib.lib : gpio.o (.text:GPIO_setAsPeripheralModuleFunctionInputPin)
                  00000b9c    00000088                              : gpio.o (.text:GPIO_setAsPeripheralModuleFunctionOutputPin)
                  00000c24    00000078     system_msp432p401r.obj (.text:SystemInit)
                  00000c9c    0000006c     msp432p4xx_driverlib.lib : i2c.o (.text:I2C_masterSendMultiByteFinish)
                  00000d08    00000068                              : i2c.o (.text:I2C_masterSendMultiByteStart)
                  00000d70    00000068     rtsv7M4_T_le_v4SPD16_eabi.lib : copy_decompress_lzss.c.obj (.text:decompress:lzss:__TI_decompress_lzss)
                  00000dd8    00000062     msp432p4xx_driverlib.lib : i2c.o (.text:I2C_initMaster)
                  00000e3a    00000060     Crystalfontz128x128_ST7735.obj (.text:Crystalfontz128x128_LineDrawH)
                  00000e9a    00000060     Crystalfontz128x128_ST7735.obj (.text:Crystalfontz128x128_LineDrawV)
                  00000efa    00000002     startup_msp432p401r_ccs.obj (.text:Default_Handler)
                  00000efc    00000054     msp432p4xx_driverlib.lib : adc14.o (.text:ADC14_initModule)
                  00000f50    00000054     Crystalfontz128x128_ST7735.obj (.text:Crystalfontz128x128_SetOrientation)
                  00000fa4    00000052     grlib.a : context.obj (.text:Graphics_initContext)
                  00000ff6    00000002     --HOLE-- [fill = 0]
                  00000ff8    00000048     graphics.obj (.text:initGraphics)
                  00001040    00000048     light_sensor.obj (.text:writeI2c)
                  00001088    00000044     rtsv7M4_T_le_v4SPD16_eabi.lib : autoinit.c.obj (.text:__TI_auto_init_nobinit_nopinit:__TI_auto_init_nobinit_nopinit)
                  000010cc    00000040     Crystalfontz128x128_ST7735.obj (.text:Crystalfontz128x128_PixelDraw)
                  0000110c    00000040     msp432p4xx_driverlib.lib : gpio.o (.text:GPIO_setAsOutputPin)
                  0000114c    00000040     HAL_MSP_EXP432P401R_Crystalfontz128x128_ST7735.obj (.text:HAL_LCD_SpiInit)
                  0000118c    00000040     msp432p4xx_driverlib.lib : i2c.o (.text:I2C_masterReceiveMultiByteFinish)
                  000011cc    00000040                              : spi.o (.text:is_A_Module)
                  0000120c    00000038     HAL_MSP_EXP432P401R_Crystalfontz128x128_ST7735.obj (.text:HAL_LCD_writeCommand)
                  00001244    00000038     msp432p4xx_driverlib.lib : i2c.o (.text:I2C_masterSendMultiByteStop)
                  0000127c    00000034                              : adc14.o (.text:ADC14_enableSampleTimer)
                  000012b0    00000034                              : i2c.o (.text:I2C_masterSendMultiByteNext)
                  000012e4    00000034     rtsv7M4_T_le_v4SPD16_eabi.lib : boot_cortex_m.c.obj (.text:_c_int00_noargs:_c_int00_noargs)
                  00001318    00000034     light_sensor.obj (.text:initI2c)
                  0000134c    00000030     HAL_MSP_EXP432P401R_Crystalfontz128x128_ST7735.obj (.text:HAL_LCD_PortInit)
                  0000137c    00000030     joystick.obj (.text:initJoystick)
                  000013ac    0000002c     msp432p4xx_driverlib.lib : adc14.o (.text:ADC14_toggleConversionTrigger)
                  000013d8    0000002c     Crystalfontz128x128_ST7735.obj (.text:Crystalfontz128x128_ClearScreen)
                  00001404    0000002c     HAL_MSP_EXP432P401R_Crystalfontz128x128_ST7735.obj (.text:HAL_LCD_writeData)
                  00001430    0000002a     joystick.obj (.text:initAdc)
                  0000145a    00000002     --HOLE-- [fill = 0]
                  0000145c    00000028     msp432p4xx_driverlib.lib : adc14.o (.text:ADC14_enableConversion)
                  00001484    00000028     Crystalfontz128x128_ST7735.obj (.text:Crystalfontz128x128_ColorTranslate)
                  000014ac    00000028     msp432p4xx_driverlib.lib : gpio.o (.text:GPIO_setOutputHighOnPin)
                  000014d4    00000028                              : gpio.o (.text:GPIO_setOutputLowOnPin)
                  000014fc    00000028     main.obj (.text:main)
                  00001524    00000024     msp432p4xx_driverlib.lib : wdt_a.o (.text:WDT_A_holdTimer)
                  00001548    00000020                              : adc14.o (.text:ADC14_setResolution)
                  00001568    0000001c                              : adc14.o (.text:ADC14_getResult)
                  00001584    0000001c                              : i2c.o (.text:I2C_setMode)
                  000015a0    0000001c                              : spi.o (.text:SPI_enableModule)
                  000015bc    0000001c     rtsv7M4_T_le_v4SPD16_eabi.lib : copy_zero_init.c.obj (.text:decompress:ZI:__TI_zero_init_nomemset:__TI_zero_init_nomemset)
                  000015d8    0000001c     joystick.obj (.text:getJoystickSample)
                  000015f4    0000001c     light_sensor.obj (.text:setSlaveI2c)
                  00001610    0000001a     grlib.a : display.obj (.text:Graphics_clearDisplayOnDisplay)
                  0000162a    0000001a             : context.obj (.text:Graphics_setBackgroundColor)
                  00001644    0000001a             : context.obj (.text:Graphics_setFont)
                  0000165e    0000001a     msp432p4xx_driverlib.lib : i2c.o (.text:I2C_masterReceiveStart)
                  00001678    00000018                              : i2c.o (.text:I2C_getInterruptStatus)
                  00001690    00000018                              : i2c.o (.text:I2C_isBusBusy)
                  000016a8    00000018     main.obj (.text:init)
                  000016c0    00000016     msp432p4xx_driverlib.lib : spi.o (.text:EUSCI_A_SPI_enable)
                  000016d6    00000016                              : spi.o (.text:EUSCI_B_SPI_enable)
                  000016ec    00000016     grlib.a : context.obj (.text:Graphics_setForegroundColor)
                  00001702    00000016             : display.obj (.text:Graphics_translateColorOnDisplay)
                  00001718    00000016     msp432p4xx_driverlib.lib : i2c.o (.text:I2C_clearInterruptFlag)
                  0000172e    00000016                              : i2c.o (.text:I2C_disableModule)
                  00001744    00000016                              : i2c.o (.text:I2C_enableModule)
                  0000175a    00000014                              : i2c.o (.text:I2C_masterReceiveMultiByteNext)
                  0000176e    00000014                              : i2c.o (.text:I2C_setSlaveAddress)
                  00001782    00000014     light_sensor.obj (.text:initLightSensor)
                  00001796    00000012     grlib.a : context.obj (.text:Graphics_clearDisplay)
                  000017a8    00000010     msp432p4xx_driverlib.lib : adc14.o (.text:ADCIsConversionRunning)
                  000017b8    0000000e     rtsv7M4_T_le_v4SPD16_eabi.lib : copy_decompress_none.c.obj (.text:decompress:none:__TI_decompress_none)
                  000017c6    00000002     --HOLE-- [fill = 0]
                  000017c8    0000000c     msp432p4xx_driverlib.lib : adc14.o (.text:ADC14_enableModule)
                  000017d4    0000000c     startup_msp432p401r_ccs.obj (.text:Reset_Handler)
                  000017e0    0000000c     joystick.obj (.text:startAdc)
                  000017ec    0000000a     Crystalfontz128x128_ST7735.obj (.text:Crystalfontz128x128_Flush)
                  000017f6    00000004     rtsv7M4_T_le_v4SPD16_eabi.lib : pre_init.c.obj (.text:_system_pre_init)
                  000017fa    00000004                                   : exit.c.obj (.text:abort:abort)

.const     0    00001800    000004c8     
                  00001800    000002f8     grlib.a : fontfixed6x8.obj (.const:.string:g_pucFontFixed6x8Data)
                  00001af8    000000c8             : fontfixed6x8.obj (.const:g_sFontFixed6x8)
                  00001bc0    00000080     msp432p4xx_driverlib.lib : adc14.o (.const:_ctlRegs)
                  00001c40    00000030                              : gpio.o (.const:GPIO_PORT_TO_BASE)
                  00001c70    00000020     Crystalfontz128x128_ST7735.obj (.const:g_sCrystalfontz128x128_funcs)
                  00001c90    0000001c     HAL_MSP_EXP432P401R_Crystalfontz128x128_ST7735.obj (.const:$P$T0$1)
                  00001cac    00000014     light_sensor.obj (.const:i2cConfig)
                  00001cc0    00000008     Crystalfontz128x128_ST7735.obj (.const:$P$T0$1)

.cinit     0    00001cc8    00000038     
                  00001cc8    0000000d     (.cinit..data.load) [load image, compression = lzss]
                  00001cd5    00000003     --HOLE-- [fill = 0]
                  00001cd8    0000000c     (__TI_handler_table)
                  00001ce4    00000004     --HOLE-- [fill = 0]
                  00001ce8    00000008     (.cinit..bss.load) [load image, compression = zero_init]
                  00001cf0    00000010     (__TI_cinit_table)

.init_array 
*          0    00000000    00000000     UNINITIALIZED

.binit     0    00000000    00000000     

.bss       0    20000000    00000026     UNINITIALIZED
                  20000000    0000001c     graphics.obj (.bss:g_sContext)
                  2000001c    00000002     (.common:Lcd_ScreenHeigth)
                  2000001e    00000002     (.common:Lcd_ScreenWidth)
                  20000020    00000002     (.common:Lcd_TouchTrim)
                  20000022    00000001     (.common:Lcd_FlagRead)
                  20000023    00000001     (.common:Lcd_FontSolid)
                  20000024    00000001     (.common:Lcd_Orientation)
                  20000025    00000001     (.common:Lcd_PenSolid)

.data      0    20000028    00000010     UNINITIALIZED
                  20000028    00000010     Crystalfontz128x128_ST7735.obj (.data:g_sCrystalfontz128x128)

.stack     0    2000fe00    00000200     UNINITIALIZED
                  2000fe00    00000004     rtsv7M4_T_le_v4SPD16_eabi.lib : boot_cortex_m.c.obj (.stack)
                  2000fe04    000001fc     --HOLE--

__llvm_prf_cnts 
*          0    20000000    00000000     UNINITIALIZED

MODULE SUMMARY

       Module                                               code   ro data   rw data
       ------                                               ----   -------   -------
    .\
       light_sensor.obj                                     528    20        0      
       joystick.obj                                         130    0         0      
       graphics.obj                                         72     0         56     
       system_msp432p401r.obj                               120    0         0      
       main.obj                                             64     0         0      
    +--+----------------------------------------------------+------+---------+---------+
       Total:                                               914    20        56     
                                                                                    
    .\LcdDriver\
       Crystalfontz128x128_ST7735.obj                       1670   40        52     
       HAL_MSP_EXP432P401R_Crystalfontz128x128_ST7735.obj   212    28        0      
    +--+----------------------------------------------------+------+---------+---------+
       Total:                                               1882   68        52     
                                                                                    
    .\ccs\
       startup_msp432p401r_ccs.obj                          14     228       0      
    +--+----------------------------------------------------+------+---------+---------+
       Total:                                               14     228       0      
                                                                                    
    C:/ti/simplelink_msp432p4_sdk_3_10_00_08/source/ti/devices/msp432p4xx/driverlib/ccs/msp432p4xx_driverlib.lib
       adc14.o                                              992    128       0      
       i2c.o                                                690    0         0      
       gpio.o                                               416    48        0      
       spi.o                                                312    0         0      
       wdt_a.o                                              36     0         0      
    +--+----------------------------------------------------+------+---------+---------+
       Total:                                               2446   176       0      
                                                                                    
    C:/ti/simplelink_msp432p4_sdk_3_10_00_08/source/ti/grlib/lib/ccs/m4f/grlib.a
       fontfixed6x8.obj                                     0      960       0      
       context.obj                                          174    0         0      
       display.obj                                          48     0         0      
    +--+----------------------------------------------------+------+---------+---------+
       Total:                                               222    960       0      
                                                                                    
    C:\ti\ccs1000\ccs\tools\compiler\ti-cgt-arm_20.2.0.LTS\lib\rtsv7M4_T_le_v4SPD16_eabi.lib
       memcpy_t2.asm.obj                                    156    0         0      
       copy_decompress_lzss.c.obj                           104    0         0      
       autoinit.c.obj                                       68     0         0      
       boot_cortex_m.c.obj                                  52     0         0      
       copy_zero_init.c.obj                                 28     0         0      
       copy_decompress_none.c.obj                           14     0         0      
       exit.c.obj                                           4      0         0      
       pre_init.c.obj                                       4      0         0      
    +--+----------------------------------------------------+------+---------+---------+
       Total:                                               430    0         0      
                                                                                    
       Stack:                                               0      0         1024   
       Linker Generated:                                    0      49        0      
    +--+----------------------------------------------------+------+---------+---------+
       Grand Total:                                         5908   1501      1132   


LINKER GENERATED COPY TABLES

__TI_cinit_table @ 00001cf0 records: 2, size/record: 8, table size: 16
	.data: load addr=00001cc8, load size=0000000d bytes, run addr=20000028, run size=00000010 bytes, compression=lzss
	.bss: load addr=00001ce8, load size=00000008 bytes, run addr=20000000, run size=00000026 bytes, compression=zero_init


LINKER GENERATED HANDLER TABLE

__TI_handler_table @ 00001cd8 records: 3, size/record: 4, table size: 12
	index: 0, handler: __TI_decompress_lzss
	index: 1, handler: __TI_decompress_none
	index: 2, handler: __TI_zero_init


GLOBAL SYMBOLS: SORTED ALPHABETICALLY BY Name 

address   name                                       
-------   ----                                       
00000efb  ADC14_IRQHandler                           
000008ad  ADC14_configureConversionMemory            
00000805  ADC14_configureMultiSequenceMode           
0000145d  ADC14_enableConversion                     
000017c9  ADC14_enableModule                         
0000127d  ADC14_enableSampleTimer                    
00001569  ADC14_getResult                            
00000efd  ADC14_initModule                           
00001549  ADC14_setResolution                        
000013ad  ADC14_toggleConversionTrigger              
00000efb  AES256_IRQHandler                          
00000efb  BusFault_Handler                           
000017fb  C$$EXIT                                    
00000efb  COMP_E0_IRQHandler                         
00000efb  COMP_E1_IRQHandler                         
00000efb  CS_IRQHandler                              
00000551  Crystalfontz128x128_Init                   
0000041d  Crystalfontz128x128_SetDrawFrame           
00000f51  Crystalfontz128x128_SetOrientation         
00000efb  DMA_ERR_IRQHandler                         
00000efb  DMA_INT0_IRQHandler                        
00000efb  DMA_INT1_IRQHandler                        
00000efb  DMA_INT2_IRQHandler                        
00000efb  DMA_INT3_IRQHandler                        
00000efb  DebugMon_Handler                           
00000efb  Default_Handler                            
00000efb  EUSCIA0_IRQHandler                         
00000efb  EUSCIA1_IRQHandler                         
00000efb  EUSCIA2_IRQHandler                         
00000efb  EUSCIA3_IRQHandler                         
00000efb  EUSCIB0_IRQHandler                         
00000efb  EUSCIB1_IRQHandler                         
00000efb  EUSCIB2_IRQHandler                         
00000efb  EUSCIB3_IRQHandler                         
000016c1  EUSCI_A_SPI_enable                         
000016d7  EUSCI_B_SPI_enable                         
00000efb  FLCTL_IRQHandler                           
00000efb  FPU_IRQHandler                             
0000110d  GPIO_setAsOutputPin                        
00000b15  GPIO_setAsPeripheralModuleFunctionInputPin 
00000b9d  GPIO_setAsPeripheralModuleFunctionOutputPin
000014ad  GPIO_setOutputHighOnPin                    
000014d5  GPIO_setOutputLowOnPin                     
00001797  Graphics_clearDisplay                      
00001611  Graphics_clearDisplayOnDisplay             
00000fa5  Graphics_initContext                       
0000162b  Graphics_setBackgroundColor                
00001645  Graphics_setFont                           
000016ed  Graphics_setForegroundColor                
00001703  Graphics_translateColorOnDisplay           
0000134d  HAL_LCD_PortInit                           
0000114d  HAL_LCD_SpiInit                            
0000120d  HAL_LCD_writeCommand                       
00001405  HAL_LCD_writeData                          
00000efb  HardFault_Handler                          
00001719  I2C_clearInterruptFlag                     
0000172f  I2C_disableModule                          
00001745  I2C_enableModule                           
00001679  I2C_getInterruptStatus                     
00000dd9  I2C_initMaster                             
00001691  I2C_isBusBusy                              
0000118d  I2C_masterReceiveMultiByteFinish           
0000175b  I2C_masterReceiveMultiByteNext             
0000165f  I2C_masterReceiveStart                     
00000c9d  I2C_masterSendMultiByteFinish              
000012b1  I2C_masterSendMultiByteNext                
00000d09  I2C_masterSendMultiByteStart               
00001245  I2C_masterSendMultiByteStop                
00001585  I2C_setMode                                
0000176f  I2C_setSlaveAddress                        
20000022  Lcd_FlagRead                               
20000023  Lcd_FontSolid                              
20000024  Lcd_Orientation                            
20000025  Lcd_PenSolid                               
2000001c  Lcd_ScreenHeigth                           
2000001e  Lcd_ScreenWidth                            
20000020  Lcd_TouchTrim                              
00000efb  MemManage_Handler                          
00000efb  NMI_Handler                                
00000efb  PCM_IRQHandler                             
00000efb  PORT1_IRQHandler                           
00000efb  PORT2_IRQHandler                           
00000efb  PORT3_IRQHandler                           
00000efb  PORT4_IRQHandler                           
00000efb  PORT5_IRQHandler                           
00000efb  PORT6_IRQHandler                           
00000efb  PSS_IRQHandler                             
00000efb  PendSV_Handler                             
00000efb  RTC_C_IRQHandler                           
000017d5  Reset_Handler                              
000015a1  SPI_enableModule                           
00000755  SPI_initMaster                             
00000efb  SVC_Handler                                
00000efb  SysTick_Handler                            
00000c25  SystemInit                                 
00000efb  T32_INT1_IRQHandler                        
00000efb  T32_INT2_IRQHandler                        
00000efb  T32_INTC_IRQHandler                        
00000efb  TA0_0_IRQHandler                           
00000efb  TA0_N_IRQHandler                           
00000efb  TA1_0_IRQHandler                           
00000efb  TA1_N_IRQHandler                           
00000efb  TA2_0_IRQHandler                           
00000efb  TA2_N_IRQHandler                           
00000efb  TA3_0_IRQHandler                           
00000efb  TA3_N_IRQHandler                           
00000efb  UsageFault_Handler                         
4000480c  WDTCTL_SYM                                 
00000efb  WDT_A_IRQHandler                           
00001525  WDT_A_holdTimer                            
20010000  __STACK_END                                
00000200  __STACK_SIZE                               
00001cf0  __TI_CINIT_Base                            
00001d00  __TI_CINIT_Limit                           
00001cd8  __TI_Handler_Table_Base                    
00001ce4  __TI_Handler_Table_Limit                   
00001089  __TI_auto_init_nobinit_nopinit             
00000d71  __TI_decompress_lzss                       
000017b9  __TI_decompress_none                       
ffffffff  __TI_pprof_out_hndl                        
ffffffff  __TI_prof_data_size                        
ffffffff  __TI_prof_data_start                       
00000000  __TI_static_base__                         
000015bd  __TI_zero_init_nomemset                    
000009ed  __aeabi_memcpy                             
000009ed  __aeabi_memcpy4                            
000009ed  __aeabi_memcpy8                            
ffffffff  __binit__                                  
ffffffff  __c_args__                                 
UNDEFED   __mpu_init                                 
2000fe00  __stack                                    
20000000  __start___llvm_prf_cnts                    
20000000  __stop___llvm_prf_cnts                     
000012e5  _c_int00_noargs                            
UNDEFED   _system_post_cinit                         
000017f7  _system_pre_init                           
000017fb  abort                                      
ffffffff  binit                                      
20000028  g_sCrystalfontz128x128                     
00001c70  g_sCrystalfontz128x128_funcs               
00001af8  g_sFontFixed6x8                            
000015d9  getJoystickSample                          
00001cac  i2cConfig                                  
000016a9  init                                       
00001431  initAdc                                    
00000ff9  initGraphics                               
00001319  initI2c                                    
0000137d  initJoystick                               
00001783  initLightSensor                            
00000000  interruptVectors                           
000014fd  main                                       
000009ed  memcpy                                     
00000a89  readI2c                                    
0000067d  readLightSensorLux                         
000015f5  setSlaveI2c                                
000017e1  startAdc                                   
00001041  writeI2c                                   


GLOBAL SYMBOLS: SORTED BY Symbol Address 

address   name                                       
-------   ----                                       
00000000  __TI_static_base__                         
00000000  interruptVectors                           
00000200  __STACK_SIZE                               
0000041d  Crystalfontz128x128_SetDrawFrame           
00000551  Crystalfontz128x128_Init                   
0000067d  readLightSensorLux                         
00000755  SPI_initMaster                             
00000805  ADC14_configureMultiSequenceMode           
000008ad  ADC14_configureConversionMemory            
000009ed  __aeabi_memcpy                             
000009ed  __aeabi_memcpy4                            
000009ed  __aeabi_memcpy8                            
000009ed  memcpy                                     
00000a89  readI2c                                    
00000b15  GPIO_setAsPeripheralModuleFunctionInputPin 
00000b9d  GPIO_setAsPeripheralModuleFunctionOutputPin
00000c25  SystemInit                                 
00000c9d  I2C_masterSendMultiByteFinish              
00000d09  I2C_masterSendMultiByteStart               
00000d71  __TI_decompress_lzss                       
00000dd9  I2C_initMaster                             
00000efb  ADC14_IRQHandler                           
00000efb  AES256_IRQHandler                          
00000efb  BusFault_Handler                           
00000efb  COMP_E0_IRQHandler                         
00000efb  COMP_E1_IRQHandler                         
00000efb  CS_IRQHandler                              
00000efb  DMA_ERR_IRQHandler                         
00000efb  DMA_INT0_IRQHandler                        
00000efb  DMA_INT1_IRQHandler                        
00000efb  DMA_INT2_IRQHandler                        
00000efb  DMA_INT3_IRQHandler                        
00000efb  DebugMon_Handler                           
00000efb  Default_Handler                            
00000efb  EUSCIA0_IRQHandler                         
00000efb  EUSCIA1_IRQHandler                         
00000efb  EUSCIA2_IRQHandler                         
00000efb  EUSCIA3_IRQHandler                         
00000efb  EUSCIB0_IRQHandler                         
00000efb  EUSCIB1_IRQHandler                         
00000efb  EUSCIB2_IRQHandler                         
00000efb  EUSCIB3_IRQHandler                         
00000efb  FLCTL_IRQHandler                           
00000efb  FPU_IRQHandler                             
00000efb  HardFault_Handler                          
00000efb  MemManage_Handler                          
00000efb  NMI_Handler                                
00000efb  PCM_IRQHandler                             
00000efb  PORT1_IRQHandler                           
00000efb  PORT2_IRQHandler                           
00000efb  PORT3_IRQHandler                           
00000efb  PORT4_IRQHandler                           
00000efb  PORT5_IRQHandler                           
00000efb  PORT6_IRQHandler                           
00000efb  PSS_IRQHandler                             
00000efb  PendSV_Handler                             
00000efb  RTC_C_IRQHandler                           
00000efb  SVC_Handler                                
00000efb  SysTick_Handler                            
00000efb  T32_INT1_IRQHandler                        
00000efb  T32_INT2_IRQHandler                        
00000efb  T32_INTC_IRQHandler                        
00000efb  TA0_0_IRQHandler                           
00000efb  TA0_N_IRQHandler                           
00000efb  TA1_0_IRQHandler                           
00000efb  TA1_N_IRQHandler                           
00000efb  TA2_0_IRQHandler                           
00000efb  TA2_N_IRQHandler                           
00000efb  TA3_0_IRQHandler                           
00000efb  TA3_N_IRQHandler                           
00000efb  UsageFault_Handler                         
00000efb  WDT_A_IRQHandler                           
00000efd  ADC14_initModule                           
00000f51  Crystalfontz128x128_SetOrientation         
00000fa5  Graphics_initContext                       
00000ff9  initGraphics                               
00001041  writeI2c                                   
00001089  __TI_auto_init_nobinit_nopinit             
0000110d  GPIO_setAsOutputPin                        
0000114d  HAL_LCD_SpiInit                            
0000118d  I2C_masterReceiveMultiByteFinish           
0000120d  HAL_LCD_writeCommand                       
00001245  I2C_masterSendMultiByteStop                
0000127d  ADC14_enableSampleTimer                    
000012b1  I2C_masterSendMultiByteNext                
000012e5  _c_int00_noargs                            
00001319  initI2c                                    
0000134d  HAL_LCD_PortInit                           
0000137d  initJoystick                               
000013ad  ADC14_toggleConversionTrigger              
00001405  HAL_LCD_writeData                          
00001431  initAdc                                    
0000145d  ADC14_enableConversion                     
000014ad  GPIO_setOutputHighOnPin                    
000014d5  GPIO_setOutputLowOnPin                     
000014fd  main                                       
00001525  WDT_A_holdTimer                            
00001549  ADC14_setResolution                        
00001569  ADC14_getResult                            
00001585  I2C_setMode                                
000015a1  SPI_enableModule                           
000015bd  __TI_zero_init_nomemset                    
000015d9  getJoystickSample                          
000015f5  setSlaveI2c                                
00001611  Graphics_clearDisplayOnDisplay             
0000162b  Graphics_setBackgroundColor                
00001645  Graphics_setFont                           
0000165f  I2C_masterReceiveStart                     
00001679  I2C_getInterruptStatus                     
00001691  I2C_isBusBusy                              
000016a9  init                                       
000016c1  EUSCI_A_SPI_enable                         
000016d7  EUSCI_B_SPI_enable                         
000016ed  Graphics_setForegroundColor                
00001703  Graphics_translateColorOnDisplay           
00001719  I2C_clearInterruptFlag                     
0000172f  I2C_disableModule                          
00001745  I2C_enableModule                           
0000175b  I2C_masterReceiveMultiByteNext             
0000176f  I2C_setSlaveAddress                        
00001783  initLightSensor                            
00001797  Graphics_clearDisplay                      
000017b9  __TI_decompress_none                       
000017c9  ADC14_enableModule                         
000017d5  Reset_Handler                              
000017e1  startAdc                                   
000017f7  _system_pre_init                           
000017fb  C$$EXIT                                    
000017fb  abort                                      
00001af8  g_sFontFixed6x8                            
00001c70  g_sCrystalfontz128x128_funcs               
00001cac  i2cConfig                                  
00001cd8  __TI_Handler_Table_Base                    
00001ce4  __TI_Handler_Table_Limit                   
00001cf0  __TI_CINIT_Base                            
00001d00  __TI_CINIT_Limit                           
20000000  __start___llvm_prf_cnts                    
20000000  __stop___llvm_prf_cnts                     
2000001c  Lcd_ScreenHeigth                           
2000001e  Lcd_ScreenWidth                            
20000020  Lcd_TouchTrim                              
20000022  Lcd_FlagRead                               
20000023  Lcd_FontSolid                              
20000024  Lcd_Orientation                            
20000025  Lcd_PenSolid                               
20000028  g_sCrystalfontz128x128                     
2000fe00  __stack                                    
20010000  __STACK_END                                
4000480c  WDTCTL_SYM                                 
ffffffff  __TI_pprof_out_hndl                        
ffffffff  __TI_prof_data_size                        
ffffffff  __TI_prof_data_start                       
ffffffff  __binit__                                  
ffffffff  __c_args__                                 
ffffffff  binit                                      
UNDEFED   __mpu_init                                 
UNDEFED   _system_post_cinit                         

[157 symbols]
