<?xml version="1.0" encoding="ISO-8859-1" ?>
<link_info>
   <banner>TI ARM Linker PC v20.2.0.LTS</banner>
   <copyright>Copyright (c) 1996-2018 Texas Instruments Incorporated</copyright>
   <link_time>0x5ebdd639</link_time>
   <link_errors>0x0</link_errors>
   <output_file>boostxl_edumkii_joystick_msp432p401r_MSP_EXP432P401R_nortos_ccs.out</output_file>
   <entry_point>
      <name>_c_int00_noargs</name>
      <address>0x12e5</address>
   </entry_point>
   <input_file_list>
      <input_file id="fl-2">
         <path>.\</path>
         <kind>object</kind>
         <file>graphics.obj</file>
         <name>graphics.obj</name>
      </input_file>
      <input_file id="fl-3">
         <path>.\</path>
         <kind>object</kind>
         <file>joystick.obj</file>
         <name>joystick.obj</name>
      </input_file>
      <input_file id="fl-4">
         <path>.\</path>
         <kind>object</kind>
         <file>light_sensor.obj</file>
         <name>light_sensor.obj</name>
      </input_file>
      <input_file id="fl-5">
         <path>.\</path>
         <kind>object</kind>
         <file>main.obj</file>
         <name>main.obj</name>
      </input_file>
      <input_file id="fl-6">
         <path>.\</path>
         <kind>object</kind>
         <file>system_msp432p401r.obj</file>
         <name>system_msp432p401r.obj</name>
      </input_file>
      <input_file id="fl-7">
         <path>.\LcdDriver\</path>
         <kind>object</kind>
         <file>Crystalfontz128x128_ST7735.obj</file>
         <name>Crystalfontz128x128_ST7735.obj</name>
      </input_file>
      <input_file id="fl-8">
         <path>.\LcdDriver\</path>
         <kind>object</kind>
         <file>HAL_MSP_EXP432P401R_Crystalfontz128x128_ST7735.obj</file>
         <name>HAL_MSP_EXP432P401R_Crystalfontz128x128_ST7735.obj</name>
      </input_file>
      <input_file id="fl-9">
         <path>.\ccs\</path>
         <kind>object</kind>
         <file>startup_msp432p401r_ccs.obj</file>
         <name>startup_msp432p401r_ccs.obj</name>
      </input_file>
      <input_file id="fl-14">
         <kind>object</kind>
         <file>&lt;internal&gt;</file>
         <name>&lt;internal&gt;</name>
      </input_file>
      <input_file id="fl-15">
         <path>C:\ti\simplelink_msp432p4_sdk_3_10_00_08\source\ti\grlib\lib\ccs\m4f\</path>
         <kind>archive</kind>
         <file>grlib.a</file>
         <name>context.obj</name>
      </input_file>
      <input_file id="fl-16">
         <path>C:\ti\simplelink_msp432p4_sdk_3_10_00_08\source\ti\grlib\lib\ccs\m4f\</path>
         <kind>archive</kind>
         <file>grlib.a</file>
         <name>display.obj</name>
      </input_file>
      <input_file id="fl-17">
         <path>C:\ti\simplelink_msp432p4_sdk_3_10_00_08\source\ti\grlib\lib\ccs\m4f\</path>
         <kind>archive</kind>
         <file>grlib.a</file>
         <name>fontfixed6x8.obj</name>
      </input_file>
      <input_file id="fl-18">
         <path>C:\ti\simplelink_msp432p4_sdk_3_10_00_08\source\ti\devices\msp432p4xx\driverlib\ccs\</path>
         <kind>archive</kind>
         <file>msp432p4xx_driverlib.lib</file>
         <name>adc14.o</name>
      </input_file>
      <input_file id="fl-19">
         <path>C:\ti\simplelink_msp432p4_sdk_3_10_00_08\source\ti\devices\msp432p4xx\driverlib\ccs\</path>
         <kind>archive</kind>
         <file>msp432p4xx_driverlib.lib</file>
         <name>gpio.o</name>
      </input_file>
      <input_file id="fl-1a">
         <path>C:\ti\simplelink_msp432p4_sdk_3_10_00_08\source\ti\devices\msp432p4xx\driverlib\ccs\</path>
         <kind>archive</kind>
         <file>msp432p4xx_driverlib.lib</file>
         <name>i2c.o</name>
      </input_file>
      <input_file id="fl-1b">
         <path>C:\ti\simplelink_msp432p4_sdk_3_10_00_08\source\ti\devices\msp432p4xx\driverlib\ccs\</path>
         <kind>archive</kind>
         <file>msp432p4xx_driverlib.lib</file>
         <name>interrupt.o</name>
      </input_file>
      <input_file id="fl-1c">
         <path>C:\ti\simplelink_msp432p4_sdk_3_10_00_08\source\ti\devices\msp432p4xx\driverlib\ccs\</path>
         <kind>archive</kind>
         <file>msp432p4xx_driverlib.lib</file>
         <name>spi.o</name>
      </input_file>
      <input_file id="fl-1d">
         <path>C:\ti\simplelink_msp432p4_sdk_3_10_00_08\source\ti\devices\msp432p4xx\driverlib\ccs\</path>
         <kind>archive</kind>
         <file>msp432p4xx_driverlib.lib</file>
         <name>wdt_a.o</name>
      </input_file>
      <input_file id="fl-1e">
         <path>C:\ti\simplelink_msp432p4_sdk_3_10_00_08\source\ti\devices\msp432p4xx\driverlib\ccs\</path>
         <kind>archive</kind>
         <file>msp432p4xx_driverlib.lib</file>
         <name>cpu.o</name>
      </input_file>
      <input_file id="fl-1f">
         <path>C:\ti\simplelink_msp432p4_sdk_3_10_00_08\source\ti\devices\msp432p4xx\driverlib\ccs\</path>
         <kind>archive</kind>
         <file>msp432p4xx_driverlib.lib</file>
         <name>sysctl_a.o</name>
      </input_file>
      <input_file id="fl-d5">
         <path>C:\ti\ccs1000\ccs\tools\compiler\ti-cgt-arm_20.2.0.LTS\lib\</path>
         <kind>archive</kind>
         <file>rtsv7M4_T_le_v4SPD16_eabi.lib</file>
         <name>copy_zero_init.c.obj</name>
      </input_file>
      <input_file id="fl-d6">
         <path>C:\ti\ccs1000\ccs\tools\compiler\ti-cgt-arm_20.2.0.LTS\lib\</path>
         <kind>archive</kind>
         <file>rtsv7M4_T_le_v4SPD16_eabi.lib</file>
         <name>copy_decompress_none.c.obj</name>
      </input_file>
      <input_file id="fl-d7">
         <path>C:\ti\ccs1000\ccs\tools\compiler\ti-cgt-arm_20.2.0.LTS\lib\</path>
         <kind>archive</kind>
         <file>rtsv7M4_T_le_v4SPD16_eabi.lib</file>
         <name>copy_decompress_lzss.c.obj</name>
      </input_file>
      <input_file id="fl-d8">
         <path>C:\ti\ccs1000\ccs\tools\compiler\ti-cgt-arm_20.2.0.LTS\lib\</path>
         <kind>archive</kind>
         <file>rtsv7M4_T_le_v4SPD16_eabi.lib</file>
         <name>boot_cortex_m.c.obj</name>
      </input_file>
      <input_file id="fl-d9">
         <path>C:\ti\ccs1000\ccs\tools\compiler\ti-cgt-arm_20.2.0.LTS\lib\</path>
         <kind>archive</kind>
         <file>rtsv7M4_T_le_v4SPD16_eabi.lib</file>
         <name>memcpy_t2.asm.obj</name>
      </input_file>
      <input_file id="fl-da">
         <path>C:\ti\ccs1000\ccs\tools\compiler\ti-cgt-arm_20.2.0.LTS\lib\</path>
         <kind>archive</kind>
         <file>rtsv7M4_T_le_v4SPD16_eabi.lib</file>
         <name>memset_t2.asm.obj</name>
      </input_file>
      <input_file id="fl-db">
         <path>C:\ti\ccs1000\ccs\tools\compiler\ti-cgt-arm_20.2.0.LTS\lib\</path>
         <kind>archive</kind>
         <file>rtsv7M4_T_le_v4SPD16_eabi.lib</file>
         <name>autoinit.c.obj</name>
      </input_file>
      <input_file id="fl-dc">
         <path>C:\ti\ccs1000\ccs\tools\compiler\ti-cgt-arm_20.2.0.LTS\lib\</path>
         <kind>archive</kind>
         <file>rtsv7M4_T_le_v4SPD16_eabi.lib</file>
         <name>pre_init.c.obj</name>
      </input_file>
      <input_file id="fl-dd">
         <path>C:\ti\ccs1000\ccs\tools\compiler\ti-cgt-arm_20.2.0.LTS\lib\</path>
         <kind>archive</kind>
         <file>rtsv7M4_T_le_v4SPD16_eabi.lib</file>
         <name>cpy_tbl.c.obj</name>
      </input_file>
      <input_file id="fl-de">
         <path>C:\ti\ccs1000\ccs\tools\compiler\ti-cgt-arm_20.2.0.LTS\lib\</path>
         <kind>archive</kind>
         <file>rtsv7M4_T_le_v4SPD16_eabi.lib</file>
         <name>exit.c.obj</name>
      </input_file>
      <input_file id="fl-df">
         <path>C:\ti\ccs1000\ccs\tools\compiler\ti-cgt-arm_20.2.0.LTS\lib\</path>
         <kind>archive</kind>
         <file>rtsv7M4_T_le_v4SPD16_eabi.lib</file>
         <name>_lock.c.obj</name>
      </input_file>
      <input_file id="fl-e0">
         <path>C:\ti\ccs1000\ccs\tools\compiler\ti-cgt-arm_20.2.0.LTS\lib\</path>
         <kind>archive</kind>
         <file>rtsv7M4_T_le_v4SPD16_eabi.lib</file>
         <name>args_main.c.obj</name>
      </input_file>
   </input_file_list>
   <object_component_list>
      <object_component id="oc-26">
         <name>.intvecs:retain</name>
         <load_address>0x0</load_address>
         <run_address>0x0</run_address>
         <size>0xe4</size>
         <input_file_ref idref="fl-9"/>
      </object_component>
      <object_component id="oc-30e">
         <name>.text:Crystalfontz128x128_PixelDrawMultiple</name>
         <load_address>0xe4</load_address>
         <run_address>0xe4</run_address>
         <size>0x1d8</size>
         <input_file_ref idref="fl-7"/>
      </object_component>
      <object_component id="oc-243">
         <name>.text:_getIndexForMemRegister</name>
         <load_address>0x2bc</load_address>
         <run_address>0x2bc</run_address>
         <size>0x160</size>
         <input_file_ref idref="fl-18"/>
      </object_component>
      <object_component id="oc-2e2">
         <name>.text:Crystalfontz128x128_SetDrawFrame</name>
         <load_address>0x41c</load_address>
         <run_address>0x41c</run_address>
         <size>0x134</size>
         <input_file_ref idref="fl-7"/>
      </object_component>
      <object_component id="oc-1d4">
         <name>.text:Crystalfontz128x128_Init</name>
         <load_address>0x550</load_address>
         <run_address>0x550</run_address>
         <size>0x12c</size>
         <input_file_ref idref="fl-7"/>
      </object_component>
      <object_component id="oc-e2">
         <name>.text:readLightSensorLux</name>
         <load_address>0x67c</load_address>
         <run_address>0x67c</run_address>
         <size>0xd8</size>
         <input_file_ref idref="fl-4"/>
      </object_component>
      <object_component id="oc-38b">
         <name>.text:SPI_initMaster</name>
         <load_address>0x754</load_address>
         <run_address>0x754</run_address>
         <size>0xb0</size>
         <input_file_ref idref="fl-1c"/>
      </object_component>
      <object_component id="oc-1c7">
         <name>.text:ADC14_configureMultiSequenceMode</name>
         <load_address>0x804</load_address>
         <run_address>0x804</run_address>
         <size>0xa8</size>
         <input_file_ref idref="fl-18"/>
      </object_component>
      <object_component id="oc-227">
         <name>.text:ADC14_configureConversionMemory</name>
         <load_address>0x8ac</load_address>
         <run_address>0x8ac</run_address>
         <size>0xa4</size>
         <input_file_ref idref="fl-18"/>
      </object_component>
      <object_component id="oc-320">
         <name>.text:Crystalfontz128x128_RectFill</name>
         <load_address>0x950</load_address>
         <run_address>0x950</run_address>
         <size>0x9c</size>
         <input_file_ref idref="fl-7"/>
      </object_component>
      <object_component id="oc-37">
         <name>.text</name>
         <load_address>0x9ec</load_address>
         <run_address>0x9ec</run_address>
         <size>0x9c</size>
         <input_file_ref idref="fl-d9"/>
      </object_component>
      <object_component id="oc-16e">
         <name>.text:readI2c</name>
         <load_address>0xa88</load_address>
         <run_address>0xa88</run_address>
         <size>0x8c</size>
         <input_file_ref idref="fl-4"/>
      </object_component>
      <object_component id="oc-22d">
         <name>.text:GPIO_setAsPeripheralModuleFunctionInputPin</name>
         <load_address>0xb14</load_address>
         <run_address>0xb14</run_address>
         <size>0x88</size>
         <input_file_ref idref="fl-19"/>
      </object_component>
      <object_component id="oc-20b">
         <name>.text:GPIO_setAsPeripheralModuleFunctionOutputPin</name>
         <load_address>0xb9c</load_address>
         <run_address>0xb9c</run_address>
         <size>0x88</size>
         <input_file_ref idref="fl-19"/>
      </object_component>
      <object_component id="oc-ab">
         <name>.text:SystemInit</name>
         <load_address>0xc24</load_address>
         <run_address>0xc24</run_address>
         <size>0x78</size>
         <input_file_ref idref="fl-6"/>
      </object_component>
      <object_component id="oc-354">
         <name>.text:I2C_masterSendMultiByteFinish</name>
         <load_address>0xc9c</load_address>
         <run_address>0xc9c</run_address>
         <size>0x6c</size>
         <input_file_ref idref="fl-1a"/>
      </object_component>
      <object_component id="oc-272">
         <name>.text:I2C_masterSendMultiByteStart</name>
         <load_address>0xd08</load_address>
         <run_address>0xd08</run_address>
         <size>0x68</size>
         <input_file_ref idref="fl-1a"/>
      </object_component>
      <object_component id="oc-17">
         <name>.text:decompress:lzss:__TI_decompress_lzss</name>
         <load_address>0xd70</load_address>
         <run_address>0xd70</run_address>
         <size>0x68</size>
         <input_file_ref idref="fl-d7"/>
      </object_component>
      <object_component id="oc-211">
         <name>.text:I2C_initMaster</name>
         <load_address>0xdd8</load_address>
         <run_address>0xdd8</run_address>
         <size>0x62</size>
         <input_file_ref idref="fl-1a"/>
      </object_component>
      <object_component id="oc-314">
         <name>.text:Crystalfontz128x128_LineDrawH</name>
         <load_address>0xe3a</load_address>
         <run_address>0xe3a</run_address>
         <size>0x60</size>
         <input_file_ref idref="fl-7"/>
      </object_component>
      <object_component id="oc-31a">
         <name>.text:Crystalfontz128x128_LineDrawV</name>
         <load_address>0xe9a</load_address>
         <run_address>0xe9a</run_address>
         <size>0x60</size>
         <input_file_ref idref="fl-7"/>
      </object_component>
      <object_component id="oc-6d">
         <name>.text:Default_Handler</name>
         <load_address>0xefa</load_address>
         <run_address>0xefa</run_address>
         <size>0x2</size>
         <input_file_ref idref="fl-9"/>
      </object_component>
      <object_component id="oc-1bb">
         <name>.text:ADC14_initModule</name>
         <load_address>0xefc</load_address>
         <run_address>0xefc</run_address>
         <size>0x54</size>
         <input_file_ref idref="fl-18"/>
      </object_component>
      <object_component id="oc-1da">
         <name>.text:Crystalfontz128x128_SetOrientation</name>
         <load_address>0xf50</load_address>
         <run_address>0xf50</run_address>
         <size>0x54</size>
         <input_file_ref idref="fl-7"/>
      </object_component>
      <object_component id="oc-1e0">
         <name>.text:Graphics_initContext</name>
         <load_address>0xfa4</load_address>
         <run_address>0xfa4</run_address>
         <size>0x52</size>
         <input_file_ref idref="fl-15"/>
      </object_component>
      <object_component id="oc-13a">
         <name>.text:initGraphics</name>
         <load_address>0xff8</load_address>
         <run_address>0xff8</run_address>
         <size>0x48</size>
         <input_file_ref idref="fl-2"/>
      </object_component>
      <object_component id="oc-234">
         <name>.text:writeI2c</name>
         <load_address>0x1040</load_address>
         <run_address>0x1040</run_address>
         <size>0x48</size>
         <input_file_ref idref="fl-4"/>
      </object_component>
      <object_component id="oc-f5">
         <name>.text:__TI_auto_init_nobinit_nopinit:__TI_auto_init_nobinit_nopinit</name>
         <load_address>0x1088</load_address>
         <run_address>0x1088</run_address>
         <size>0x44</size>
         <input_file_ref idref="fl-db"/>
      </object_component>
      <object_component id="oc-308">
         <name>.text:Crystalfontz128x128_PixelDraw</name>
         <load_address>0x10cc</load_address>
         <run_address>0x10cc</run_address>
         <size>0x40</size>
         <input_file_ref idref="fl-7"/>
      </object_component>
      <object_component id="oc-384">
         <name>.text:GPIO_setAsOutputPin</name>
         <load_address>0x110c</load_address>
         <run_address>0x110c</run_address>
         <size>0x40</size>
         <input_file_ref idref="fl-19"/>
      </object_component>
      <object_component id="oc-2c4">
         <name>.text:HAL_LCD_SpiInit</name>
         <load_address>0x114c</load_address>
         <run_address>0x114c</run_address>
         <size>0x40</size>
         <input_file_ref idref="fl-8"/>
      </object_component>
      <object_component id="oc-290">
         <name>.text:I2C_masterReceiveMultiByteFinish</name>
         <load_address>0x118c</load_address>
         <run_address>0x118c</run_address>
         <size>0x40</size>
         <input_file_ref idref="fl-1a"/>
      </object_component>
      <object_component id="oc-3de">
         <name>.text:is_A_Module</name>
         <load_address>0x11cc</load_address>
         <run_address>0x11cc</run_address>
         <size>0x40</size>
         <input_file_ref idref="fl-1c"/>
      </object_component>
      <object_component id="oc-2d6">
         <name>.text:HAL_LCD_writeCommand</name>
         <load_address>0x120c</load_address>
         <run_address>0x120c</run_address>
         <size>0x38</size>
         <input_file_ref idref="fl-8"/>
      </object_component>
      <object_component id="oc-27e">
         <name>.text:I2C_masterSendMultiByteStop</name>
         <load_address>0x1244</load_address>
         <run_address>0x1244</run_address>
         <size>0x38</size>
         <input_file_ref idref="fl-1a"/>
      </object_component>
      <object_component id="oc-1cd">
         <name>.text:ADC14_enableSampleTimer</name>
         <load_address>0x127c</load_address>
         <run_address>0x127c</run_address>
         <size>0x34</size>
         <input_file_ref idref="fl-18"/>
      </object_component>
      <object_component id="oc-34e">
         <name>.text:I2C_masterSendMultiByteNext</name>
         <load_address>0x12b0</load_address>
         <run_address>0x12b0</run_address>
         <size>0x34</size>
         <input_file_ref idref="fl-1a"/>
      </object_component>
      <object_component id="oc-55">
         <name>.text:_c_int00_noargs:_c_int00_noargs</name>
         <load_address>0x12e4</load_address>
         <run_address>0x12e4</run_address>
         <size>0x34</size>
         <input_file_ref idref="fl-d8"/>
      </object_component>
      <object_component id="oc-140">
         <name>.text:initI2c</name>
         <load_address>0x1318</load_address>
         <run_address>0x1318</run_address>
         <size>0x34</size>
         <input_file_ref idref="fl-4"/>
      </object_component>
      <object_component id="oc-2be">
         <name>.text:HAL_LCD_PortInit</name>
         <load_address>0x134c</load_address>
         <run_address>0x134c</run_address>
         <size>0x30</size>
         <input_file_ref idref="fl-8"/>
      </object_component>
      <object_component id="oc-146">
         <name>.text:initJoystick</name>
         <load_address>0x137c</load_address>
         <run_address>0x137c</run_address>
         <size>0x30</size>
         <input_file_ref idref="fl-3"/>
      </object_component>
      <object_component id="oc-159">
         <name>.text:ADC14_toggleConversionTrigger</name>
         <load_address>0x13ac</load_address>
         <run_address>0x13ac</run_address>
         <size>0x2c</size>
         <input_file_ref idref="fl-18"/>
      </object_component>
      <object_component id="oc-332">
         <name>.text:Crystalfontz128x128_ClearScreen</name>
         <load_address>0x13d8</load_address>
         <run_address>0x13d8</run_address>
         <size>0x2c</size>
         <input_file_ref idref="fl-7"/>
      </object_component>
      <object_component id="oc-2dc">
         <name>.text:HAL_LCD_writeData</name>
         <load_address>0x1404</load_address>
         <run_address>0x1404</run_address>
         <size>0x2c</size>
         <input_file_ref idref="fl-8"/>
      </object_component>
      <object_component id="oc-134">
         <name>.text:initAdc</name>
         <load_address>0x1430</load_address>
         <run_address>0x1430</run_address>
         <size>0x2a</size>
         <input_file_ref idref="fl-3"/>
      </object_component>
      <object_component id="oc-153">
         <name>.text:ADC14_enableConversion</name>
         <load_address>0x145c</load_address>
         <run_address>0x145c</run_address>
         <size>0x28</size>
         <input_file_ref idref="fl-18"/>
      </object_component>
      <object_component id="oc-326">
         <name>.text:Crystalfontz128x128_ColorTranslate</name>
         <load_address>0x1484</load_address>
         <run_address>0x1484</run_address>
         <size>0x28</size>
         <input_file_ref idref="fl-7"/>
      </object_component>
      <object_component id="oc-2d0">
         <name>.text:GPIO_setOutputHighOnPin</name>
         <load_address>0x14ac</load_address>
         <run_address>0x14ac</run_address>
         <size>0x28</size>
         <input_file_ref idref="fl-19"/>
      </object_component>
      <object_component id="oc-2ca">
         <name>.text:GPIO_setOutputLowOnPin</name>
         <load_address>0x14d4</load_address>
         <run_address>0x14d4</run_address>
         <size>0x28</size>
         <input_file_ref idref="fl-19"/>
      </object_component>
      <object_component id="oc-99">
         <name>.text:main</name>
         <load_address>0x14fc</load_address>
         <run_address>0x14fc</run_address>
         <size>0x28</size>
         <input_file_ref idref="fl-5"/>
      </object_component>
      <object_component id="oc-ca">
         <name>.text:WDT_A_holdTimer</name>
         <load_address>0x1524</load_address>
         <run_address>0x1524</run_address>
         <size>0x24</size>
         <input_file_ref idref="fl-1d"/>
      </object_component>
      <object_component id="oc-1c1">
         <name>.text:ADC14_setResolution</name>
         <load_address>0x1548</load_address>
         <run_address>0x1548</run_address>
         <size>0x20</size>
         <input_file_ref idref="fl-18"/>
      </object_component>
      <object_component id="oc-160">
         <name>.text:ADC14_getResult</name>
         <load_address>0x1568</load_address>
         <run_address>0x1568</run_address>
         <size>0x1c</size>
         <input_file_ref idref="fl-18"/>
      </object_component>
      <object_component id="oc-266">
         <name>.text:I2C_setMode</name>
         <load_address>0x1584</load_address>
         <run_address>0x1584</run_address>
         <size>0x1c</size>
         <input_file_ref idref="fl-1a"/>
      </object_component>
      <object_component id="oc-391">
         <name>.text:SPI_enableModule</name>
         <load_address>0x15a0</load_address>
         <run_address>0x15a0</run_address>
         <size>0x1c</size>
         <input_file_ref idref="fl-1c"/>
      </object_component>
      <object_component id="oc-43">
         <name>.text:decompress:ZI:__TI_zero_init_nomemset:__TI_zero_init_nomemset</name>
         <load_address>0x15bc</load_address>
         <run_address>0x15bc</run_address>
         <size>0x1c</size>
         <input_file_ref idref="fl-d5"/>
      </object_component>
      <object_component id="oc-dc">
         <name>.text:getJoystickSample</name>
         <load_address>0x15d8</load_address>
         <run_address>0x15d8</run_address>
         <size>0x1c</size>
         <input_file_ref idref="fl-3"/>
      </object_component>
      <object_component id="oc-168">
         <name>.text:setSlaveI2c</name>
         <load_address>0x15f4</load_address>
         <run_address>0x15f4</run_address>
         <size>0x1c</size>
         <input_file_ref idref="fl-4"/>
      </object_component>
      <object_component id="oc-2fd">
         <name>.text:Graphics_clearDisplayOnDisplay</name>
         <load_address>0x1610</load_address>
         <run_address>0x1610</run_address>
         <size>0x1a</size>
         <input_file_ref idref="fl-16"/>
      </object_component>
      <object_component id="oc-1ec">
         <name>.text:Graphics_setBackgroundColor</name>
         <load_address>0x162a</load_address>
         <run_address>0x162a</run_address>
         <size>0x1a</size>
         <input_file_ref idref="fl-15"/>
      </object_component>
      <object_component id="oc-1f2">
         <name>.text:Graphics_setFont</name>
         <load_address>0x1644</load_address>
         <run_address>0x1644</run_address>
         <size>0x1a</size>
         <input_file_ref idref="fl-15"/>
      </object_component>
      <object_component id="oc-284">
         <name>.text:I2C_masterReceiveStart</name>
         <load_address>0x165e</load_address>
         <run_address>0x165e</run_address>
         <size>0x1a</size>
         <input_file_ref idref="fl-1a"/>
      </object_component>
      <object_component id="oc-278">
         <name>.text:I2C_getInterruptStatus</name>
         <load_address>0x1678</load_address>
         <run_address>0x1678</run_address>
         <size>0x18</size>
         <input_file_ref idref="fl-1a"/>
      </object_component>
      <object_component id="oc-26c">
         <name>.text:I2C_isBusBusy</name>
         <load_address>0x1690</load_address>
         <run_address>0x1690</run_address>
         <size>0x18</size>
         <input_file_ref idref="fl-1a"/>
      </object_component>
      <object_component id="oc-d0">
         <name>.text:init</name>
         <load_address>0x16a8</load_address>
         <run_address>0x16a8</run_address>
         <size>0x18</size>
         <input_file_ref idref="fl-5"/>
      </object_component>
      <object_component id="oc-3e6">
         <name>.text:EUSCI_A_SPI_enable</name>
         <load_address>0x16c0</load_address>
         <run_address>0x16c0</run_address>
         <size>0x16</size>
         <input_file_ref idref="fl-1c"/>
      </object_component>
      <object_component id="oc-3ec">
         <name>.text:EUSCI_B_SPI_enable</name>
         <load_address>0x16d6</load_address>
         <run_address>0x16d6</run_address>
         <size>0x16</size>
         <input_file_ref idref="fl-1c"/>
      </object_component>
      <object_component id="oc-1e6">
         <name>.text:Graphics_setForegroundColor</name>
         <load_address>0x16ec</load_address>
         <run_address>0x16ec</run_address>
         <size>0x16</size>
         <input_file_ref idref="fl-15"/>
      </object_component>
      <object_component id="oc-2f4">
         <name>.text:Graphics_translateColorOnDisplay</name>
         <load_address>0x1702</load_address>
         <run_address>0x1702</run_address>
         <size>0x16</size>
         <input_file_ref idref="fl-16"/>
      </object_component>
      <object_component id="oc-25f">
         <name>.text:I2C_clearInterruptFlag</name>
         <load_address>0x1718</load_address>
         <run_address>0x1718</run_address>
         <size>0x16</size>
         <input_file_ref idref="fl-1a"/>
      </object_component>
      <object_component id="oc-217">
         <name>.text:I2C_disableModule</name>
         <load_address>0x172e</load_address>
         <run_address>0x172e</run_address>
         <size>0x16</size>
         <input_file_ref idref="fl-1a"/>
      </object_component>
      <object_component id="oc-21d">
         <name>.text:I2C_enableModule</name>
         <load_address>0x1744</load_address>
         <run_address>0x1744</run_address>
         <size>0x16</size>
         <input_file_ref idref="fl-1a"/>
      </object_component>
      <object_component id="oc-28a">
         <name>.text:I2C_masterReceiveMultiByteNext</name>
         <load_address>0x175a</load_address>
         <run_address>0x175a</run_address>
         <size>0x14</size>
         <input_file_ref idref="fl-1a"/>
      </object_component>
      <object_component id="oc-259">
         <name>.text:I2C_setSlaveAddress</name>
         <load_address>0x176e</load_address>
         <run_address>0x176e</run_address>
         <size>0x14</size>
         <input_file_ref idref="fl-1a"/>
      </object_component>
      <object_component id="oc-14c">
         <name>.text:initLightSensor</name>
         <load_address>0x1782</load_address>
         <run_address>0x1782</run_address>
         <size>0x14</size>
         <input_file_ref idref="fl-4"/>
      </object_component>
      <object_component id="oc-1f8">
         <name>.text:Graphics_clearDisplay</name>
         <load_address>0x1796</load_address>
         <run_address>0x1796</run_address>
         <size>0x12</size>
         <input_file_ref idref="fl-15"/>
      </object_component>
      <object_component id="oc-23b">
         <name>.text:ADCIsConversionRunning</name>
         <load_address>0x17a8</load_address>
         <run_address>0x17a8</run_address>
         <size>0x10</size>
         <input_file_ref idref="fl-18"/>
      </object_component>
      <object_component id="oc-1d">
         <name>.text:decompress:none:__TI_decompress_none</name>
         <load_address>0x17b8</load_address>
         <run_address>0x17b8</run_address>
         <size>0xe</size>
         <input_file_ref idref="fl-d6"/>
      </object_component>
      <object_component id="oc-1b5">
         <name>.text:ADC14_enableModule</name>
         <load_address>0x17c8</load_address>
         <run_address>0x17c8</run_address>
         <size>0xc</size>
         <input_file_ref idref="fl-18"/>
      </object_component>
      <object_component id="oc-67">
         <name>.text:Reset_Handler</name>
         <load_address>0x17d4</load_address>
         <run_address>0x17d4</run_address>
         <size>0xc</size>
         <input_file_ref idref="fl-9"/>
      </object_component>
      <object_component id="oc-d6">
         <name>.text:startAdc</name>
         <load_address>0x17e0</load_address>
         <run_address>0x17e0</run_address>
         <size>0xc</size>
         <input_file_ref idref="fl-3"/>
      </object_component>
      <object_component id="oc-32c">
         <name>.text:Crystalfontz128x128_Flush</name>
         <load_address>0x17ec</load_address>
         <run_address>0x17ec</run_address>
         <size>0xa</size>
         <input_file_ref idref="fl-7"/>
      </object_component>
      <object_component id="oc-93">
         <name>.text:_system_pre_init</name>
         <load_address>0x17f6</load_address>
         <run_address>0x17f6</run_address>
         <size>0x4</size>
         <input_file_ref idref="fl-dc"/>
      </object_component>
      <object_component id="oc-e9">
         <name>.text:abort:abort</name>
         <load_address>0x17fa</load_address>
         <run_address>0x17fa</run_address>
         <size>0x4</size>
         <input_file_ref idref="fl-de"/>
      </object_component>
      <object_component id="oc-33a">
         <name>.const:.string:g_pucFontFixed6x8Data</name>
         <load_address>0x1800</load_address>
         <run_address>0x1800</run_address>
         <size>0x2f8</size>
         <input_file_ref idref="fl-17"/>
      </object_component>
      <object_component id="oc-207">
         <name>.const:g_sFontFixed6x8</name>
         <load_address>0x1af8</load_address>
         <run_address>0x1af8</run_address>
         <size>0xc8</size>
         <input_file_ref idref="fl-17"/>
      </object_component>
      <object_component id="oc-249">
         <name>.const:_ctlRegs</name>
         <load_address>0x1bc0</load_address>
         <run_address>0x1bc0</run_address>
         <size>0x80</size>
         <input_file_ref idref="fl-18"/>
      </object_component>
      <object_component id="oc-340">
         <name>.const:GPIO_PORT_TO_BASE</name>
         <load_address>0x1c40</load_address>
         <run_address>0x1c40</run_address>
         <size>0x30</size>
         <input_file_ref idref="fl-19"/>
      </object_component>
      <object_component id="oc-204">
         <name>.const:g_sCrystalfontz128x128_funcs</name>
         <load_address>0x1c70</load_address>
         <run_address>0x1c70</run_address>
         <size>0x20</size>
         <input_file_ref idref="fl-7"/>
      </object_component>
      <object_component id="oc-397">
         <name>.const:$P$T0$1</name>
         <load_address>0x1c90</load_address>
         <run_address>0x1c90</run_address>
         <size>0x1c</size>
         <input_file_ref idref="fl-8"/>
      </object_component>
      <object_component id="oc-223">
         <name>.const:i2cConfig</name>
         <load_address>0x1cac</load_address>
         <run_address>0x1cac</run_address>
         <size>0x14</size>
         <input_file_ref idref="fl-4"/>
      </object_component>
      <object_component id="oc-3b6">
         <name>.const:$P$T0$1</name>
         <load_address>0x1cc0</load_address>
         <run_address>0x1cc0</run_address>
         <size>0x8</size>
         <input_file_ref idref="fl-7"/>
      </object_component>
      <object_component id="oc-439">
         <name>.cinit..data.load</name>
         <load_address>0x1cc8</load_address>
         <run_address>0x1cc8</run_address>
         <size>0xd</size>
      </object_component>
      <object_component id="oc-437">
         <name>__TI_handler_table</name>
         <load_address>0x1cd8</load_address>
         <run_address>0x1cd8</run_address>
         <size>0xc</size>
      </object_component>
      <object_component id="oc-43a">
         <name>.cinit..bss.load</name>
         <load_address>0x1ce8</load_address>
         <run_address>0x1ce8</run_address>
         <size>0x8</size>
      </object_component>
      <object_component id="oc-438">
         <name>__TI_cinit_table</name>
         <load_address>0x1cf0</load_address>
         <run_address>0x1cf0</run_address>
         <size>0x10</size>
      </object_component>
      <object_component id="oc-40b">
         <name>.binit</name>
         <load_address>0x0</load_address>
         <run_address>0x0</run_address>
         <size>0x0</size>
      </object_component>
      <object_component id="oc-201">
         <name>.data:g_sCrystalfontz128x128</name>
         <load_address>0x20000028</load_address>
         <run_address>0x20000028</run_address>
         <size>0x10</size>
         <input_file_ref idref="fl-7"/>
      </object_component>
      <object_component id="oc-1fe">
         <name>.bss:g_sContext</name>
         <uninitialized>true</uninitialized>
         <run_address>0x20000000</run_address>
         <size>0x1c</size>
         <input_file_ref idref="fl-2"/>
      </object_component>
      <object_component id="oc-2f1">
         <name>.common:Lcd_Orientation</name>
         <uninitialized>true</uninitialized>
         <run_address>0x20000024</run_address>
         <size>0x1</size>
      </object_component>
      <object_component id="oc-2e8">
         <name>.common:Lcd_ScreenWidth</name>
         <uninitialized>true</uninitialized>
         <run_address>0x2000001e</run_address>
         <size>0x2</size>
      </object_component>
      <object_component id="oc-2eb">
         <name>.common:Lcd_ScreenHeigth</name>
         <uninitialized>true</uninitialized>
         <run_address>0x2000001c</run_address>
         <size>0x2</size>
      </object_component>
      <object_component id="oc-2ec">
         <name>.common:Lcd_PenSolid</name>
         <uninitialized>true</uninitialized>
         <run_address>0x20000025</run_address>
         <size>0x1</size>
      </object_component>
      <object_component id="oc-2ed">
         <name>.common:Lcd_FontSolid</name>
         <uninitialized>true</uninitialized>
         <run_address>0x20000023</run_address>
         <size>0x1</size>
      </object_component>
      <object_component id="oc-2ee">
         <name>.common:Lcd_FlagRead</name>
         <uninitialized>true</uninitialized>
         <run_address>0x20000022</run_address>
         <size>0x1</size>
      </object_component>
      <object_component id="oc-2ef">
         <name>.common:Lcd_TouchTrim</name>
         <uninitialized>true</uninitialized>
         <run_address>0x20000020</run_address>
         <size>0x2</size>
      </object_component>
      <object_component id="oc-29">
         <name>.stack</name>
         <uninitialized>true</uninitialized>
         <run_address>0x2000fe00</run_address>
         <size>0x4</size>
         <input_file_ref idref="fl-d8"/>
      </object_component>
      <object_component id="oc-43c">
         <name>.stack</name>
         <uninitialized>true</uninitialized>
         <run_address>0x2000fe00</run_address>
         <size>0x0</size>
      </object_component>
      <object_component id="oc-12d">
         <name>.debug_info</name>
         <load_address>0x0</load_address>
         <run_address>0x0</run_address>
         <size>0x96a</size>
         <input_file_ref idref="fl-2"/>
      </object_component>
      <object_component id="oc-1ff">
         <name>.debug_info</name>
         <load_address>0x96a</load_address>
         <run_address>0x96a</run_address>
         <size>0x10f</size>
         <input_file_ref idref="fl-2"/>
      </object_component>
      <object_component id="oc-13b">
         <name>.debug_info</name>
         <load_address>0xa79</load_address>
         <run_address>0xa79</run_address>
         <size>0x220</size>
         <input_file_ref idref="fl-2"/>
      </object_component>
      <object_component id="oc-b5">
         <name>.debug_info</name>
         <load_address>0xc99</load_address>
         <run_address>0xc99</run_address>
         <size>0x26b</size>
         <input_file_ref idref="fl-2"/>
      </object_component>
      <object_component id="oc-1a6">
         <name>.debug_info</name>
         <load_address>0xf04</load_address>
         <run_address>0xf04</run_address>
         <size>0x1055</size>
         <input_file_ref idref="fl-2"/>
      </object_component>
      <object_component id="oc-1a1">
         <name>.debug_info</name>
         <load_address>0x1f59</load_address>
         <run_address>0x1f59</run_address>
         <size>0x37e2</size>
         <input_file_ref idref="fl-2"/>
      </object_component>
      <object_component id="oc-3d4">
         <name>.debug_info</name>
         <load_address>0x573b</load_address>
         <run_address>0x573b</run_address>
         <size>0x9a</size>
         <input_file_ref idref="fl-2"/>
      </object_component>
      <object_component id="oc-1ab">
         <name>.debug_info</name>
         <load_address>0x57d5</load_address>
         <run_address>0x57d5</run_address>
         <size>0x439</size>
         <input_file_ref idref="fl-2"/>
      </object_component>
      <object_component id="oc-32">
         <name>.debug_info</name>
         <load_address>0x5c0e</load_address>
         <run_address>0x5c0e</run_address>
         <size>0x84</size>
         <input_file_ref idref="fl-2"/>
      </object_component>
      <object_component id="oc-128">
         <name>.debug_info</name>
         <load_address>0x5c92</load_address>
         <run_address>0x5c92</run_address>
         <size>0x2a4</size>
         <input_file_ref idref="fl-2"/>
      </object_component>
      <object_component id="oc-254">
         <name>.debug_info</name>
         <load_address>0x5f36</load_address>
         <run_address>0x5f36</run_address>
         <size>0xef</size>
         <input_file_ref idref="fl-2"/>
      </object_component>
      <object_component id="oc-17a">
         <name>.debug_info</name>
         <load_address>0x6025</load_address>
         <run_address>0x6025</run_address>
         <size>0xbb</size>
         <input_file_ref idref="fl-2"/>
      </object_component>
      <object_component id="oc-39b">
         <name>.debug_info</name>
         <load_address>0x60e0</load_address>
         <run_address>0x60e0</run_address>
         <size>0x131</size>
         <input_file_ref idref="fl-2"/>
      </object_component>
      <object_component id="oc-167">
         <name>.debug_info</name>
         <load_address>0x6211</load_address>
         <run_address>0x6211</run_address>
         <size>0x850</size>
         <input_file_ref idref="fl-3"/>
      </object_component>
      <object_component id="oc-136">
         <name>.debug_info</name>
         <load_address>0x6a61</load_address>
         <run_address>0x6a61</run_address>
         <size>0x1cb</size>
         <input_file_ref idref="fl-3"/>
      </object_component>
      <object_component id="oc-d9">
         <name>.debug_info</name>
         <load_address>0x6c2c</load_address>
         <run_address>0x6c2c</run_address>
         <size>0x17f</size>
         <input_file_ref idref="fl-3"/>
      </object_component>
      <object_component id="oc-148">
         <name>.debug_info</name>
         <load_address>0x6dab</load_address>
         <run_address>0x6dab</run_address>
         <size>0x1f4</size>
         <input_file_ref idref="fl-3"/>
      </object_component>
      <object_component id="oc-dd">
         <name>.debug_info</name>
         <load_address>0x6f9f</load_address>
         <run_address>0x6f9f</run_address>
         <size>0x1aa</size>
         <input_file_ref idref="fl-3"/>
      </object_component>
      <object_component id="oc-175">
         <name>.debug_info</name>
         <load_address>0x7149</load_address>
         <run_address>0x7149</run_address>
         <size>0x8b</size>
         <input_file_ref idref="fl-3"/>
      </object_component>
      <object_component id="oc-34a">
         <name>.debug_info</name>
         <load_address>0x71d4</load_address>
         <run_address>0x71d4</run_address>
         <size>0x9d9</size>
         <input_file_ref idref="fl-4"/>
      </object_component>
      <object_component id="oc-224">
         <name>.debug_info</name>
         <load_address>0x7bad</load_address>
         <run_address>0x7bad</run_address>
         <size>0x112</size>
         <input_file_ref idref="fl-4"/>
      </object_component>
      <object_component id="oc-142">
         <name>.debug_info</name>
         <load_address>0x7cbf</load_address>
         <run_address>0x7cbf</run_address>
         <size>0x1f0</size>
         <input_file_ref idref="fl-4"/>
      </object_component>
      <object_component id="oc-170">
         <name>.debug_info</name>
         <load_address>0x7eaf</load_address>
         <run_address>0x7eaf</run_address>
         <size>0x2e9</size>
         <input_file_ref idref="fl-4"/>
      </object_component>
      <object_component id="oc-236">
         <name>.debug_info</name>
         <load_address>0x8198</load_address>
         <run_address>0x8198</run_address>
         <size>0x248</size>
         <input_file_ref idref="fl-4"/>
      </object_component>
      <object_component id="oc-169">
         <name>.debug_info</name>
         <load_address>0x83e0</load_address>
         <run_address>0x83e0</run_address>
         <size>0x1b6</size>
         <input_file_ref idref="fl-4"/>
      </object_component>
      <object_component id="oc-14d">
         <name>.debug_info</name>
         <load_address>0x8596</load_address>
         <run_address>0x8596</run_address>
         <size>0x179</size>
         <input_file_ref idref="fl-4"/>
      </object_component>
      <object_component id="oc-e3">
         <name>.debug_info</name>
         <load_address>0x870f</load_address>
         <run_address>0x870f</run_address>
         <size>0x1b8</size>
         <input_file_ref idref="fl-4"/>
      </object_component>
      <object_component id="oc-d1">
         <name>.debug_info</name>
         <load_address>0x88c7</load_address>
         <run_address>0x88c7</run_address>
         <size>0x182</size>
         <input_file_ref idref="fl-5"/>
      </object_component>
      <object_component id="oc-9a">
         <name>.debug_info</name>
         <load_address>0x8a49</load_address>
         <run_address>0x8a49</run_address>
         <size>0x1b5</size>
         <input_file_ref idref="fl-5"/>
      </object_component>
      <object_component id="oc-ac">
         <name>.debug_info</name>
         <load_address>0x8bfe</load_address>
         <run_address>0x8bfe</run_address>
         <size>0x163</size>
         <input_file_ref idref="fl-6"/>
      </object_component>
      <object_component id="oc-2e9">
         <name>.debug_info</name>
         <load_address>0x8d61</load_address>
         <run_address>0x8d61</run_address>
         <size>0x961</size>
         <input_file_ref idref="fl-7"/>
      </object_component>
      <object_component id="oc-202">
         <name>.debug_info</name>
         <load_address>0x96c2</load_address>
         <run_address>0x96c2</run_address>
         <size>0x145</size>
         <input_file_ref idref="fl-7"/>
      </object_component>
      <object_component id="oc-205">
         <name>.debug_info</name>
         <load_address>0x9807</load_address>
         <run_address>0x9807</run_address>
         <size>0x151</size>
         <input_file_ref idref="fl-7"/>
      </object_component>
      <object_component id="oc-3b7">
         <name>.debug_info</name>
         <load_address>0x9958</load_address>
         <run_address>0x9958</run_address>
         <size>0x126</size>
         <input_file_ref idref="fl-7"/>
      </object_component>
      <object_component id="oc-1d7">
         <name>.debug_info</name>
         <load_address>0x9a7e</load_address>
         <run_address>0x9a7e</run_address>
         <size>0x418</size>
         <input_file_ref idref="fl-7"/>
      </object_component>
      <object_component id="oc-2e5">
         <name>.debug_info</name>
         <load_address>0x9e96</load_address>
         <run_address>0x9e96</run_address>
         <size>0x324</size>
         <input_file_ref idref="fl-7"/>
      </object_component>
      <object_component id="oc-1dd">
         <name>.debug_info</name>
         <load_address>0xa1ba</load_address>
         <run_address>0xa1ba</run_address>
         <size>0x280</size>
         <input_file_ref idref="fl-7"/>
      </object_component>
      <object_component id="oc-30b">
         <name>.debug_info</name>
         <load_address>0xa43a</load_address>
         <run_address>0xa43a</run_address>
         <size>0x2c5</size>
         <input_file_ref idref="fl-7"/>
      </object_component>
      <object_component id="oc-311">
         <name>.debug_info</name>
         <load_address>0xa6ff</load_address>
         <run_address>0xa6ff</run_address>
         <size>0x428</size>
         <input_file_ref idref="fl-7"/>
      </object_component>
      <object_component id="oc-317">
         <name>.debug_info</name>
         <load_address>0xab27</load_address>
         <run_address>0xab27</run_address>
         <size>0x2e0</size>
         <input_file_ref idref="fl-7"/>
      </object_component>
      <object_component id="oc-31d">
         <name>.debug_info</name>
         <load_address>0xae07</load_address>
         <run_address>0xae07</run_address>
         <size>0x2e0</size>
         <input_file_ref idref="fl-7"/>
      </object_component>
      <object_component id="oc-323">
         <name>.debug_info</name>
         <load_address>0xb0e7</load_address>
         <run_address>0xb0e7</run_address>
         <size>0x311</size>
         <input_file_ref idref="fl-7"/>
      </object_component>
      <object_component id="oc-329">
         <name>.debug_info</name>
         <load_address>0xb3f8</load_address>
         <run_address>0xb3f8</run_address>
         <size>0x22e</size>
         <input_file_ref idref="fl-7"/>
      </object_component>
      <object_component id="oc-32f">
         <name>.debug_info</name>
         <load_address>0xb626</load_address>
         <run_address>0xb626</run_address>
         <size>0x1e9</size>
         <input_file_ref idref="fl-7"/>
      </object_component>
      <object_component id="oc-335">
         <name>.debug_info</name>
         <load_address>0xb80f</load_address>
         <run_address>0xb80f</run_address>
         <size>0x259</size>
         <input_file_ref idref="fl-7"/>
      </object_component>
      <object_component id="oc-3a7">
         <name>.debug_info</name>
         <load_address>0xba68</load_address>
         <run_address>0xba68</run_address>
         <size>0x37e2</size>
         <input_file_ref idref="fl-7"/>
      </object_component>
      <object_component id="oc-3f5">
         <name>.debug_info</name>
         <load_address>0xf24a</load_address>
         <run_address>0xf24a</run_address>
         <size>0x8a7</size>
         <input_file_ref idref="fl-8"/>
      </object_component>
      <object_component id="oc-398">
         <name>.debug_info</name>
         <load_address>0xfaf1</load_address>
         <run_address>0xfaf1</run_address>
         <size>0x139</size>
         <input_file_ref idref="fl-8"/>
      </object_component>
      <object_component id="oc-2c1">
         <name>.debug_info</name>
         <load_address>0xfc2a</load_address>
         <run_address>0xfc2a</run_address>
         <size>0x290</size>
         <input_file_ref idref="fl-8"/>
      </object_component>
      <object_component id="oc-2c7">
         <name>.debug_info</name>
         <load_address>0xfeba</load_address>
         <run_address>0xfeba</run_address>
         <size>0x259</size>
         <input_file_ref idref="fl-8"/>
      </object_component>
      <object_component id="oc-2d7">
         <name>.debug_info</name>
         <load_address>0x10113</load_address>
         <run_address>0x10113</run_address>
         <size>0x250</size>
         <input_file_ref idref="fl-8"/>
      </object_component>
      <object_component id="oc-2dd">
         <name>.debug_info</name>
         <load_address>0x10363</load_address>
         <run_address>0x10363</run_address>
         <size>0x203</size>
         <input_file_ref idref="fl-8"/>
      </object_component>
      <object_component id="oc-75">
         <name>.debug_info</name>
         <load_address>0x10566</load_address>
         <run_address>0x10566</run_address>
         <size>0x303</size>
         <input_file_ref idref="fl-9"/>
      </object_component>
      <object_component id="oc-27">
         <name>.debug_info</name>
         <load_address>0x10869</load_address>
         <run_address>0x10869</run_address>
         <size>0x12f</size>
         <input_file_ref idref="fl-9"/>
      </object_component>
      <object_component id="oc-6a">
         <name>.debug_info</name>
         <load_address>0x10998</load_address>
         <run_address>0x10998</run_address>
         <size>0x192</size>
         <input_file_ref idref="fl-9"/>
      </object_component>
      <object_component id="oc-6f">
         <name>.debug_info</name>
         <load_address>0x10b2a</load_address>
         <run_address>0x10b2a</run_address>
         <size>0x17a</size>
         <input_file_ref idref="fl-9"/>
      </object_component>
      <object_component id="oc-2b8">
         <name>.debug_info</name>
         <load_address>0x10ca4</load_address>
         <run_address>0x10ca4</run_address>
         <size>0x561</size>
         <input_file_ref idref="fl-15"/>
      </object_component>
      <object_component id="oc-1e4">
         <name>.debug_info</name>
         <load_address>0x11205</load_address>
         <run_address>0x11205</run_address>
         <size>0x1ef</size>
         <input_file_ref idref="fl-15"/>
      </object_component>
      <object_component id="oc-1f0">
         <name>.debug_info</name>
         <load_address>0x113f4</load_address>
         <run_address>0x113f4</run_address>
         <size>0x203</size>
         <input_file_ref idref="fl-15"/>
      </object_component>
      <object_component id="oc-1f6">
         <name>.debug_info</name>
         <load_address>0x115f7</load_address>
         <run_address>0x115f7</run_address>
         <size>0x1d0</size>
         <input_file_ref idref="fl-15"/>
      </object_component>
      <object_component id="oc-1e8">
         <name>.debug_info</name>
         <load_address>0x117c7</load_address>
         <run_address>0x117c7</run_address>
         <size>0x1f6</size>
         <input_file_ref idref="fl-15"/>
      </object_component>
      <object_component id="oc-1f9">
         <name>.debug_info</name>
         <load_address>0x119bd</load_address>
         <run_address>0x119bd</run_address>
         <size>0x1c3</size>
         <input_file_ref idref="fl-15"/>
      </object_component>
      <object_component id="oc-37f">
         <name>.debug_info</name>
         <load_address>0x11b80</load_address>
         <run_address>0x11b80</run_address>
         <size>0x26b</size>
         <input_file_ref idref="fl-15"/>
      </object_component>
      <object_component id="oc-37a">
         <name>.debug_info</name>
         <load_address>0x11deb</load_address>
         <run_address>0x11deb</run_address>
         <size>0x439</size>
         <input_file_ref idref="fl-15"/>
      </object_component>
      <object_component id="oc-1b0">
         <name>.debug_info</name>
         <load_address>0x12224</load_address>
         <run_address>0x12224</run_address>
         <size>0x297</size>
         <input_file_ref idref="fl-15"/>
      </object_component>
      <object_component id="oc-24d">
         <name>.debug_info</name>
         <load_address>0x124bb</load_address>
         <run_address>0x124bb</run_address>
         <size>0xef</size>
         <input_file_ref idref="fl-15"/>
      </object_component>
      <object_component id="oc-12f">
         <name>.debug_info</name>
         <load_address>0x125aa</load_address>
         <run_address>0x125aa</run_address>
         <size>0xbb</size>
         <input_file_ref idref="fl-15"/>
      </object_component>
      <object_component id="oc-3ad">
         <name>.debug_info</name>
         <load_address>0x12665</load_address>
         <run_address>0x12665</run_address>
         <size>0x3fb</size>
         <input_file_ref idref="fl-16"/>
      </object_component>
      <object_component id="oc-2f8">
         <name>.debug_info</name>
         <load_address>0x12a60</load_address>
         <run_address>0x12a60</run_address>
         <size>0x1e3</size>
         <input_file_ref idref="fl-16"/>
      </object_component>
      <object_component id="oc-300">
         <name>.debug_info</name>
         <load_address>0x12c43</load_address>
         <run_address>0x12c43</run_address>
         <size>0x1db</size>
         <input_file_ref idref="fl-16"/>
      </object_component>
      <object_component id="oc-33f">
         <name>.debug_info</name>
         <load_address>0x12e1e</load_address>
         <run_address>0x12e1e</run_address>
         <size>0x27c</size>
         <input_file_ref idref="fl-17"/>
      </object_component>
      <object_component id="oc-33b">
         <name>.debug_info</name>
         <load_address>0x1309a</load_address>
         <run_address>0x1309a</run_address>
         <size>0x13a</size>
         <input_file_ref idref="fl-17"/>
      </object_component>
      <object_component id="oc-208">
         <name>.debug_info</name>
         <load_address>0x131d4</load_address>
         <run_address>0x131d4</run_address>
         <size>0x12f</size>
         <input_file_ref idref="fl-17"/>
      </object_component>
      <object_component id="oc-34c">
         <name>.debug_info</name>
         <load_address>0x13303</load_address>
         <run_address>0x13303</run_address>
         <size>0x702</size>
         <input_file_ref idref="fl-18"/>
      </object_component>
      <object_component id="oc-24a">
         <name>.debug_info</name>
         <load_address>0x13a05</load_address>
         <run_address>0x13a05</run_address>
         <size>0x120</size>
         <input_file_ref idref="fl-18"/>
      </object_component>
      <object_component id="oc-247">
         <name>.debug_info</name>
         <load_address>0x13b25</load_address>
         <run_address>0x13b25</run_address>
         <size>0x1d5</size>
         <input_file_ref idref="fl-18"/>
      </object_component>
      <object_component id="oc-23f">
         <name>.debug_info</name>
         <load_address>0x13cfa</load_address>
         <run_address>0x13cfa</run_address>
         <size>0x1b4</size>
         <input_file_ref idref="fl-18"/>
      </object_component>
      <object_component id="oc-1b9">
         <name>.debug_info</name>
         <load_address>0x13eae</load_address>
         <run_address>0x13eae</run_address>
         <size>0x1a9</size>
         <input_file_ref idref="fl-18"/>
      </object_component>
      <object_component id="oc-1d1">
         <name>.debug_info</name>
         <load_address>0x14057</load_address>
         <run_address>0x14057</run_address>
         <size>0x22f</size>
         <input_file_ref idref="fl-18"/>
      </object_component>
      <object_component id="oc-1bf">
         <name>.debug_info</name>
         <load_address>0x14286</load_address>
         <run_address>0x14286</run_address>
         <size>0x2f6</size>
         <input_file_ref idref="fl-18"/>
      </object_component>
      <object_component id="oc-1c5">
         <name>.debug_info</name>
         <load_address>0x1457c</load_address>
         <run_address>0x1457c</run_address>
         <size>0x1e6</size>
         <input_file_ref idref="fl-18"/>
      </object_component>
      <object_component id="oc-1cb">
         <name>.debug_info</name>
         <load_address>0x14762</load_address>
         <run_address>0x14762</run_address>
         <size>0x2e4</size>
         <input_file_ref idref="fl-18"/>
      </object_component>
      <object_component id="oc-157">
         <name>.debug_info</name>
         <load_address>0x14a46</load_address>
         <run_address>0x14a46</run_address>
         <size>0x1d5</size>
         <input_file_ref idref="fl-18"/>
      </object_component>
      <object_component id="oc-15d">
         <name>.debug_info</name>
         <load_address>0x14c1b</load_address>
         <run_address>0x14c1b</run_address>
         <size>0x1c6</size>
         <input_file_ref idref="fl-18"/>
      </object_component>
      <object_component id="oc-22b">
         <name>.debug_info</name>
         <load_address>0x14de1</load_address>
         <run_address>0x14de1</run_address>
         <size>0x357</size>
         <input_file_ref idref="fl-18"/>
      </object_component>
      <object_component id="oc-164">
         <name>.debug_info</name>
         <load_address>0x15138</load_address>
         <run_address>0x15138</run_address>
         <size>0x20b</size>
         <input_file_ref idref="fl-18"/>
      </object_component>
      <object_component id="oc-3c8">
         <name>.debug_info</name>
         <load_address>0x15343</load_address>
         <run_address>0x15343</run_address>
         <size>0x431a</size>
         <input_file_ref idref="fl-18"/>
      </object_component>
      <object_component id="oc-3cd">
         <name>.debug_info</name>
         <load_address>0x1965d</load_address>
         <run_address>0x1965d</run_address>
         <size>0x1055</size>
         <input_file_ref idref="fl-18"/>
      </object_component>
      <object_component id="oc-3c0">
         <name>.debug_info</name>
         <load_address>0x1a6b2</load_address>
         <run_address>0x1a6b2</run_address>
         <size>0x6fd</size>
         <input_file_ref idref="fl-19"/>
      </object_component>
      <object_component id="oc-341">
         <name>.debug_info</name>
         <load_address>0x1adaf</load_address>
         <run_address>0x1adaf</run_address>
         <size>0x131</size>
         <input_file_ref idref="fl-19"/>
      </object_component>
      <object_component id="oc-387">
         <name>.debug_info</name>
         <load_address>0x1aee0</load_address>
         <run_address>0x1aee0</run_address>
         <size>0x24e</size>
         <input_file_ref idref="fl-19"/>
      </object_component>
      <object_component id="oc-20c">
         <name>.debug_info</name>
         <load_address>0x1b12e</load_address>
         <run_address>0x1b12e</run_address>
         <size>0x2a1</size>
         <input_file_ref idref="fl-19"/>
      </object_component>
      <object_component id="oc-22f">
         <name>.debug_info</name>
         <load_address>0x1b3cf</load_address>
         <run_address>0x1b3cf</run_address>
         <size>0x29f</size>
         <input_file_ref idref="fl-19"/>
      </object_component>
      <object_component id="oc-2d1">
         <name>.debug_info</name>
         <load_address>0x1b66e</load_address>
         <run_address>0x1b66e</run_address>
         <size>0x256</size>
         <input_file_ref idref="fl-19"/>
      </object_component>
      <object_component id="oc-2cb">
         <name>.debug_info</name>
         <load_address>0x1b8c4</load_address>
         <run_address>0x1b8c4</run_address>
         <size>0x254</size>
         <input_file_ref idref="fl-19"/>
      </object_component>
      <object_component id="oc-345">
         <name>.debug_info</name>
         <load_address>0x1bb18</load_address>
         <run_address>0x1bb18</run_address>
         <size>0x6ec</size>
         <input_file_ref idref="fl-1a"/>
      </object_component>
      <object_component id="oc-212">
         <name>.debug_info</name>
         <load_address>0x1c204</load_address>
         <run_address>0x1c204</run_address>
         <size>0x237</size>
         <input_file_ref idref="fl-1a"/>
      </object_component>
      <object_component id="oc-21e">
         <name>.debug_info</name>
         <load_address>0x1c43b</load_address>
         <run_address>0x1c43b</run_address>
         <size>0x1ea</size>
         <input_file_ref idref="fl-1a"/>
      </object_component>
      <object_component id="oc-218">
         <name>.debug_info</name>
         <load_address>0x1c625</load_address>
         <run_address>0x1c625</run_address>
         <size>0x1ec</size>
         <input_file_ref idref="fl-1a"/>
      </object_component>
      <object_component id="oc-25a">
         <name>.debug_info</name>
         <load_address>0x1c811</load_address>
         <run_address>0x1c811</run_address>
         <size>0x233</size>
         <input_file_ref idref="fl-1a"/>
      </object_component>
      <object_component id="oc-267">
         <name>.debug_info</name>
         <load_address>0x1ca44</load_address>
         <run_address>0x1ca44</run_address>
         <size>0x203</size>
         <input_file_ref idref="fl-1a"/>
      </object_component>
      <object_component id="oc-26d">
         <name>.debug_info</name>
         <load_address>0x1cc47</load_address>
         <run_address>0x1cc47</run_address>
         <size>0x1e8</size>
         <input_file_ref idref="fl-1a"/>
      </object_component>
      <object_component id="oc-273">
         <name>.debug_info</name>
         <load_address>0x1ce2f</load_address>
         <run_address>0x1ce2f</run_address>
         <size>0x24e</size>
         <input_file_ref idref="fl-1a"/>
      </object_component>
      <object_component id="oc-34f">
         <name>.debug_info</name>
         <load_address>0x1d07d</load_address>
         <run_address>0x1d07d</run_address>
         <size>0x22e</size>
         <input_file_ref idref="fl-1a"/>
      </object_component>
      <object_component id="oc-355">
         <name>.debug_info</name>
         <load_address>0x1d2ab</load_address>
         <run_address>0x1d2ab</run_address>
         <size>0x236</size>
         <input_file_ref idref="fl-1a"/>
      </object_component>
      <object_component id="oc-27f">
         <name>.debug_info</name>
         <load_address>0x1d4e1</load_address>
         <run_address>0x1d4e1</run_address>
         <size>0x203</size>
         <input_file_ref idref="fl-1a"/>
      </object_component>
      <object_component id="oc-285">
         <name>.debug_info</name>
         <load_address>0x1d6e4</load_address>
         <run_address>0x1d6e4</run_address>
         <size>0x1f9</size>
         <input_file_ref idref="fl-1a"/>
      </object_component>
      <object_component id="oc-28b">
         <name>.debug_info</name>
         <load_address>0x1d8dd</load_address>
         <run_address>0x1d8dd</run_address>
         <size>0x20d</size>
         <input_file_ref idref="fl-1a"/>
      </object_component>
      <object_component id="oc-291">
         <name>.debug_info</name>
         <load_address>0x1daea</load_address>
         <run_address>0x1daea</run_address>
         <size>0x211</size>
         <input_file_ref idref="fl-1a"/>
      </object_component>
      <object_component id="oc-260">
         <name>.debug_info</name>
         <load_address>0x1dcfb</load_address>
         <run_address>0x1dcfb</run_address>
         <size>0x21c</size>
         <input_file_ref idref="fl-1a"/>
      </object_component>
      <object_component id="oc-279">
         <name>.debug_info</name>
         <load_address>0x1df17</load_address>
         <run_address>0x1df17</run_address>
         <size>0x220</size>
         <input_file_ref idref="fl-1a"/>
      </object_component>
      <object_component id="oc-3c3">
         <name>.debug_info</name>
         <load_address>0x1e137</load_address>
         <run_address>0x1e137</run_address>
         <size>0x9a</size>
         <input_file_ref idref="fl-1a"/>
      </object_component>
      <object_component id="oc-3e5">
         <name>.debug_info</name>
         <load_address>0x1e1d1</load_address>
         <run_address>0x1e1d1</run_address>
         <size>0x6f0</size>
         <input_file_ref idref="fl-1c"/>
      </object_component>
      <object_component id="oc-3df">
         <name>.debug_info</name>
         <load_address>0x1e8c1</load_address>
         <run_address>0x1e8c1</run_address>
         <size>0x1c2</size>
         <input_file_ref idref="fl-1c"/>
      </object_component>
      <object_component id="oc-38c">
         <name>.debug_info</name>
         <load_address>0x1ea83</load_address>
         <run_address>0x1ea83</run_address>
         <size>0x226</size>
         <input_file_ref idref="fl-1c"/>
      </object_component>
      <object_component id="oc-392">
         <name>.debug_info</name>
         <load_address>0x1eca9</load_address>
         <run_address>0x1eca9</run_address>
         <size>0x230</size>
         <input_file_ref idref="fl-1c"/>
      </object_component>
      <object_component id="oc-3ed">
         <name>.debug_info</name>
         <load_address>0x1eed9</load_address>
         <run_address>0x1eed9</run_address>
         <size>0x1e4</size>
         <input_file_ref idref="fl-1c"/>
      </object_component>
      <object_component id="oc-3e8">
         <name>.debug_info</name>
         <load_address>0x1f0bd</load_address>
         <run_address>0x1f0bd</run_address>
         <size>0x1e4</size>
         <input_file_ref idref="fl-1c"/>
      </object_component>
      <object_component id="oc-3ff">
         <name>.debug_info</name>
         <load_address>0x1f2a1</load_address>
         <run_address>0x1f2a1</run_address>
         <size>0x131</size>
         <input_file_ref idref="fl-1c"/>
      </object_component>
      <object_component id="oc-cc">
         <name>.debug_info</name>
         <load_address>0x1f3d2</load_address>
         <run_address>0x1f3d2</run_address>
         <size>0x1c5</size>
         <input_file_ref idref="fl-1d"/>
      </object_component>
      <object_component id="oc-8c">
         <name>.debug_info</name>
         <load_address>0x1f597</load_address>
         <run_address>0x1f597</run_address>
         <size>0x2d4</size>
         <input_file_ref idref="fl-d5"/>
      </object_component>
      <object_component id="oc-44">
         <name>.debug_info</name>
         <load_address>0x1f86b</load_address>
         <run_address>0x1f86b</run_address>
         <size>0x1d2</size>
         <input_file_ref idref="fl-d5"/>
      </object_component>
      <object_component id="oc-87">
         <name>.debug_info</name>
         <load_address>0x1fa3d</load_address>
         <run_address>0x1fa3d</run_address>
         <size>0x46</size>
         <input_file_ref idref="fl-d5"/>
      </object_component>
      <object_component id="oc-c1">
         <name>.debug_info</name>
         <load_address>0x1fa83</load_address>
         <run_address>0x1fa83</run_address>
         <size>0x2c</size>
         <input_file_ref idref="fl-d5"/>
      </object_component>
      <object_component id="oc-42">
         <name>.debug_info</name>
         <load_address>0x1faaf</load_address>
         <run_address>0x1faaf</run_address>
         <size>0x2a8</size>
         <input_file_ref idref="fl-d6"/>
      </object_component>
      <object_component id="oc-1e">
         <name>.debug_info</name>
         <load_address>0x1fd57</load_address>
         <run_address>0x1fd57</run_address>
         <size>0x1ea</size>
         <input_file_ref idref="fl-d6"/>
      </object_component>
      <object_component id="oc-3d">
         <name>.debug_info</name>
         <load_address>0x1ff41</load_address>
         <run_address>0x1ff41</run_address>
         <size>0x46</size>
         <input_file_ref idref="fl-d6"/>
      </object_component>
      <object_component id="oc-7f">
         <name>.debug_info</name>
         <load_address>0x1ff87</load_address>
         <run_address>0x1ff87</run_address>
         <size>0x2c</size>
         <input_file_ref idref="fl-d6"/>
      </object_component>
      <object_component id="oc-7d">
         <name>.debug_info</name>
         <load_address>0x1ffb3</load_address>
         <run_address>0x1ffb3</run_address>
         <size>0x29e</size>
         <input_file_ref idref="fl-d7"/>
      </object_component>
      <object_component id="oc-18">
         <name>.debug_info</name>
         <load_address>0x20251</load_address>
         <run_address>0x20251</run_address>
         <size>0x250</size>
         <input_file_ref idref="fl-d7"/>
      </object_component>
      <object_component id="oc-2d">
         <name>.debug_info</name>
         <load_address>0x204a1</load_address>
         <run_address>0x204a1</run_address>
         <size>0x60</size>
         <input_file_ref idref="fl-d7"/>
      </object_component>
      <object_component id="oc-ba">
         <name>.debug_info</name>
         <load_address>0x20501</load_address>
         <run_address>0x20501</run_address>
         <size>0x46</size>
         <input_file_ref idref="fl-d7"/>
      </object_component>
      <object_component id="oc-78">
         <name>.debug_info</name>
         <load_address>0x20547</load_address>
         <run_address>0x20547</run_address>
         <size>0x39</size>
         <input_file_ref idref="fl-d7"/>
      </object_component>
      <object_component id="oc-2a">
         <name>.debug_info</name>
         <load_address>0x20580</load_address>
         <run_address>0x20580</run_address>
         <size>0x10b</size>
         <input_file_ref idref="fl-d8"/>
      </object_component>
      <object_component id="oc-56">
         <name>.debug_info</name>
         <load_address>0x2068b</load_address>
         <run_address>0x2068b</run_address>
         <size>0x1a9</size>
         <input_file_ref idref="fl-d8"/>
      </object_component>
      <object_component id="oc-38">
         <name>.debug_info</name>
         <load_address>0x20834</load_address>
         <run_address>0x20834</run_address>
         <size>0x119</size>
         <input_file_ref idref="fl-d9"/>
      </object_component>
      <object_component id="oc-18a">
         <name>.debug_info</name>
         <load_address>0x2094d</load_address>
         <run_address>0x2094d</run_address>
         <size>0x4b3</size>
         <input_file_ref idref="fl-db"/>
      </object_component>
      <object_component id="oc-f6">
         <name>.debug_info</name>
         <load_address>0x20e00</load_address>
         <run_address>0x20e00</run_address>
         <size>0x1a6</size>
         <input_file_ref idref="fl-db"/>
      </object_component>
      <object_component id="oc-2a7">
         <name>.debug_info</name>
         <load_address>0x20fa6</load_address>
         <run_address>0x20fa6</run_address>
         <size>0x39</size>
         <input_file_ref idref="fl-db"/>
      </object_component>
      <object_component id="oc-36c">
         <name>.debug_info</name>
         <load_address>0x20fdf</load_address>
         <run_address>0x20fdf</run_address>
         <size>0x39</size>
         <input_file_ref idref="fl-db"/>
      </object_component>
      <object_component id="oc-2ac">
         <name>.debug_info</name>
         <load_address>0x21018</load_address>
         <run_address>0x21018</run_address>
         <size>0x39</size>
         <input_file_ref idref="fl-db"/>
      </object_component>
      <object_component id="oc-2b1">
         <name>.debug_info</name>
         <load_address>0x21051</load_address>
         <run_address>0x21051</run_address>
         <size>0xcd</size>
         <input_file_ref idref="fl-db"/>
      </object_component>
      <object_component id="oc-94">
         <name>.debug_info</name>
         <load_address>0x2111e</load_address>
         <run_address>0x2111e</run_address>
         <size>0x153</size>
         <input_file_ref idref="fl-dc"/>
      </object_component>
      <object_component id="oc-eb">
         <name>.debug_info</name>
         <load_address>0x21271</load_address>
         <run_address>0x21271</run_address>
         <size>0x122</size>
         <input_file_ref idref="fl-de"/>
      </object_component>
      <object_component id="oc-43d">
         <name>.debug_info</name>
         <load_address>0x21393</load_address>
         <run_address>0x21393</run_address>
         <size>0xd7</size>
      </object_component>
      <object_component id="oc-1a0">
         <name>.debug_line</name>
         <load_address>0x0</load_address>
         <run_address>0x0</run_address>
         <size>0xf1</size>
         <input_file_ref idref="fl-2"/>
      </object_component>
      <object_component id="oc-305">
         <name>.debug_line</name>
         <load_address>0xf1</load_address>
         <run_address>0xf1</run_address>
         <size>0x31</size>
         <input_file_ref idref="fl-2"/>
      </object_component>
      <object_component id="oc-13e">
         <name>.debug_line</name>
         <load_address>0x122</load_address>
         <run_address>0x122</run_address>
         <size>0x4c</size>
         <input_file_ref idref="fl-2"/>
      </object_component>
      <object_component id="oc-b8">
         <name>.debug_line</name>
         <load_address>0x16e</load_address>
         <run_address>0x16e</run_address>
         <size>0x6f</size>
         <input_file_ref idref="fl-2"/>
      </object_component>
      <object_component id="oc-1a9">
         <name>.debug_line</name>
         <load_address>0x1dd</load_address>
         <run_address>0x1dd</run_address>
         <size>0x78</size>
         <input_file_ref idref="fl-2"/>
      </object_component>
      <object_component id="oc-1a4">
         <name>.debug_line</name>
         <load_address>0x255</load_address>
         <run_address>0x255</run_address>
         <size>0x7b</size>
         <input_file_ref idref="fl-2"/>
      </object_component>
      <object_component id="oc-3d7">
         <name>.debug_line</name>
         <load_address>0x2d0</load_address>
         <run_address>0x2d0</run_address>
         <size>0x79</size>
         <input_file_ref idref="fl-2"/>
      </object_component>
      <object_component id="oc-1ae">
         <name>.debug_line</name>
         <load_address>0x349</load_address>
         <run_address>0x349</run_address>
         <size>0x64</size>
         <input_file_ref idref="fl-2"/>
      </object_component>
      <object_component id="oc-35">
         <name>.debug_line</name>
         <load_address>0x3ad</load_address>
         <run_address>0x3ad</run_address>
         <size>0x20</size>
         <input_file_ref idref="fl-2"/>
      </object_component>
      <object_component id="oc-12b">
         <name>.debug_line</name>
         <load_address>0x3cd</load_address>
         <run_address>0x3cd</run_address>
         <size>0x73</size>
         <input_file_ref idref="fl-2"/>
      </object_component>
      <object_component id="oc-257">
         <name>.debug_line</name>
         <load_address>0x440</load_address>
         <run_address>0x440</run_address>
         <size>0x6f</size>
         <input_file_ref idref="fl-2"/>
      </object_component>
      <object_component id="oc-17d">
         <name>.debug_line</name>
         <load_address>0x4af</load_address>
         <run_address>0x4af</run_address>
         <size>0x70</size>
         <input_file_ref idref="fl-2"/>
      </object_component>
      <object_component id="oc-39e">
         <name>.debug_line</name>
         <load_address>0x51f</load_address>
         <run_address>0x51f</run_address>
         <size>0x79</size>
         <input_file_ref idref="fl-2"/>
      </object_component>
      <object_component id="oc-253">
         <name>.debug_line</name>
         <load_address>0x598</load_address>
         <run_address>0x598</run_address>
         <size>0xd5</size>
         <input_file_ref idref="fl-3"/>
      </object_component>
      <object_component id="oc-139">
         <name>.debug_line</name>
         <load_address>0x66d</load_address>
         <run_address>0x66d</run_address>
         <size>0x4a</size>
         <input_file_ref idref="fl-3"/>
      </object_component>
      <object_component id="oc-d8">
         <name>.debug_line</name>
         <load_address>0x6b7</load_address>
         <run_address>0x6b7</run_address>
         <size>0x47</size>
         <input_file_ref idref="fl-3"/>
      </object_component>
      <object_component id="oc-147">
         <name>.debug_line</name>
         <load_address>0x6fe</load_address>
         <run_address>0x6fe</run_address>
         <size>0x49</size>
         <input_file_ref idref="fl-3"/>
      </object_component>
      <object_component id="oc-e0">
         <name>.debug_line</name>
         <load_address>0x747</load_address>
         <run_address>0x747</run_address>
         <size>0x49</size>
         <input_file_ref idref="fl-3"/>
      </object_component>
      <object_component id="oc-178">
         <name>.debug_line</name>
         <load_address>0x790</load_address>
[...]
         <object_component_ref idref="oc-168"/>
      </symbol>
      <symbol id="sm-fd">
         <name>readI2c</name>
         <value>0xa89</value>
         <object_component_ref idref="oc-16e"/>
      </symbol>
      <symbol id="sm-fe">
         <name>initLightSensor</name>
         <value>0x1783</value>
         <object_component_ref idref="oc-14c"/>
      </symbol>
      <symbol id="sm-ff">
         <name>initI2c</name>
         <value>0x1319</value>
         <object_component_ref idref="oc-140"/>
      </symbol>
      <symbol id="sm-100">
         <name>i2cConfig</name>
         <value>0x1cac</value>
         <object_component_ref idref="oc-223"/>
      </symbol>
      <symbol id="sm-101">
         <name>writeI2c</name>
         <value>0x1041</value>
         <object_component_ref idref="oc-234"/>
      </symbol>
      <symbol id="sm-102">
         <name>readLightSensorLux</name>
         <value>0x67d</value>
         <object_component_ref idref="oc-e2"/>
      </symbol>
      <symbol id="sm-115">
         <name>main</name>
         <value>0x14fd</value>
         <object_component_ref idref="oc-99"/>
      </symbol>
      <symbol id="sm-116">
         <name>init</name>
         <value>0x16a9</value>
         <object_component_ref idref="oc-d0"/>
      </symbol>
      <symbol id="sm-129">
         <name>SystemInit</name>
         <value>0xc25</value>
         <object_component_ref idref="oc-ab"/>
      </symbol>
      <symbol id="sm-1dd">
         <name>Lcd_Orientation</name>
         <value>0x20000024</value>
      </symbol>
      <symbol id="sm-1de">
         <name>Lcd_ScreenWidth</name>
         <value>0x2000001e</value>
      </symbol>
      <symbol id="sm-1df">
         <name>Lcd_ScreenHeigth</name>
         <value>0x2000001c</value>
      </symbol>
      <symbol id="sm-1e0">
         <name>Lcd_PenSolid</name>
         <value>0x20000025</value>
      </symbol>
      <symbol id="sm-1e1">
         <name>Lcd_FontSolid</name>
         <value>0x20000023</value>
      </symbol>
      <symbol id="sm-1e2">
         <name>Lcd_FlagRead</name>
         <value>0x20000022</value>
      </symbol>
      <symbol id="sm-1e3">
         <name>Lcd_TouchTrim</name>
         <value>0x20000020</value>
      </symbol>
      <symbol id="sm-1e4">
         <name>Crystalfontz128x128_SetDrawFrame</name>
         <value>0x41d</value>
         <object_component_ref idref="oc-2e2"/>
      </symbol>
      <symbol id="sm-1e5">
         <name>Crystalfontz128x128_SetOrientation</name>
         <value>0xf51</value>
         <object_component_ref idref="oc-1da"/>
      </symbol>
      <symbol id="sm-1e6">
         <name>g_sCrystalfontz128x128_funcs</name>
         <value>0x1c70</value>
         <object_component_ref idref="oc-204"/>
      </symbol>
      <symbol id="sm-1e7">
         <name>g_sCrystalfontz128x128</name>
         <value>0x20000028</value>
         <object_component_ref idref="oc-201"/>
      </symbol>
      <symbol id="sm-1e8">
         <name>Crystalfontz128x128_Init</name>
         <value>0x551</value>
         <object_component_ref idref="oc-1d4"/>
      </symbol>
      <symbol id="sm-221">
         <name>HAL_LCD_writeData</name>
         <value>0x1405</value>
         <object_component_ref idref="oc-2dc"/>
      </symbol>
      <symbol id="sm-222">
         <name>HAL_LCD_SpiInit</name>
         <value>0x114d</value>
         <object_component_ref idref="oc-2c4"/>
      </symbol>
      <symbol id="sm-223">
         <name>HAL_LCD_PortInit</name>
         <value>0x134d</value>
         <object_component_ref idref="oc-2be"/>
      </symbol>
      <symbol id="sm-224">
         <name>HAL_LCD_writeCommand</name>
         <value>0x120d</value>
         <object_component_ref idref="oc-2d6"/>
      </symbol>
      <symbol id="sm-240">
         <name>Reset_Handler</name>
         <value>0x17d5</value>
         <object_component_ref idref="oc-67"/>
      </symbol>
      <symbol id="sm-241">
         <name>Default_Handler</name>
         <value>0xefb</value>
         <object_component_ref idref="oc-6d"/>
      </symbol>
      <symbol id="sm-242">
         <name>interruptVectors</name>
         <value>0x0</value>
         <object_component_ref idref="oc-26"/>
      </symbol>
      <symbol id="sm-288">
         <name>Graphics_setBackgroundColor</name>
         <value>0x162b</value>
         <object_component_ref idref="oc-1ec"/>
      </symbol>
      <symbol id="sm-289">
         <name>Graphics_setFont</name>
         <value>0x1645</value>
         <object_component_ref idref="oc-1f2"/>
      </symbol>
      <symbol id="sm-28a">
         <name>Graphics_initContext</name>
         <value>0xfa5</value>
         <object_component_ref idref="oc-1e0"/>
      </symbol>
      <symbol id="sm-28b">
         <name>Graphics_setForegroundColor</name>
         <value>0x16ed</value>
         <object_component_ref idref="oc-1e6"/>
      </symbol>
      <symbol id="sm-28c">
         <name>Graphics_clearDisplay</name>
         <value>0x1797</value>
         <object_component_ref idref="oc-1f8"/>
      </symbol>
      <symbol id="sm-2a1">
         <name>Graphics_clearDisplayOnDisplay</name>
         <value>0x1611</value>
         <object_component_ref idref="oc-2fd"/>
      </symbol>
      <symbol id="sm-2a2">
         <name>Graphics_translateColorOnDisplay</name>
         <value>0x1703</value>
         <object_component_ref idref="oc-2f4"/>
      </symbol>
      <symbol id="sm-2b4">
         <name>g_sFontFixed6x8</name>
         <value>0x1af8</value>
         <object_component_ref idref="oc-207"/>
      </symbol>
      <symbol id="sm-384">
         <name>ADC14_enableSampleTimer</name>
         <value>0x127d</value>
         <object_component_ref idref="oc-1cd"/>
      </symbol>
      <symbol id="sm-385">
         <name>ADC14_enableConversion</name>
         <value>0x145d</value>
         <object_component_ref idref="oc-153"/>
      </symbol>
      <symbol id="sm-386">
         <name>ADC14_setResolution</name>
         <value>0x1549</value>
         <object_component_ref idref="oc-1c1"/>
      </symbol>
      <symbol id="sm-387">
         <name>ADC14_toggleConversionTrigger</name>
         <value>0x13ad</value>
         <object_component_ref idref="oc-159"/>
      </symbol>
      <symbol id="sm-388">
         <name>ADC14_initModule</name>
         <value>0xefd</value>
         <object_component_ref idref="oc-1bb"/>
      </symbol>
      <symbol id="sm-389">
         <name>ADC14_configureMultiSequenceMode</name>
         <value>0x805</value>
         <object_component_ref idref="oc-1c7"/>
      </symbol>
      <symbol id="sm-38a">
         <name>ADC14_configureConversionMemory</name>
         <value>0x8ad</value>
         <object_component_ref idref="oc-227"/>
      </symbol>
      <symbol id="sm-38b">
         <name>ADC14_enableModule</name>
         <value>0x17c9</value>
         <object_component_ref idref="oc-1b5"/>
      </symbol>
      <symbol id="sm-38c">
         <name>ADC14_getResult</name>
         <value>0x1569</value>
         <object_component_ref idref="oc-160"/>
      </symbol>
      <symbol id="sm-3d4">
         <name>GPIO_setOutputHighOnPin</name>
         <value>0x14ad</value>
         <object_component_ref idref="oc-2d0"/>
      </symbol>
      <symbol id="sm-3d5">
         <name>GPIO_setAsOutputPin</name>
         <value>0x110d</value>
         <object_component_ref idref="oc-384"/>
      </symbol>
      <symbol id="sm-3d6">
         <name>GPIO_setOutputLowOnPin</name>
         <value>0x14d5</value>
         <object_component_ref idref="oc-2ca"/>
      </symbol>
      <symbol id="sm-3d7">
         <name>GPIO_setAsPeripheralModuleFunctionOutputPin</name>
         <value>0xb9d</value>
         <object_component_ref idref="oc-20b"/>
      </symbol>
      <symbol id="sm-3d8">
         <name>GPIO_setAsPeripheralModuleFunctionInputPin</name>
         <value>0xb15</value>
         <object_component_ref idref="oc-22d"/>
      </symbol>
      <symbol id="sm-47c">
         <name>I2C_masterSendMultiByteStop</name>
         <value>0x1245</value>
         <object_component_ref idref="oc-27e"/>
      </symbol>
      <symbol id="sm-47d">
         <name>I2C_masterSendMultiByteFinish</name>
         <value>0xc9d</value>
         <object_component_ref idref="oc-354"/>
      </symbol>
      <symbol id="sm-47e">
         <name>I2C_masterSendMultiByteNext</name>
         <value>0x12b1</value>
         <object_component_ref idref="oc-34e"/>
      </symbol>
      <symbol id="sm-47f">
         <name>I2C_masterSendMultiByteStart</name>
         <value>0xd09</value>
         <object_component_ref idref="oc-272"/>
      </symbol>
      <symbol id="sm-480">
         <name>I2C_masterReceiveMultiByteNext</name>
         <value>0x175b</value>
         <object_component_ref idref="oc-28a"/>
      </symbol>
      <symbol id="sm-481">
         <name>I2C_getInterruptStatus</name>
         <value>0x1679</value>
         <object_component_ref idref="oc-278"/>
      </symbol>
      <symbol id="sm-482">
         <name>I2C_setMode</name>
         <value>0x1585</value>
         <object_component_ref idref="oc-266"/>
      </symbol>
      <symbol id="sm-483">
         <name>I2C_isBusBusy</name>
         <value>0x1691</value>
         <object_component_ref idref="oc-26c"/>
      </symbol>
      <symbol id="sm-484">
         <name>I2C_masterReceiveMultiByteFinish</name>
         <value>0x118d</value>
         <object_component_ref idref="oc-290"/>
      </symbol>
      <symbol id="sm-485">
         <name>I2C_enableModule</name>
         <value>0x1745</value>
         <object_component_ref idref="oc-21d"/>
      </symbol>
      <symbol id="sm-486">
         <name>I2C_masterReceiveStart</name>
         <value>0x165f</value>
         <object_component_ref idref="oc-284"/>
      </symbol>
      <symbol id="sm-487">
         <name>I2C_clearInterruptFlag</name>
         <value>0x1719</value>
         <object_component_ref idref="oc-25f"/>
      </symbol>
      <symbol id="sm-488">
         <name>I2C_setSlaveAddress</name>
         <value>0x176f</value>
         <object_component_ref idref="oc-259"/>
      </symbol>
      <symbol id="sm-489">
         <name>I2C_initMaster</name>
         <value>0xdd9</value>
         <object_component_ref idref="oc-211"/>
      </symbol>
      <symbol id="sm-48a">
         <name>I2C_disableModule</name>
         <value>0x172f</value>
         <object_component_ref idref="oc-217"/>
      </symbol>
      <symbol id="sm-4ca">
         <name>EUSCI_B_SPI_enable</name>
         <value>0x16d7</value>
         <object_component_ref idref="oc-3ec"/>
      </symbol>
      <symbol id="sm-4cb">
         <name>SPI_enableModule</name>
         <value>0x15a1</value>
         <object_component_ref idref="oc-391"/>
      </symbol>
      <symbol id="sm-4cc">
         <name>EUSCI_A_SPI_enable</name>
         <value>0x16c1</value>
         <object_component_ref idref="oc-3e6"/>
      </symbol>
      <symbol id="sm-4cd">
         <name>SPI_initMaster</name>
         <value>0x755</value>
         <object_component_ref idref="oc-38b"/>
      </symbol>
      <symbol id="sm-4d9">
         <name>WDT_A_holdTimer</name>
         <value>0x1525</value>
         <object_component_ref idref="oc-ca"/>
      </symbol>
      <symbol id="sm-4f4">
         <name>__TI_zero_init_nomemset</name>
         <value>0x15bd</value>
         <object_component_ref idref="oc-43"/>
      </symbol>
      <symbol id="sm-50b">
         <name>__TI_decompress_none</name>
         <value>0x17b9</value>
         <object_component_ref idref="oc-1d"/>
      </symbol>
      <symbol id="sm-52e">
         <name>__TI_decompress_lzss</name>
         <value>0xd71</value>
         <object_component_ref idref="oc-17"/>
      </symbol>
      <symbol id="sm-541">
         <name>__stack</name>
         <value>0x2000fe00</value>
         <object_component_ref idref="oc-29"/>
      </symbol>
      <symbol id="sm-542">
         <name>_c_int00_noargs</name>
         <value>0x12e5</value>
         <object_component_ref idref="oc-55"/>
      </symbol>
      <symbol id="sm-55d">
         <name>memcpy</name>
         <value>0x9ed</value>
         <object_component_ref idref="oc-37"/>
      </symbol>
      <symbol id="sm-55e">
         <name>__aeabi_memcpy</name>
         <value>0x9ed</value>
         <object_component_ref idref="oc-37"/>
      </symbol>
      <symbol id="sm-55f">
         <name>__aeabi_memcpy8</name>
         <value>0x9ed</value>
         <object_component_ref idref="oc-37"/>
      </symbol>
      <symbol id="sm-560">
         <name>__aeabi_memcpy4</name>
         <value>0x9ed</value>
         <object_component_ref idref="oc-37"/>
      </symbol>
      <symbol id="sm-589">
         <name>__TI_auto_init_nobinit_nopinit</name>
         <value>0x1089</value>
         <object_component_ref idref="oc-f5"/>
      </symbol>
      <symbol id="sm-593">
         <name>_system_pre_init</name>
         <value>0x17f7</value>
         <object_component_ref idref="oc-93"/>
      </symbol>
      <symbol id="sm-59f">
         <name>C$$EXIT</name>
         <value>0x17fb</value>
         <object_component_ref idref="oc-e9"/>
      </symbol>
      <symbol id="sm-5a0">
         <name>abort</name>
         <value>0x17fb</value>
         <object_component_ref idref="oc-e9"/>
      </symbol>
      <symbol id="sm-5a3">
         <name>__TI_static_base__</name>
         <value>0x0</value>
      </symbol>
      <symbol id="sm-5a6">
         <name>__mpu_init</name>
         <value>0x0</value>
      </symbol>
      <symbol id="sm-5a7">
         <name>_system_post_cinit</name>
         <value>0x0</value>
      </symbol>
      <symbol id="sm-5a8">
         <name>NMI_Handler</name>
         <value>0xefb</value>
      </symbol>
      <symbol id="sm-5a9">
         <name>HardFault_Handler</name>
         <value>0xefb</value>
      </symbol>
      <symbol id="sm-5aa">
         <name>MemManage_Handler</name>
         <value>0xefb</value>
      </symbol>
      <symbol id="sm-5ab">
         <name>BusFault_Handler</name>
         <value>0xefb</value>
      </symbol>
      <symbol id="sm-5ac">
         <name>UsageFault_Handler</name>
         <value>0xefb</value>
      </symbol>
      <symbol id="sm-5ad">
         <name>SVC_Handler</name>
         <value>0xefb</value>
      </symbol>
      <symbol id="sm-5ae">
         <name>DebugMon_Handler</name>
         <value>0xefb</value>
      </symbol>
      <symbol id="sm-5af">
         <name>PendSV_Handler</name>
         <value>0xefb</value>
      </symbol>
      <symbol id="sm-5b0">
         <name>SysTick_Handler</name>
         <value>0xefb</value>
      </symbol>
      <symbol id="sm-5b1">
         <name>PSS_IRQHandler</name>
         <value>0xefb</value>
      </symbol>
      <symbol id="sm-5b2">
         <name>CS_IRQHandler</name>
         <value>0xefb</value>
      </symbol>
      <symbol id="sm-5b3">
         <name>PCM_IRQHandler</name>
         <value>0xefb</value>
      </symbol>
      <symbol id="sm-5b4">
         <name>WDT_A_IRQHandler</name>
         <value>0xefb</value>
      </symbol>
      <symbol id="sm-5b5">
         <name>FPU_IRQHandler</name>
         <value>0xefb</value>
      </symbol>
      <symbol id="sm-5b6">
         <name>FLCTL_IRQHandler</name>
         <value>0xefb</value>
      </symbol>
      <symbol id="sm-5b7">
         <name>COMP_E0_IRQHandler</name>
         <value>0xefb</value>
      </symbol>
      <symbol id="sm-5b8">
         <name>COMP_E1_IRQHandler</name>
         <value>0xefb</value>
      </symbol>
      <symbol id="sm-5b9">
         <name>TA0_0_IRQHandler</name>
         <value>0xefb</value>
      </symbol>
      <symbol id="sm-5ba">
         <name>TA0_N_IRQHandler</name>
         <value>0xefb</value>
      </symbol>
      <symbol id="sm-5bb">
         <name>TA1_0_IRQHandler</name>
         <value>0xefb</value>
      </symbol>
      <symbol id="sm-5bc">
         <name>TA1_N_IRQHandler</name>
         <value>0xefb</value>
      </symbol>
      <symbol id="sm-5bd">
         <name>TA2_0_IRQHandler</name>
         <value>0xefb</value>
      </symbol>
      <symbol id="sm-5be">
         <name>TA2_N_IRQHandler</name>
         <value>0xefb</value>
      </symbol>
      <symbol id="sm-5bf">
         <name>TA3_0_IRQHandler</name>
         <value>0xefb</value>
      </symbol>
      <symbol id="sm-5c0">
         <name>TA3_N_IRQHandler</name>
         <value>0xefb</value>
      </symbol>
      <symbol id="sm-5c1">
         <name>EUSCIA0_IRQHandler</name>
         <value>0xefb</value>
      </symbol>
      <symbol id="sm-5c2">
         <name>EUSCIA1_IRQHandler</name>
         <value>0xefb</value>
      </symbol>
      <symbol id="sm-5c3">
         <name>EUSCIA2_IRQHandler</name>
         <value>0xefb</value>
      </symbol>
      <symbol id="sm-5c4">
         <name>EUSCIA3_IRQHandler</name>
         <value>0xefb</value>
      </symbol>
      <symbol id="sm-5c5">
         <name>EUSCIB0_IRQHandler</name>
         <value>0xefb</value>
      </symbol>
      <symbol id="sm-5c6">
         <name>EUSCIB1_IRQHandler</name>
         <value>0xefb</value>
      </symbol>
      <symbol id="sm-5c7">
         <name>EUSCIB2_IRQHandler</name>
         <value>0xefb</value>
      </symbol>
      <symbol id="sm-5c8">
         <name>EUSCIB3_IRQHandler</name>
         <value>0xefb</value>
      </symbol>
      <symbol id="sm-5c9">
         <name>ADC14_IRQHandler</name>
         <value>0xefb</value>
      </symbol>
      <symbol id="sm-5ca">
         <name>T32_INT1_IRQHandler</name>
         <value>0xefb</value>
      </symbol>
      <symbol id="sm-5cb">
         <name>T32_INT2_IRQHandler</name>
         <value>0xefb</value>
      </symbol>
      <symbol id="sm-5cc">
         <name>T32_INTC_IRQHandler</name>
         <value>0xefb</value>
      </symbol>
      <symbol id="sm-5cd">
         <name>AES256_IRQHandler</name>
         <value>0xefb</value>
      </symbol>
      <symbol id="sm-5ce">
         <name>RTC_C_IRQHandler</name>
         <value>0xefb</value>
      </symbol>
      <symbol id="sm-5cf">
         <name>DMA_ERR_IRQHandler</name>
         <value>0xefb</value>
      </symbol>
      <symbol id="sm-5d0">
         <name>DMA_INT3_IRQHandler</name>
         <value>0xefb</value>
      </symbol>
      <symbol id="sm-5d1">
         <name>DMA_INT2_IRQHandler</name>
         <value>0xefb</value>
      </symbol>
      <symbol id="sm-5d2">
         <name>DMA_INT1_IRQHandler</name>
         <value>0xefb</value>
      </symbol>
      <symbol id="sm-5d3">
         <name>DMA_INT0_IRQHandler</name>
         <value>0xefb</value>
      </symbol>
      <symbol id="sm-5d4">
         <name>PORT1_IRQHandler</name>
         <value>0xefb</value>
      </symbol>
      <symbol id="sm-5d5">
         <name>PORT2_IRQHandler</name>
         <value>0xefb</value>
      </symbol>
      <symbol id="sm-5d6">
         <name>PORT3_IRQHandler</name>
         <value>0xefb</value>
      </symbol>
      <symbol id="sm-5d7">
         <name>PORT4_IRQHandler</name>
         <value>0xefb</value>
      </symbol>
      <symbol id="sm-5d8">
         <name>PORT5_IRQHandler</name>
         <value>0xefb</value>
      </symbol>
      <symbol id="sm-5d9">
         <name>PORT6_IRQHandler</name>
         <value>0xefb</value>
      </symbol>
   </symbol_table>
   <title>Link successful</title>
</link_info>
