<?xml version="1.0" encoding="ISO-8859-1" ?>
<link_info>
   <banner>TI ARM Linker PC v20.2.0.LTS</banner>
   <copyright>Copyright (c) 1996-2018 Texas Instruments Incorporated</copyright>
   <link_time>0x5ed15416</link_time>
   <link_errors>0x0</link_errors>
   <output_file>Playground.out</output_file>
   <entry_point>
      <name>_c_int00_noargs</name>
      <address>0x186d</address>
   </entry_point>
   <input_file_list>
      <input_file id="fl-2">
         <path>.\</path>
         <kind>object</kind>
         <file>button.obj</file>
         <name>button.obj</name>
      </input_file>
      <input_file id="fl-3">
         <path>.\</path>
         <kind>object</kind>
         <file>graphics.obj</file>
         <name>graphics.obj</name>
      </input_file>
      <input_file id="fl-4">
         <path>.\</path>
         <kind>object</kind>
         <file>joystick.obj</file>
         <name>joystick.obj</name>
      </input_file>
      <input_file id="fl-5">
         <path>.\</path>
         <kind>object</kind>
         <file>led.obj</file>
         <name>led.obj</name>
      </input_file>
      <input_file id="fl-6">
         <path>.\</path>
         <kind>object</kind>
         <file>light_sensor.obj</file>
         <name>light_sensor.obj</name>
      </input_file>
      <input_file id="fl-7">
         <path>.\</path>
         <kind>object</kind>
         <file>main.obj</file>
         <name>main.obj</name>
      </input_file>
      <input_file id="fl-8">
         <path>.\</path>
         <kind>object</kind>
         <file>system_msp432p401r.obj</file>
         <name>system_msp432p401r.obj</name>
      </input_file>
      <input_file id="fl-9">
         <path>.\</path>
         <kind>object</kind>
         <file>timer.obj</file>
         <name>timer.obj</name>
      </input_file>
      <input_file id="fl-a">
         <path>.\LcdDriver\</path>
         <kind>object</kind>
         <file>Crystalfontz128x128_ST7735.obj</file>
         <name>Crystalfontz128x128_ST7735.obj</name>
      </input_file>
      <input_file id="fl-b">
         <path>.\LcdDriver\</path>
         <kind>object</kind>
         <file>HAL_MSP_EXP432P401R_Crystalfontz128x128_ST7735.obj</file>
         <name>HAL_MSP_EXP432P401R_Crystalfontz128x128_ST7735.obj</name>
      </input_file>
      <input_file id="fl-c">
         <path>.\ccs\</path>
         <kind>object</kind>
         <file>startup_msp432p401r_ccs.obj</file>
         <name>startup_msp432p401r_ccs.obj</name>
      </input_file>
      <input_file id="fl-17">
         <kind>object</kind>
         <file>&lt;internal&gt;</file>
         <name>&lt;internal&gt;</name>
      </input_file>
      <input_file id="fl-18">
         <path>C:\ti\simplelink_msp432p4_sdk_3_40_01_02\source\ti\grlib\lib\ccs\m4f\</path>
         <kind>archive</kind>
         <file>grlib.a</file>
         <name>context.obj</name>
      </input_file>
      <input_file id="fl-19">
         <path>C:\ti\simplelink_msp432p4_sdk_3_40_01_02\source\ti\grlib\lib\ccs\m4f\</path>
         <kind>archive</kind>
         <file>grlib.a</file>
         <name>display.obj</name>
      </input_file>
      <input_file id="fl-1a">
         <path>C:\ti\simplelink_msp432p4_sdk_3_40_01_02\source\ti\grlib\lib\ccs\m4f\</path>
         <kind>archive</kind>
         <file>grlib.a</file>
         <name>fontfixed6x8.obj</name>
      </input_file>
      <input_file id="fl-1b">
         <path>C:\ti\simplelink_msp432p4_sdk_3_40_01_02\source\ti\devices\msp432p4xx\driverlib\ccs\</path>
         <kind>archive</kind>
         <file>msp432p4xx_driverlib.lib</file>
         <name>adc14.o</name>
      </input_file>
      <input_file id="fl-1c">
         <path>C:\ti\simplelink_msp432p4_sdk_3_40_01_02\source\ti\devices\msp432p4xx\driverlib\ccs\</path>
         <kind>archive</kind>
         <file>msp432p4xx_driverlib.lib</file>
         <name>cs.o</name>
      </input_file>
      <input_file id="fl-1d">
         <path>C:\ti\simplelink_msp432p4_sdk_3_40_01_02\source\ti\devices\msp432p4xx\driverlib\ccs\</path>
         <kind>archive</kind>
         <file>msp432p4xx_driverlib.lib</file>
         <name>gpio.o</name>
      </input_file>
      <input_file id="fl-1e">
         <path>C:\ti\simplelink_msp432p4_sdk_3_40_01_02\source\ti\devices\msp432p4xx\driverlib\ccs\</path>
         <kind>archive</kind>
         <file>msp432p4xx_driverlib.lib</file>
         <name>i2c.o</name>
      </input_file>
      <input_file id="fl-1f">
         <path>C:\ti\simplelink_msp432p4_sdk_3_40_01_02\source\ti\devices\msp432p4xx\driverlib\ccs\</path>
         <kind>archive</kind>
         <file>msp432p4xx_driverlib.lib</file>
         <name>interrupt.o</name>
      </input_file>
      <input_file id="fl-20">
         <path>C:\ti\simplelink_msp432p4_sdk_3_40_01_02\source\ti\devices\msp432p4xx\driverlib\ccs\</path>
         <kind>archive</kind>
         <file>msp432p4xx_driverlib.lib</file>
         <name>spi.o</name>
      </input_file>
      <input_file id="fl-21">
         <path>C:\ti\simplelink_msp432p4_sdk_3_40_01_02\source\ti\devices\msp432p4xx\driverlib\ccs\</path>
         <kind>archive</kind>
         <file>msp432p4xx_driverlib.lib</file>
         <name>sysctl_a.o</name>
      </input_file>
      <input_file id="fl-22">
         <path>C:\ti\simplelink_msp432p4_sdk_3_40_01_02\source\ti\devices\msp432p4xx\driverlib\ccs\</path>
         <kind>archive</kind>
         <file>msp432p4xx_driverlib.lib</file>
         <name>timer32.o</name>
      </input_file>
      <input_file id="fl-23">
         <path>C:\ti\simplelink_msp432p4_sdk_3_40_01_02\source\ti\devices\msp432p4xx\driverlib\ccs\</path>
         <kind>archive</kind>
         <file>msp432p4xx_driverlib.lib</file>
         <name>wdt_a.o</name>
      </input_file>
      <input_file id="fl-24">
         <path>C:\ti\simplelink_msp432p4_sdk_3_40_01_02\source\ti\devices\msp432p4xx\driverlib\ccs\</path>
         <kind>archive</kind>
         <file>msp432p4xx_driverlib.lib</file>
         <name>cpu.o</name>
      </input_file>
      <input_file id="fl-da">
         <path>C:\ti\ccs1000\ccs\tools\compiler\ti-cgt-arm_20.2.0.LTS\lib\</path>
         <kind>archive</kind>
         <file>rtsv7M4_T_le_v4SPD16_eabi.lib</file>
         <name>ll_mul_t2.asm.obj</name>
      </input_file>
      <input_file id="fl-db">
         <path>C:\ti\ccs1000\ccs\tools\compiler\ti-cgt-arm_20.2.0.LTS\lib\</path>
         <kind>archive</kind>
         <file>rtsv7M4_T_le_v4SPD16_eabi.lib</file>
         <name>ull_div_t2.asm.obj</name>
      </input_file>
      <input_file id="fl-dc">
         <path>C:\ti\ccs1000\ccs\tools\compiler\ti-cgt-arm_20.2.0.LTS\lib\</path>
         <kind>archive</kind>
         <file>rtsv7M4_T_le_v4SPD16_eabi.lib</file>
         <name>copy_zero_init.c.obj</name>
      </input_file>
      <input_file id="fl-dd">
         <path>C:\ti\ccs1000\ccs\tools\compiler\ti-cgt-arm_20.2.0.LTS\lib\</path>
         <kind>archive</kind>
         <file>rtsv7M4_T_le_v4SPD16_eabi.lib</file>
         <name>copy_decompress_none.c.obj</name>
      </input_file>
      <input_file id="fl-de">
         <path>C:\ti\ccs1000\ccs\tools\compiler\ti-cgt-arm_20.2.0.LTS\lib\</path>
         <kind>archive</kind>
         <file>rtsv7M4_T_le_v4SPD16_eabi.lib</file>
         <name>copy_decompress_lzss.c.obj</name>
      </input_file>
      <input_file id="fl-df">
         <path>C:\ti\ccs1000\ccs\tools\compiler\ti-cgt-arm_20.2.0.LTS\lib\</path>
         <kind>archive</kind>
         <file>rtsv7M4_T_le_v4SPD16_eabi.lib</file>
         <name>boot_cortex_m.c.obj</name>
      </input_file>
      <input_file id="fl-e0">
         <path>C:\ti\ccs1000\ccs\tools\compiler\ti-cgt-arm_20.2.0.LTS\lib\</path>
         <kind>archive</kind>
         <file>rtsv7M4_T_le_v4SPD16_eabi.lib</file>
         <name>div0.asm.obj</name>
      </input_file>
      <input_file id="fl-e1">
         <path>C:\ti\ccs1000\ccs\tools\compiler\ti-cgt-arm_20.2.0.LTS\lib\</path>
         <kind>archive</kind>
         <file>rtsv7M4_T_le_v4SPD16_eabi.lib</file>
         <name>memcpy_t2.asm.obj</name>
      </input_file>
      <input_file id="fl-e2">
         <path>C:\ti\ccs1000\ccs\tools\compiler\ti-cgt-arm_20.2.0.LTS\lib\</path>
         <kind>archive</kind>
         <file>rtsv7M4_T_le_v4SPD16_eabi.lib</file>
         <name>memset_t2.asm.obj</name>
      </input_file>
      <input_file id="fl-e3">
         <path>C:\ti\ccs1000\ccs\tools\compiler\ti-cgt-arm_20.2.0.LTS\lib\</path>
         <kind>archive</kind>
         <file>rtsv7M4_T_le_v4SPD16_eabi.lib</file>
         <name>autoinit.c.obj</name>
      </input_file>
      <input_file id="fl-e4">
         <path>C:\ti\ccs1000\ccs\tools\compiler\ti-cgt-arm_20.2.0.LTS\lib\</path>
         <kind>archive</kind>
         <file>rtsv7M4_T_le_v4SPD16_eabi.lib</file>
         <name>pre_init.c.obj</name>
      </input_file>
      <input_file id="fl-e5">
         <path>C:\ti\ccs1000\ccs\tools\compiler\ti-cgt-arm_20.2.0.LTS\lib\</path>
         <kind>archive</kind>
         <file>rtsv7M4_T_le_v4SPD16_eabi.lib</file>
         <name>cpy_tbl.c.obj</name>
      </input_file>
      <input_file id="fl-e6">
         <path>C:\ti\ccs1000\ccs\tools\compiler\ti-cgt-arm_20.2.0.LTS\lib\</path>
         <kind>archive</kind>
         <file>rtsv7M4_T_le_v4SPD16_eabi.lib</file>
         <name>exit.c.obj</name>
      </input_file>
      <input_file id="fl-e7">
         <path>C:\ti\ccs1000\ccs\tools\compiler\ti-cgt-arm_20.2.0.LTS\lib\</path>
         <kind>archive</kind>
         <file>rtsv7M4_T_le_v4SPD16_eabi.lib</file>
         <name>_lock.c.obj</name>
      </input_file>
      <input_file id="fl-e8">
         <path>C:\ti\ccs1000\ccs\tools\compiler\ti-cgt-arm_20.2.0.LTS\lib\</path>
         <kind>archive</kind>
         <file>rtsv7M4_T_le_v4SPD16_eabi.lib</file>
         <name>args_main.c.obj</name>
      </input_file>
   </input_file_list>
   <object_component_list>
      <object_component id="oc-26">
         <name>.intvecs:retain</name>
         <load_address>0x0</load_address>
         <run_address>0x0</run_address>
         <size>0xe4</size>
         <input_file_ref idref="fl-c"/>
      </object_component>
      <object_component id="oc-370">
         <name>.text:Crystalfontz128x128_PixelDrawMultiple</name>
         <load_address>0xe4</load_address>
         <run_address>0xe4</run_address>
         <size>0x1d8</size>
         <input_file_ref idref="fl-a"/>
      </object_component>
      <object_component id="oc-241">
         <name>.text:CS_setDCOFrequency</name>
         <load_address>0x2bc</load_address>
         <run_address>0x2bc</run_address>
         <size>0x19c</size>
         <input_file_ref idref="fl-1c"/>
      </object_component>
      <object_component id="oc-299">
         <name>.text:_getIndexForMemRegister</name>
         <load_address>0x458</load_address>
         <run_address>0x458</run_address>
         <size>0x160</size>
         <input_file_ref idref="fl-1b"/>
      </object_component>
      <object_component id="oc-33f">
         <name>.text:Crystalfontz128x128_SetDrawFrame</name>
         <load_address>0x5b8</load_address>
         <run_address>0x5b8</run_address>
         <size>0x134</size>
         <input_file_ref idref="fl-a"/>
      </object_component>
      <object_component id="oc-20a">
         <name>.text:Crystalfontz128x128_Init</name>
         <load_address>0x6ec</load_address>
         <run_address>0x6ec</run_address>
         <size>0x12c</size>
         <input_file_ref idref="fl-a"/>
      </object_component>
      <object_component id="oc-e2">
         <name>.text:readLightSensorLux</name>
         <load_address>0x818</load_address>
         <run_address>0x818</run_address>
         <size>0xe6</size>
         <input_file_ref idref="fl-6"/>
      </object_component>
      <object_component id="oc-6d">
         <name>.text:Default_Handler</name>
         <load_address>0x8fe</load_address>
         <run_address>0x8fe</run_address>
         <size>0x2</size>
         <input_file_ref idref="fl-c"/>
      </object_component>
      <object_component id="oc-276">
         <name>.text:ADC14_configureConversionMemory</name>
         <load_address>0x900</load_address>
         <run_address>0x900</run_address>
         <size>0xb4</size>
         <input_file_ref idref="fl-1b"/>
      </object_component>
      <object_component id="oc-1f0">
         <name>.text:ADC14_configureMultiSequenceMode</name>
         <load_address>0x9b4</load_address>
         <run_address>0x9b4</run_address>
         <size>0xb4</size>
         <input_file_ref idref="fl-1b"/>
      </object_component>
      <object_component id="oc-3fe">
         <name>.text:SPI_initMaster</name>
         <load_address>0xa68</load_address>
         <run_address>0xa68</run_address>
         <size>0xb0</size>
         <input_file_ref idref="fl-20"/>
      </object_component>
      <object_component id="oc-382">
         <name>.text:Crystalfontz128x128_RectFill</name>
         <load_address>0xb18</load_address>
         <run_address>0xb18</run_address>
         <size>0x9c</size>
         <input_file_ref idref="fl-a"/>
      </object_component>
      <object_component id="oc-37">
         <name>.text</name>
         <load_address>0xbb4</load_address>
         <run_address>0xbb4</run_address>
         <size>0x9c</size>
         <input_file_ref idref="fl-e1"/>
      </object_component>
      <object_component id="oc-3a2">
         <name>.text:SysCtl_A_getTLVInfo</name>
         <load_address>0xc50</load_address>
         <run_address>0xc50</run_address>
         <size>0x94</size>
         <input_file_ref idref="fl-21"/>
      </object_component>
      <object_component id="oc-190">
         <name>.text:readI2c</name>
         <load_address>0xce4</load_address>
         <run_address>0xce4</run_address>
         <size>0x8c</size>
         <input_file_ref idref="fl-6"/>
      </object_component>
      <object_component id="oc-3ae">
         <name>.text:CS_tuneDCOFrequency</name>
         <load_address>0xd70</load_address>
         <run_address>0xd70</run_address>
         <size>0x88</size>
         <input_file_ref idref="fl-1c"/>
      </object_component>
      <object_component id="oc-27c">
         <name>.text:GPIO_setAsPeripheralModuleFunctionInputPin</name>
         <load_address>0xdf8</load_address>
         <run_address>0xdf8</run_address>
         <size>0x88</size>
         <input_file_ref idref="fl-1d"/>
      </object_component>
      <object_component id="oc-25a">
         <name>.text:GPIO_setAsPeripheralModuleFunctionOutputPin</name>
         <load_address>0xe80</load_address>
         <run_address>0xe80</run_address>
         <size>0x88</size>
         <input_file_ref idref="fl-1d"/>
      </object_component>
      <object_component id="oc-ab">
         <name>.text:SystemInit</name>
         <load_address>0xf08</load_address>
         <run_address>0xf08</run_address>
         <size>0x78</size>
         <input_file_ref idref="fl-8"/>
      </object_component>
      <object_component id="oc-3c9">
         <name>.text:I2C_masterSendMultiByteFinish</name>
         <load_address>0xf80</load_address>
         <run_address>0xf80</run_address>
         <size>0x6c</size>
         <input_file_ref idref="fl-1e"/>
      </object_component>
      <object_component id="oc-2c3">
         <name>.text:I2C_masterSendMultiByteStart</name>
         <load_address>0xfec</load_address>
         <run_address>0xfec</run_address>
         <size>0x68</size>
         <input_file_ref idref="fl-1e"/>
      </object_component>
      <object_component id="oc-247">
         <name>.text:Timer32_initModule</name>
         <load_address>0x1054</load_address>
         <run_address>0x1054</run_address>
         <size>0x68</size>
         <input_file_ref idref="fl-22"/>
      </object_component>
      <object_component id="oc-17">
         <name>.text:decompress:lzss:__TI_decompress_lzss</name>
         <load_address>0x10bc</load_address>
         <run_address>0x10bc</run_address>
         <size>0x68</size>
         <input_file_ref idref="fl-de"/>
      </object_component>
      <object_component id="oc-e8">
         <name>.text:getJoystickDirection</name>
         <load_address>0x1124</load_address>
         <run_address>0x1124</run_address>
         <size>0x66</size>
         <input_file_ref idref="fl-4"/>
      </object_component>
      <object_component id="oc-260">
         <name>.text:I2C_initMaster</name>
         <load_address>0x118a</load_address>
         <run_address>0x118a</run_address>
         <size>0x62</size>
         <input_file_ref idref="fl-1e"/>
      </object_component>
      <object_component id="oc-376">
         <name>.text:Crystalfontz128x128_LineDrawH</name>
         <load_address>0x11ec</load_address>
         <run_address>0x11ec</run_address>
         <size>0x60</size>
         <input_file_ref idref="fl-a"/>
      </object_component>
      <object_component id="oc-37c">
         <name>.text:Crystalfontz128x128_LineDrawV</name>
         <load_address>0x124c</load_address>
         <run_address>0x124c</run_address>
         <size>0x60</size>
         <input_file_ref idref="fl-a"/>
      </object_component>
      <object_component id="oc-203">
         <name>.text:GPIO_setAsInputPinWithPullUpResistor</name>
         <load_address>0x12ac</load_address>
         <run_address>0x12ac</run_address>
         <size>0x58</size>
         <input_file_ref idref="fl-1d"/>
      </object_component>
      <object_component id="oc-156">
         <name>.text:initHwTimers</name>
         <load_address>0x1304</load_address>
         <run_address>0x1304</run_address>
         <size>0x58</size>
         <input_file_ref idref="fl-9"/>
      </object_component>
      <object_component id="oc-1e4">
         <name>.text:ADC14_initModule</name>
         <load_address>0x135c</load_address>
         <run_address>0x135c</run_address>
         <size>0x54</size>
         <input_file_ref idref="fl-1b"/>
      </object_component>
      <object_component id="oc-210">
         <name>.text:Crystalfontz128x128_SetOrientation</name>
         <load_address>0x13b0</load_address>
         <run_address>0x13b0</run_address>
         <size>0x54</size>
         <input_file_ref idref="fl-a"/>
      </object_component>
      <object_component id="oc-216">
         <name>.text:Graphics_initContext</name>
         <load_address>0x1404</load_address>
         <run_address>0x1404</run_address>
         <size>0x52</size>
         <input_file_ref idref="fl-18"/>
      </object_component>
      <object_component id="oc-1fd">
         <name>.text:GPIO_setAsInputPin</name>
         <load_address>0x1458</load_address>
         <run_address>0x1458</run_address>
         <size>0x4c</size>
         <input_file_ref idref="fl-1d"/>
      </object_component>
      <object_component id="oc-150">
         <name>.text:initGraphics</name>
         <load_address>0x14a4</load_address>
         <run_address>0x14a4</run_address>
         <size>0x48</size>
         <input_file_ref idref="fl-3"/>
      </object_component>
      <object_component id="oc-283">
         <name>.text:writeI2c</name>
         <load_address>0x14ec</load_address>
         <run_address>0x14ec</run_address>
         <size>0x48</size>
         <input_file_ref idref="fl-6"/>
      </object_component>
      <object_component id="oc-100">
         <name>.text:__TI_auto_init_nobinit_nopinit:__TI_auto_init_nobinit_nopinit</name>
         <load_address>0x1534</load_address>
         <run_address>0x1534</run_address>
         <size>0x44</size>
         <input_file_ref idref="fl-e3"/>
      </object_component>
      <object_component id="oc-36a">
         <name>.text:Crystalfontz128x128_PixelDraw</name>
         <load_address>0x1578</load_address>
         <run_address>0x1578</run_address>
         <size>0x40</size>
         <input_file_ref idref="fl-a"/>
      </object_component>
      <object_component id="oc-28a">
         <name>.text:GPIO_setAsOutputPin</name>
         <load_address>0x15b8</load_address>
         <run_address>0x15b8</run_address>
         <size>0x40</size>
         <input_file_ref idref="fl-1d"/>
      </object_component>
      <object_component id="oc-321">
         <name>.text:HAL_LCD_SpiInit</name>
         <load_address>0x15f8</load_address>
         <run_address>0x15f8</run_address>
         <size>0x40</size>
         <input_file_ref idref="fl-b"/>
      </object_component>
      <object_component id="oc-2e1">
         <name>.text:I2C_masterReceiveMultiByteFinish</name>
         <load_address>0x1638</load_address>
         <run_address>0x1638</run_address>
         <size>0x40</size>
         <input_file_ref idref="fl-1e"/>
      </object_component>
      <object_component id="oc-454">
         <name>.text:is_A_Module</name>
         <load_address>0x1678</load_address>
         <run_address>0x1678</run_address>
         <size>0x40</size>
         <input_file_ref idref="fl-20"/>
      </object_component>
      <object_component id="oc-14a">
         <name>.text:initButtons</name>
         <load_address>0x16b8</load_address>
         <run_address>0x16b8</run_address>
         <size>0x3c</size>
         <input_file_ref idref="fl-2"/>
      </object_component>
      <object_component id="oc-333">
         <name>.text:HAL_LCD_writeCommand</name>
         <load_address>0x16f4</load_address>
         <run_address>0x16f4</run_address>
         <size>0x38</size>
         <input_file_ref idref="fl-b"/>
      </object_component>
      <object_component id="oc-2cf">
         <name>.text:I2C_masterSendMultiByteStop</name>
         <load_address>0x172c</load_address>
         <run_address>0x172c</run_address>
         <size>0x38</size>
         <input_file_ref idref="fl-1e"/>
      </object_component>
      <object_component id="oc-253">
         <name>.text:Timer32_startTimer</name>
         <load_address>0x1764</load_address>
         <run_address>0x1764</run_address>
         <size>0x38</size>
         <input_file_ref idref="fl-22"/>
      </object_component>
      <object_component id="oc-1f6">
         <name>.text:ADC14_enableSampleTimer</name>
         <load_address>0x179c</load_address>
         <run_address>0x179c</run_address>
         <size>0x34</size>
         <input_file_ref idref="fl-1b"/>
      </object_component>
      <object_component id="oc-3a8">
         <name>.text:CS_setDCOCenteredFrequency</name>
         <load_address>0x17d0</load_address>
         <run_address>0x17d0</run_address>
         <size>0x34</size>
         <input_file_ref idref="fl-1c"/>
      </object_component>
      <object_component id="oc-3c3">
         <name>.text:I2C_masterSendMultiByteNext</name>
         <load_address>0x1804</load_address>
         <run_address>0x1804</run_address>
         <size>0x34</size>
         <input_file_ref idref="fl-1e"/>
      </object_component>
      <object_component id="oc-24d">
         <name>.text:Timer32_setCount</name>
         <load_address>0x1838</load_address>
         <run_address>0x1838</run_address>
         <size>0x34</size>
         <input_file_ref idref="fl-22"/>
      </object_component>
      <object_component id="oc-55">
         <name>.text:_c_int00_noargs:_c_int00_noargs</name>
         <load_address>0x186c</load_address>
         <run_address>0x186c</run_address>
         <size>0x34</size>
         <input_file_ref idref="fl-df"/>
      </object_component>
      <object_component id="oc-15c">
         <name>.text:initI2c</name>
         <load_address>0x18a0</load_address>
         <run_address>0x18a0</run_address>
         <size>0x34</size>
         <input_file_ref idref="fl-6"/>
      </object_component>
      <object_component id="oc-31b">
         <name>.text:HAL_LCD_PortInit</name>
         <load_address>0x18d4</load_address>
         <run_address>0x18d4</run_address>
         <size>0x30</size>
         <input_file_ref idref="fl-b"/>
      </object_component>
      <object_component id="oc-162">
         <name>.text:initJoystick</name>
         <load_address>0x1904</load_address>
         <run_address>0x1904</run_address>
         <size>0x30</size>
         <input_file_ref idref="fl-4"/>
      </object_component>
      <object_component id="oc-99">
         <name>.text:main</name>
         <load_address>0x1934</load_address>
         <run_address>0x1934</run_address>
         <size>0x2e</size>
         <input_file_ref idref="fl-7"/>
      </object_component>
      <object_component id="oc-17b">
         <name>.text:ADC14_toggleConversionTrigger</name>
         <load_address>0x1964</load_address>
         <run_address>0x1964</run_address>
         <size>0x2c</size>
         <input_file_ref idref="fl-1b"/>
      </object_component>
      <object_component id="oc-394">
         <name>.text:Crystalfontz128x128_ClearScreen</name>
         <load_address>0x1990</load_address>
         <run_address>0x1990</run_address>
         <size>0x2c</size>
         <input_file_ref idref="fl-a"/>
      </object_component>
      <object_component id="oc-339">
         <name>.text:HAL_LCD_writeData</name>
         <load_address>0x19bc</load_address>
         <run_address>0x19bc</run_address>
         <size>0x2c</size>
         <input_file_ref idref="fl-b"/>
      </object_component>
      <object_component id="oc-16e">
         <name>.text:initRgbLed</name>
         <load_address>0x19e8</load_address>
         <run_address>0x19e8</run_address>
         <size>0x2c</size>
         <input_file_ref idref="fl-5"/>
      </object_component>
      <object_component id="oc-144">
         <name>.text:initAdc</name>
         <load_address>0x1a14</load_address>
         <run_address>0x1a14</run_address>
         <size>0x2a</size>
         <input_file_ref idref="fl-4"/>
      </object_component>
      <object_component id="oc-175">
         <name>.text:ADC14_enableConversion</name>
         <load_address>0x1a40</load_address>
         <run_address>0x1a40</run_address>
         <size>0x28</size>
         <input_file_ref idref="fl-1b"/>
      </object_component>
      <object_component id="oc-182">
         <name>.text:ADC14_getResult</name>
         <load_address>0x1a68</load_address>
         <run_address>0x1a68</run_address>
         <size>0x28</size>
         <input_file_ref idref="fl-1b"/>
      </object_component>
      <object_component id="oc-388">
         <name>.text:Crystalfontz128x128_ColorTranslate</name>
         <load_address>0x1a90</load_address>
         <run_address>0x1a90</run_address>
         <size>0x28</size>
         <input_file_ref idref="fl-a"/>
      </object_component>
      <object_component id="oc-32d">
         <name>.text:GPIO_setOutputHighOnPin</name>
         <load_address>0x1ab8</load_address>
         <run_address>0x1ab8</run_address>
         <size>0x28</size>
         <input_file_ref idref="fl-1d"/>
      </object_component>
      <object_component id="oc-327">
         <name>.text:GPIO_setOutputLowOnPin</name>
         <load_address>0x1ae0</load_address>
         <run_address>0x1ae0</run_address>
         <size>0x28</size>
         <input_file_ref idref="fl-1d"/>
      </object_component>
      <object_component id="oc-ca">
         <name>.text:WDT_A_holdTimer</name>
         <load_address>0x1b08</load_address>
         <run_address>0x1b08</run_address>
         <size>0x24</size>
         <input_file_ref idref="fl-23"/>
      </object_component>
      <object_component id="oc-d0">
         <name>.text:init</name>
         <load_address>0x1b2c</load_address>
         <run_address>0x1b2c</run_address>
         <size>0x24</size>
         <input_file_ref idref="fl-7"/>
      </object_component>
      <object_component id="oc-1ea">
         <name>.text:ADC14_setResolution</name>
         <load_address>0x1b50</load_address>
         <run_address>0x1b50</run_address>
         <size>0x20</size>
         <input_file_ref idref="fl-1b"/>
      </object_component>
      <object_component id="oc-2b7">
         <name>.text:I2C_setMode</name>
         <load_address>0x1b70</load_address>
         <run_address>0x1b70</run_address>
         <size>0x1c</size>
         <input_file_ref idref="fl-1e"/>
      </object_component>
      <object_component id="oc-404">
         <name>.text:SPI_enableModule</name>
         <load_address>0x1b8c</load_address>
         <run_address>0x1b8c</run_address>
         <size>0x1c</size>
         <input_file_ref idref="fl-20"/>
      </object_component>
      <object_component id="oc-43">
         <name>.text:decompress:ZI:__TI_zero_init_nomemset:__TI_zero_init_nomemset</name>
         <load_address>0x1ba8</load_address>
         <run_address>0x1ba8</run_address>
         <size>0x1c</size>
         <input_file_ref idref="fl-dc"/>
      </object_component>
      <object_component id="oc-dc">
         <name>.text:getJoystickSample</name>
         <load_address>0x1bc4</load_address>
         <run_address>0x1bc4</run_address>
         <size>0x1c</size>
         <input_file_ref idref="fl-4"/>
      </object_component>
      <object_component id="oc-18a">
         <name>.text:setSlaveI2c</name>
         <load_address>0x1be0</load_address>
         <run_address>0x1be0</run_address>
         <size>0x1c</size>
         <input_file_ref idref="fl-6"/>
      </object_component>
      <object_component id="oc-35a">
         <name>.text:Graphics_clearDisplayOnDisplay</name>
         <load_address>0x1bfc</load_address>
         <run_address>0x1bfc</run_address>
         <size>0x1a</size>
         <input_file_ref idref="fl-19"/>
      </object_component>
      <object_component id="oc-222">
         <name>.text:Graphics_setBackgroundColor</name>
         <load_address>0x1c16</load_address>
         <run_address>0x1c16</run_address>
         <size>0x1a</size>
         <input_file_ref idref="fl-18"/>
      </object_component>
      <object_component id="oc-228">
         <name>.text:Graphics_setFont</name>
         <load_address>0x1c30</load_address>
         <run_address>0x1c30</run_address>
         <size>0x1a</size>
         <input_file_ref idref="fl-18"/>
      </object_component>
      <object_component id="oc-2d5">
         <name>.text:I2C_masterReceiveStart</name>
         <load_address>0x1c4a</load_address>
         <run_address>0x1c4a</run_address>
         <size>0x1a</size>
         <input_file_ref idref="fl-1e"/>
      </object_component>
      <object_component id="oc-2c9">
         <name>.text:I2C_getInterruptStatus</name>
         <load_address>0x1c64</load_address>
         <run_address>0x1c64</run_address>
         <size>0x18</size>
         <input_file_ref idref="fl-1e"/>
      </object_component>
      <object_component id="oc-2bd">
         <name>.text:I2C_isBusBusy</name>
         <load_address>0x1c7c</load_address>
         <run_address>0x1c7c</run_address>
         <size>0x18</size>
         <input_file_ref idref="fl-1e"/>
      </object_component>
      <object_component id="oc-45c">
         <name>.text:EUSCI_A_SPI_enable</name>
         <load_address>0x1c94</load_address>
         <run_address>0x1c94</run_address>
         <size>0x16</size>
         <input_file_ref idref="fl-20"/>
      </object_component>
      <object_component id="oc-462">
         <name>.text:EUSCI_B_SPI_enable</name>
         <load_address>0x1caa</load_address>
         <run_address>0x1caa</run_address>
         <size>0x16</size>
         <input_file_ref idref="fl-20"/>
      </object_component>
      <object_component id="oc-21c">
         <name>.text:Graphics_setForegroundColor</name>
         <load_address>0x1cc0</load_address>
         <run_address>0x1cc0</run_address>
         <size>0x16</size>
         <input_file_ref idref="fl-18"/>
      </object_component>
      <object_component id="oc-351">
         <name>.text:Graphics_translateColorOnDisplay</name>
         <load_address>0x1cd6</load_address>
         <run_address>0x1cd6</run_address>
         <size>0x16</size>
         <input_file_ref idref="fl-19"/>
      </object_component>
      <object_component id="oc-2b0">
         <name>.text:I2C_clearInterruptFlag</name>
         <load_address>0x1cec</load_address>
         <run_address>0x1cec</run_address>
         <size>0x16</size>
         <input_file_ref idref="fl-1e"/>
      </object_component>
      <object_component id="oc-266">
         <name>.text:I2C_disableModule</name>
         <load_address>0x1d02</load_address>
         <run_address>0x1d02</run_address>
         <size>0x16</size>
         <input_file_ref idref="fl-1e"/>
      </object_component>
      <object_component id="oc-26c">
         <name>.text:I2C_enableModule</name>
         <load_address>0x1d18</load_address>
         <run_address>0x1d18</run_address>
         <size>0x16</size>
         <input_file_ref idref="fl-1e"/>
      </object_component>
      <object_component id="oc-2db">
         <name>.text:I2C_masterReceiveMultiByteNext</name>
         <load_address>0x1d2e</load_address>
         <run_address>0x1d2e</run_address>
         <size>0x14</size>
         <input_file_ref idref="fl-1e"/>
      </object_component>
      <object_component id="oc-2aa">
         <name>.text:I2C_setSlaveAddress</name>
         <load_address>0x1d42</load_address>
         <run_address>0x1d42</run_address>
         <size>0x14</size>
         <input_file_ref idref="fl-1e"/>
      </object_component>
      <object_component id="oc-168">
         <name>.text:initLightSensor</name>
         <load_address>0x1d56</load_address>
         <run_address>0x1d56</run_address>
         <size>0x14</size>
         <input_file_ref idref="fl-6"/>
      </object_component>
      <object_component id="oc-22e">
         <name>.text:Graphics_clearDisplay</name>
         <load_address>0x1d6a</load_address>
         <run_address>0x1d6a</run_address>
         <size>0x12</size>
         <input_file_ref idref="fl-18"/>
      </object_component>
      <object_component id="oc-291">
         <name>.text:ADCIsConversionRunning</name>
         <load_address>0x1d7c</load_address>
         <run_address>0x1d7c</run_address>
         <size>0x10</size>
         <input_file_ref idref="fl-1b"/>
      </object_component>
      <object_component id="oc-1d">
         <name>.text:decompress:none:__TI_decompress_none</name>
         <load_address>0x1d8c</load_address>
         <run_address>0x1d8c</run_address>
         <size>0xe</size>
         <input_file_ref idref="fl-dd"/>
      </object_component>
      <object_component id="oc-1de">
         <name>.text:ADC14_enableModule</name>
         <load_address>0x1d9c</load_address>
         <run_address>0x1d9c</run_address>
         <size>0xc</size>
         <input_file_ref idref="fl-1b"/>
      </object_component>
      <object_component id="oc-67">
         <name>.text:Reset_Handler</name>
         <load_address>0x1da8</load_address>
         <run_address>0x1da8</run_address>
         <size>0xc</size>
         <input_file_ref idref="fl-c"/>
      </object_component>
      <object_component id="oc-d6">
         <name>.text:startAdc</name>
         <load_address>0x1db4</load_address>
         <run_address>0x1db4</run_address>
         <size>0xc</size>
         <input_file_ref idref="fl-4"/>
      </object_component>
      <object_component id="oc-38e">
         <name>.text:Crystalfontz128x128_Flush</name>
         <load_address>0x1dc0</load_address>
         <run_address>0x1dc0</run_address>
         <size>0xa</size>
         <input_file_ref idref="fl-a"/>
      </object_component>
      <object_component id="oc-93">
         <name>.text:_system_pre_init</name>
         <load_address>0x1dca</load_address>
         <run_address>0x1dca</run_address>
         <size>0x4</size>
         <input_file_ref idref="fl-e4"/>
      </object_component>
      <object_component id="oc-f4">
         <name>.text:abort:abort</name>
         <load_address>0x1dce</load_address>
         <run_address>0x1dce</run_address>
         <size>0x4</size>
         <input_file_ref idref="fl-e6"/>
      </object_component>
      <object_component id="oc-39c">
         <name>.const:.string:g_pucFontFixed6x8Data</name>
         <load_address>0x1dd4</load_address>
         <run_address>0x1dd4</run_address>
         <size>0x2f8</size>
         <input_file_ref idref="fl-1a"/>
      </object_component>
      <object_component id="oc-23d">
         <name>.const:g_sFontFixed6x8</name>
         <load_address>0x20cc</load_address>
         <run_address>0x20cc</run_address>
         <size>0xc8</size>
         <input_file_ref idref="fl-1a"/>
      </object_component>
      <object_component id="oc-29f">
         <name>.const:_ctlRegs</name>
         <load_address>0x2194</load_address>
         <run_address>0x2194</run_address>
         <size>0x80</size>
         <input_file_ref idref="fl-1b"/>
      </object_component>
      <object_component id="oc-316">
         <name>.const:GPIO_PORT_TO_BASE</name>
         <load_address>0x2214</load_address>
         <run_address>0x2214</run_address>
         <size>0x30</size>
         <input_file_ref idref="fl-1d"/>
      </object_component>
      <object_component id="oc-23a">
         <name>.const:g_sCrystalfontz128x128_funcs</name>
         <load_address>0x2244</load_address>
         <run_address>0x2244</run_address>
         <size>0x20</size>
         <input_file_ref idref="fl-a"/>
      </object_component>
      <object_component id="oc-40a">
         <name>.const:$P$T0$1</name>
         <load_address>0x2264</load_address>
         <run_address>0x2264</run_address>
         <size>0x1c</size>
         <input_file_ref idref="fl-b"/>
      </object_component>
      <object_component id="oc-272">
         <name>.const:i2cConfig</name>
         <load_address>0x2280</load_address>
         <run_address>0x2280</run_address>
         <size>0x14</size>
         <input_file_ref idref="fl-6"/>
      </object_component>
      <object_component id="oc-42a">
         <name>.const:$P$T0$1</name>
         <load_address>0x2294</load_address>
         <run_address>0x2294</run_address>
         <size>0x8</size>
         <input_file_ref idref="fl-a"/>
      </object_component>
      <object_component id="oc-4b1">
         <name>.cinit..data.load</name>
         <load_address>0x22a0</load_address>
         <run_address>0x22a0</run_address>
         <size>0xd</size>
      </object_component>
      <object_component id="oc-4af">
         <name>__TI_handler_table</name>
         <load_address>0x22b0</load_address>
         <run_address>0x22b0</run_address>
         <size>0xc</size>
      </object_component>
      <object_component id="oc-4b2">
         <name>.cinit..bss.load</name>
         <load_address>0x22c0</load_address>
         <run_address>0x22c0</run_address>
         <size>0x8</size>
      </object_component>
      <object_component id="oc-4b0">
         <name>__TI_cinit_table</name>
         <load_address>0x22c8</load_address>
         <run_address>0x22c8</run_address>
         <size>0x10</size>
      </object_component>
      <object_component id="oc-483">
         <name>.binit</name>
         <load_address>0x0</load_address>
         <run_address>0x0</run_address>
         <size>0x0</size>
      </object_component>
      <object_component id="oc-237">
         <name>.data:g_sCrystalfontz128x128</name>
         <load_address>0x20000028</load_address>
         <run_address>0x20000028</run_address>
         <size>0x10</size>
         <input_file_ref idref="fl-a"/>
      </object_component>
      <object_component id="oc-234">
         <name>.bss:g_sContext</name>
         <uninitialized>true</uninitialized>
         <run_address>0x20000000</run_address>
         <size>0x1c</size>
         <input_file_ref idref="fl-3"/>
      </object_component>
      <object_component id="oc-34e">
         <name>.common:Lcd_Orientation</name>
         <uninitialized>true</uninitialized>
         <run_address>0x20000024</run_address>
         <size>0x1</size>
      </object_component>
      <object_component id="oc-345">
         <name>.common:Lcd_ScreenWidth</name>
         <uninitialized>true</uninitialized>
         <run_address>0x2000001e</run_address>
         <size>0x2</size>
      </object_component>
      <object_component id="oc-348">
         <name>.common:Lcd_ScreenHeigth</name>
         <uninitialized>true</uninitialized>
         <run_address>0x2000001c</run_address>
         <size>0x2</size>
      </object_component>
      <object_component id="oc-349">
         <name>.common:Lcd_PenSolid</name>
         <uninitialized>true</uninitialized>
         <run_address>0x20000025</run_address>
         <size>0x1</size>
      </object_component>
      <object_component id="oc-34a">
         <name>.common:Lcd_FontSolid</name>
         <uninitialized>true</uninitialized>
         <run_address>0x20000023</run_address>
         <size>0x1</size>
      </object_component>
      <object_component id="oc-34b">
         <name>.common:Lcd_FlagRead</name>
         <uninitialized>true</uninitialized>
         <run_address>0x20000022</run_address>
         <size>0x1</size>
      </object_component>
      <object_component id="oc-34c">
         <name>.common:Lcd_TouchTrim</name>
         <uninitialized>true</uninitialized>
         <run_address>0x20000020</run_address>
         <size>0x2</size>
      </object_component>
      <object_component id="oc-29">
         <name>.stack</name>
         <uninitialized>true</uninitialized>
         <run_address>0x2000fe00</run_address>
         <size>0x4</size>
         <input_file_ref idref="fl-df"/>
      </object_component>
      <object_component id="oc-4b4">
         <name>.stack</name>
         <uninitialized>true</uninitialized>
         <run_address>0x2000fe00</run_address>
         <size>0x0</size>
      </object_component>
      <object_component id="oc-13d">
         <name>.debug_info</name>
         <load_address>0x0</load_address>
         <run_address>0x0</run_address>
         <size>0x6b6</size>
         <input_file_ref idref="fl-2"/>
      </object_component>
      <object_component id="oc-14b">
         <name>.debug_info</name>
         <load_address>0x6b6</load_address>
         <run_address>0x6b6</run_address>
         <size>0x1dc</size>
         <input_file_ref idref="fl-2"/>
      </object_component>
      <object_component id="oc-1c0">
         <name>.debug_info</name>
         <load_address>0x892</load_address>
         <run_address>0x892</run_address>
         <size>0x5a</size>
         <input_file_ref idref="fl-2"/>
      </object_component>
      <object_component id="oc-1c5">
         <name>.debug_info</name>
         <load_address>0x8ec</load_address>
         <run_address>0x8ec</run_address>
         <size>0x72</size>
         <input_file_ref idref="fl-2"/>
      </object_component>
      <object_component id="oc-b5">
         <name>.debug_info</name>
         <load_address>0x95e</load_address>
         <run_address>0x95e</run_address>
         <size>0x26b</size>
         <input_file_ref idref="fl-2"/>
      </object_component>
      <object_component id="oc-1cf">
         <name>.debug_info</name>
         <load_address>0xbc9</load_address>
         <run_address>0xbc9</run_address>
         <size>0x1028</size>
         <input_file_ref idref="fl-2"/>
      </object_component>
      <object_component id="oc-1ca">
         <name>.debug_info</name>
         <load_address>0x1bf1</load_address>
         <run_address>0x1bf1</run_address>
         <size>0x37e2</size>
         <input_file_ref idref="fl-2"/>
      </object_component>
      <object_component id="oc-2ea">
         <name>.debug_info</name>
         <load_address>0x53d3</load_address>
         <run_address>0x53d3</run_address>
         <size>0x9a</size>
         <input_file_ref idref="fl-2"/>
      </object_component>
      <object_component id="oc-138">
         <name>.debug_info</name>
         <load_address>0x546d</load_address>
         <run_address>0x546d</run_address>
         <size>0x8b</size>
         <input_file_ref idref="fl-2"/>
      </object_component>
      <object_component id="oc-133">
         <name>.debug_info</name>
         <load_address>0x54f8</load_address>
         <run_address>0x54f8</run_address>
         <size>0x2a4</size>
         <input_file_ref idref="fl-2"/>
      </object_component>
      <object_component id="oc-1d4">
         <name>.debug_info</name>
         <load_address>0x579c</load_address>
         <run_address>0x579c</run_address>
         <size>0xef</size>
         <input_file_ref idref="fl-2"/>
      </object_component>
      <object_component id="oc-198">
         <name>.debug_info</name>
         <load_address>0x588b</load_address>
         <run_address>0x588b</run_address>
         <size>0xbb</size>
         <input_file_ref idref="fl-2"/>
      </object_component>
      <object_component id="oc-40e">
         <name>.debug_info</name>
         <load_address>0x5946</load_address>
         <run_address>0x5946</run_address>
         <size>0x131</size>
         <input_file_ref idref="fl-2"/>
      </object_component>
      <object_component id="oc-422">
         <name>.debug_info</name>
         <load_address>0x5a77</load_address>
         <run_address>0x5a77</run_address>
         <size>0x935</size>
         <input_file_ref idref="fl-3"/>
      </object_component>
      <object_component id="oc-235">
         <name>.debug_info</name>
         <load_address>0x63ac</load_address>
         <run_address>0x63ac</run_address>
         <size>0xda</size>
         <input_file_ref idref="fl-3"/>
      </object_component>
      <object_component id="oc-151">
         <name>.debug_info</name>
         <load_address>0x6486</load_address>
         <run_address>0x6486</run_address>
         <size>0x1eb</size>
         <input_file_ref idref="fl-3"/>
      </object_component>
      <object_component id="oc-363">
         <name>.debug_info</name>
         <load_address>0x6671</load_address>
         <run_address>0x6671</run_address>
         <size>0x439</size>
         <input_file_ref idref="fl-3"/>
      </object_component>
      <object_component id="oc-32">
         <name>.debug_info</name>
         <load_address>0x6aaa</load_address>
         <run_address>0x6aaa</run_address>
         <size>0x84</size>
         <input_file_ref idref="fl-3"/>
      </object_component>
      <object_component id="oc-189">
         <name>.debug_info</name>
         <load_address>0x6b2e</load_address>
         <run_address>0x6b2e</run_address>
         <size>0x81b</size>
         <input_file_ref idref="fl-4"/>
      </object_component>
      <object_component id="oc-146">
         <name>.debug_info</name>
         <load_address>0x7349</load_address>
         <run_address>0x7349</run_address>
         <size>0x196</size>
         <input_file_ref idref="fl-4"/>
      </object_component>
      <object_component id="oc-d7">
         <name>.debug_info</name>
         <load_address>0x74df</load_address>
         <run_address>0x74df</run_address>
         <size>0x14a</size>
         <input_file_ref idref="fl-4"/>
      </object_component>
      <object_component id="oc-163">
         <name>.debug_info</name>
         <load_address>0x7629</load_address>
         <run_address>0x7629</run_address>
         <size>0x1bf</size>
         <input_file_ref idref="fl-4"/>
      </object_component>
      <object_component id="oc-de">
         <name>.debug_info</name>
         <load_address>0x77e8</load_address>
         <run_address>0x77e8</run_address>
         <size>0x175</size>
         <input_file_ref idref="fl-4"/>
      </object_component>
      <object_component id="oc-e9">
         <name>.debug_info</name>
         <load_address>0x795d</load_address>
         <run_address>0x795d</run_address>
         <size>0x153</size>
         <input_file_ref idref="fl-4"/>
      </object_component>
      <object_component id="oc-ef">
         <name>.debug_info</name>
         <load_address>0x7ab0</load_address>
         <run_address>0x7ab0</run_address>
         <size>0x87</size>
         <input_file_ref idref="fl-4"/>
      </object_component>
      <object_component id="oc-16f">
         <name>.debug_info</name>
         <load_address>0x7b37</load_address>
         <run_address>0x7b37</run_address>
         <size>0x180</size>
         <input_file_ref idref="fl-5"/>
      </object_component>
      <object_component id="oc-197">
         <name>.debug_info</name>
         <load_address>0x7cb7</load_address>
         <run_address>0x7cb7</run_address>
         <size>0x9aa</size>
         <input_file_ref idref="fl-6"/>
      </object_component>
      <object_component id="oc-273">
         <name>.debug_info</name>
         <load_address>0x8661</load_address>
         <run_address>0x8661</run_address>
         <size>0xdd</size>
         <input_file_ref idref="fl-6"/>
      </object_component>
      <object_component id="oc-15d">
         <name>.debug_info</name>
         <load_address>0x873e</load_address>
         <run_address>0x873e</run_address>
         <size>0x1bb</size>
         <input_file_ref idref="fl-6"/>
      </object_component>
      <object_component id="oc-191">
         <name>.debug_info</name>
         <load_address>0x88f9</load_address>
         <run_address>0x88f9</run_address>
         <size>0x2b4</size>
         <input_file_ref idref="fl-6"/>
      </object_component>
      <object_component id="oc-284">
         <name>.debug_info</name>
         <load_address>0x8bad</load_address>
         <run_address>0x8bad</run_address>
         <size>0x213</size>
         <input_file_ref idref="fl-6"/>
      </object_component>
      <object_component id="oc-18b">
         <name>.debug_info</name>
         <load_address>0x8dc0</load_address>
         <run_address>0x8dc0</run_address>
         <size>0x181</size>
         <input_file_ref idref="fl-6"/>
      </object_component>
      <object_component id="oc-169">
         <name>.debug_info</name>
         <load_address>0x8f41</load_address>
         <run_address>0x8f41</run_address>
         <size>0x144</size>
         <input_file_ref idref="fl-6"/>
      </object_component>
      <object_component id="oc-e3">
         <name>.debug_info</name>
         <load_address>0x9085</load_address>
         <run_address>0x9085</run_address>
         <size>0x19e</size>
         <input_file_ref idref="fl-6"/>
      </object_component>
      <object_component id="oc-d1">
         <name>.debug_info</name>
         <load_address>0x9223</load_address>
         <run_address>0x9223</run_address>
         <size>0x183</size>
         <input_file_ref idref="fl-7"/>
      </object_component>
      <object_component id="oc-9b">
         <name>.debug_info</name>
         <load_address>0x93a6</load_address>
         <run_address>0x93a6</run_address>
         <size>0x1ad</size>
         <input_file_ref idref="fl-7"/>
      </object_component>
      <object_component id="oc-ad">
         <name>.debug_info</name>
         <load_address>0x9553</load_address>
         <run_address>0x9553</run_address>
         <size>0x12e</size>
         <input_file_ref idref="fl-8"/>
      </object_component>
      <object_component id="oc-158">
         <name>.debug_info</name>
         <load_address>0x9681</load_address>
         <run_address>0x9681</run_address>
         <size>0x1c9</size>
         <input_file_ref idref="fl-9"/>
      </object_component>
      <object_component id="oc-346">
         <name>.debug_info</name>
         <load_address>0x984a</load_address>
         <run_address>0x984a</run_address>
         <size>0x92c</size>
         <input_file_ref idref="fl-a"/>
      </object_component>
      <object_component id="oc-238">
         <name>.debug_info</name>
         <load_address>0xa176</load_address>
         <run_address>0xa176</run_address>
         <size>0x110</size>
         <input_file_ref idref="fl-a"/>
      </object_component>
      <object_component id="oc-23b">
         <name>.debug_info</name>
         <load_address>0xa286</load_address>
         <run_address>0xa286</run_address>
         <size>0x11c</size>
         <input_file_ref idref="fl-a"/>
      </object_component>
      <object_component id="oc-42b">
         <name>.debug_info</name>
         <load_address>0xa3a2</load_address>
         <run_address>0xa3a2</run_address>
         <size>0xf1</size>
         <input_file_ref idref="fl-a"/>
      </object_component>
      <object_component id="oc-20b">
         <name>.debug_info</name>
         <load_address>0xa493</load_address>
         <run_address>0xa493</run_address>
         <size>0x3e3</size>
         <input_file_ref idref="fl-a"/>
      </object_component>
      <object_component id="oc-340">
         <name>.debug_info</name>
         <load_address>0xa876</load_address>
         <run_address>0xa876</run_address>
         <size>0x2ef</size>
         <input_file_ref idref="fl-a"/>
      </object_component>
      <object_component id="oc-212">
         <name>.debug_info</name>
         <load_address>0xab65</load_address>
         <run_address>0xab65</run_address>
         <size>0x24b</size>
         <input_file_ref idref="fl-a"/>
      </object_component>
      <object_component id="oc-36b">
         <name>.debug_info</name>
         <load_address>0xadb0</load_address>
         <run_address>0xadb0</run_address>
         <size>0x290</size>
         <input_file_ref idref="fl-a"/>
      </object_component>
      <object_component id="oc-371">
         <name>.debug_info</name>
         <load_address>0xb040</load_address>
         <run_address>0xb040</run_address>
         <size>0x3f3</size>
         <input_file_ref idref="fl-a"/>
      </object_component>
      <object_component id="oc-378">
         <name>.debug_info</name>
         <load_address>0xb433</load_address>
         <run_address>0xb433</run_address>
         <size>0x2ab</size>
         <input_file_ref idref="fl-a"/>
      </object_component>
      <object_component id="oc-37d">
         <name>.debug_info</name>
         <load_address>0xb6de</load_address>
         <run_address>0xb6de</run_address>
         <size>0x2ab</size>
         <input_file_ref idref="fl-a"/>
      </object_component>
      <object_component id="oc-383">
         <name>.debug_info</name>
         <load_address>0xb989</load_address>
         <run_address>0xb989</run_address>
         <size>0x2dc</size>
         <input_file_ref idref="fl-a"/>
      </object_component>
      <object_component id="oc-389">
         <name>.debug_info</name>
         <load_address>0xbc65</load_address>
         <run_address>0xbc65</run_address>
         <size>0x1f9</size>
         <input_file_ref idref="fl-a"/>
      </object_component>
      <object_component id="oc-38f">
         <name>.debug_info</name>
         <load_address>0xbe5e</load_address>
         <run_address>0xbe5e</run_address>
         <size>0x1b4</size>
         <input_file_ref idref="fl-a"/>
      </object_component>
      <object_component id="oc-395">
         <name>.debug_info</name>
         <load_address>0xc012</load_address>
         <run_address>0xc012</run_address>
         <size>0x224</size>
         <input_file_ref idref="fl-a"/>
      </object_component>
      <object_component id="oc-41a">
         <name>.debug_info</name>
         <load_address>0xc236</load_address>
         <run_address>0xc236</run_address>
         <size>0x37e2</size>
         <input_file_ref idref="fl-a"/>
      </object_component>
      <object_component id="oc-46b">
         <name>.debug_info</name>
         <load_address>0xfa18</load_address>
         <run_address>0xfa18</run_address>
         <size>0x872</size>
         <input_file_ref idref="fl-b"/>
      </object_component>
      <object_component id="oc-40b">
         <name>.debug_info</name>
         <load_address>0x1028a</load_address>
         <run_address>0x1028a</run_address>
         <size>0x104</size>
         <input_file_ref idref="fl-b"/>
      </object_component>
      <object_component id="oc-31c">
         <name>.debug_info</name>
         <load_address>0x1038e</load_address>
         <run_address>0x1038e</run_address>
         <size>0x25b</size>
         <input_file_ref idref="fl-b"/>
      </object_component>
      <object_component id="oc-322">
         <name>.debug_info</name>
         <load_address>0x105e9</load_address>
         <run_address>0x105e9</run_address>
         <size>0x224</size>
         <input_file_ref idref="fl-b"/>
      </object_component>
      <object_component id="oc-334">
         <name>.debug_info</name>
         <load_address>0x1080d</load_address>
         <run_address>0x1080d</run_address>
         <size>0x21b</size>
         <input_file_ref idref="fl-b"/>
      </object_component>
      <object_component id="oc-33a">
         <name>.debug_info</name>
         <load_address>0x10a28</load_address>
         <run_address>0x10a28</run_address>
         <size>0x1ce</size>
         <input_file_ref idref="fl-b"/>
      </object_component>
      <object_component id="oc-75">
         <name>.debug_info</name>
         <load_address>0x10bf6</load_address>
         <run_address>0x10bf6</run_address>
         <size>0x2ce</size>
         <input_file_ref idref="fl-c"/>
      </object_component>
      <object_component id="oc-27">
         <name>.debug_info</name>
         <load_address>0x10ec4</load_address>
         <run_address>0x10ec4</run_address>
         <size>0xfa</size>
         <input_file_ref idref="fl-c"/>
      </object_component>
      <object_component id="oc-68">
         <name>.debug_info</name>
         <load_address>0x10fbe</load_address>
         <run_address>0x10fbe</run_address>
         <size>0x15d</size>
         <input_file_ref idref="fl-c"/>
      </object_component>
      <object_component id="oc-6e">
         <name>.debug_info</name>
         <load_address>0x1111b</load_address>
         <run_address>0x1111b</run_address>
         <size>0x145</size>
         <input_file_ref idref="fl-c"/>
      </object_component>
      <object_component id="oc-310">
         <name>.debug_info</name>
         <load_address>0x11260</load_address>
         <run_address>0x11260</run_address>
         <size>0x561</size>
         <input_file_ref idref="fl-18"/>
      </object_component>
      <object_component id="oc-219">
         <name>.debug_info</name>
         <load_address>0x117c1</load_address>
         <run_address>0x117c1</run_address>
         <size>0x1ef</size>
         <input_file_ref idref="fl-18"/>
      </object_component>
      <object_component id="oc-225">
         <name>.debug_info</name>
         <load_address>0x119b0</load_address>
         <run_address>0x119b0</run_address>
         <size>0x203</size>
         <input_file_ref idref="fl-18"/>
      </object_component>
      <object_component id="oc-22b">
         <name>.debug_info</name>
         <load_address>0x11bb3</load_address>
         <run_address>0x11bb3</run_address>
         <size>0x1d0</size>
         <input_file_ref idref="fl-18"/>
      </object_component>
      <object_component id="oc-21f">
         <name>.debug_info</name>
         <load_address>0x11d83</load_address>
         <run_address>0x11d83</run_address>
         <size>0x1f6</size>
         <input_file_ref idref="fl-18"/>
      </object_component>
      <object_component id="oc-232">
         <name>.debug_info</name>
         <load_address>0x11f79</load_address>
         <run_address>0x11f79</run_address>
         <size>0x1c3</size>
         <input_file_ref idref="fl-18"/>
      </object_component>
      <object_component id="oc-3f5">
         <name>.debug_info</name>
         <load_address>0x1213c</load_address>
         <run_address>0x1213c</run_address>
         <size>0x26b</size>
         <input_file_ref idref="fl-18"/>
      </object_component>
      <object_component id="oc-3f0">
         <name>.debug_info</name>
         <load_address>0x123a7</load_address>
         <run_address>0x123a7</run_address>
         <size>0x439</size>
         <input_file_ref idref="fl-18"/>
      </object_component>
      <object_component id="oc-1d9">
         <name>.debug_info</name>
         <load_address>0x127e0</load_address>
         <run_address>0x127e0</run_address>
         <size>0x297</size>
         <input_file_ref idref="fl-18"/>
      </object_component>
      <object_component id="oc-2a3">
         <name>.debug_info</name>
         <load_address>0x12a77</load_address>
         <run_address>0x12a77</run_address>
         <size>0xef</size>
         <input_file_ref idref="fl-18"/>
      </object_component>
      <object_component id="oc-13f">
         <name>.debug_info</name>
         <load_address>0x12b66</load_address>
         <run_address>0x12b66</run_address>
         <size>0xbb</size>
         <input_file_ref idref="fl-18"/>
      </object_component>
      <object_component id="oc-420">
         <name>.debug_info</name>
         <load_address>0x12c21</load_address>
         <run_address>0x12c21</run_address>
         <size>0x3fb</size>
         <input_file_ref idref="fl-19"/>
      </object_component>
      <object_component id="oc-353">
         <name>.debug_info</name>
         <load_address>0x1301c</load_address>
         <run_address>0x1301c</run_address>
         <size>0x1e3</size>
         <input_file_ref idref="fl-19"/>
      </object_component>
      <object_component id="oc-35c">
         <name>.debug_info</name>
         <load_address>0x131ff</load_address>
         <run_address>0x131ff</run_address>
         <size>0x1db</size>
         <input_file_ref idref="fl-19"/>
      </object_component>
      <object_component id="oc-3a1">
         <name>.debug_info</name>
         <load_address>0x133da</load_address>
         <run_address>0x133da</run_address>
         <size>0x27c</size>
         <input_file_ref idref="fl-1a"/>
      </object_component>
      <object_component id="oc-39d">
         <name>.debug_info</name>
         <load_address>0x13656</load_address>
         <run_address>0x13656</run_address>
         <size>0x13a</size>
         <input_file_ref idref="fl-1a"/>
      </object_component>
      <object_component id="oc-23e">
         <name>.debug_info</name>
         <load_address>0x13790</load_address>
         <run_address>0x13790</run_address>
         <size>0x12f</size>
         <input_file_ref idref="fl-1a"/>
      </object_component>
      <object_component id="oc-3c1">
         <name>.debug_info</name>
         <load_address>0x138bf</load_address>
         <run_address>0x138bf</run_address>
         <size>0x706</size>
         <input_file_ref idref="fl-1b"/>
      </object_component>
      <object_component id="oc-2a0">
         <name>.debug_info</name>
         <load_address>0x13fc5</load_address>
         <run_address>0x13fc5</run_address>
         <size>0x124</size>
         <input_file_ref idref="fl-1b"/>
      </object_component>
      <object_component id="oc-29a">
         <name>.debug_info</name>
         <load_address>0x140e9</load_address>
         <run_address>0x140e9</run_address>
         <size>0x1d9</size>
         <input_file_ref idref="fl-1b"/>
      </object_component>
      <object_component id="oc-292">
         <name>.debug_info</name>
         <load_address>0x142c2</load_address>
         <run_address>0x142c2</run_address>
         <size>0x1b8</size>
         <input_file_ref idref="fl-1b"/>
      </object_component>
      <object_component id="oc-1df">
         <name>.debug_info</name>
         <load_address>0x1447a</load_address>
         <run_address>0x1447a</run_address>
         <size>0x1ad</size>
         <input_file_ref idref="fl-1b"/>
      </object_component>
      <object_component id="oc-1f7">
         <name>.debug_info</name>
         <load_address>0x14627</load_address>
         <run_address>0x14627</run_address>
         <size>0x233</size>
         <input_file_ref idref="fl-1b"/>
      </object_component>
      <object_component id="oc-1e5">
         <name>.debug_info</name>
         <load_address>0x1485a</load_address>
         <run_address>0x1485a</run_address>
         <size>0x2fa</size>
         <input_file_ref idref="fl-1b"/>
      </object_component>
      <object_component id="oc-1eb">
         <name>.debug_info</name>
         <load_address>0x14b54</load_address>
         <run_address>0x14b54</run_address>
         <size>0x1ea</size>
         <input_file_ref idref="fl-1b"/>
      </object_component>
      <object_component id="oc-1f1">
         <name>.debug_info</name>
         <load_address>0x14d3e</load_address>
         <run_address>0x14d3e</run_address>
         <size>0x308</size>
         <input_file_ref idref="fl-1b"/>
      </object_component>
      <object_component id="oc-176">
         <name>.debug_info</name>
         <load_address>0x15046</load_address>
         <run_address>0x15046</run_address>
         <size>0x1d9</size>
         <input_file_ref idref="fl-1b"/>
      </object_component>
      <object_component id="oc-17c">
         <name>.debug_info</name>
         <load_address>0x1521f</load_address>
         <run_address>0x1521f</run_address>
         <size>0x1ca</size>
         <input_file_ref idref="fl-1b"/>
      </object_component>
      <object_component id="oc-277">
         <name>.debug_info</name>
         <load_address>0x153e9</load_address>
         <run_address>0x153e9</run_address>
         <size>0x38b</size>
         <input_file_ref idref="fl-1b"/>
      </object_component>
      <object_component id="oc-183">
         <name>.debug_info</name>
         <load_address>0x15774</load_address>
         <run_address>0x15774</run_address>
         <size>0x22f</size>
         <input_file_ref idref="fl-1b"/>
      </object_component>
      <object_component id="oc-43d">
         <name>.debug_info</name>
         <load_address>0x159a3</load_address>
         <run_address>0x159a3</run_address>
         <size>0x431a</size>
         <input_file_ref idref="fl-1b"/>
      </object_component>
      <object_component id="oc-442">
         <name>.debug_info</name>
         <load_address>0x19cbd</load_address>
         <run_address>0x19cbd</run_address>
         <size>0x1028</size>
         <input_file_ref idref="fl-1b"/>
      </object_component>
      <object_component id="oc-3b5">
         <name>.debug_info</name>
         <load_address>0x1ace5</load_address>
         <run_address>0x1ace5</run_address>
         <size>0x807</size>
         <input_file_ref idref="fl-1c"/>
      </object_component>
      <object_component id="oc-3ab">
         <name>.debug_info</name>
         <load_address>0x1b4ec</load_address>
         <run_address>0x1b4ec</run_address>
         <size>0x1e5</size>
         <input_file_ref idref="fl-1c"/>
      </object_component>
      <object_component id="oc-3b1">
         <name>.debug_info</name>
         <load_address>0x1b6d1</load_address>
         <run_address>0x1b6d1</run_address>
         <size>0x233</size>
         <input_file_ref idref="fl-1c"/>
      </object_component>
      <object_component id="oc-244">
         <name>.debug_info</name>
         <load_address>0x1b904</load_address>
         <run_address>0x1b904</run_address>
         <size>0x3bf</size>
         <input_file_ref idref="fl-1c"/>
      </object_component>
      <object_component id="oc-438">
         <name>.debug_info</name>
         <load_address>0x1bcc3</load_address>
         <run_address>0x1bcc3</run_address>
         <size>0x1b5</size>
         <input_file_ref idref="fl-1c"/>
      </object_component>
      <object_component id="oc-3fc">
         <name>.debug_info</name>
         <load_address>0x1be78</load_address>
         <run_address>0x1be78</run_address>
         <size>0x701</size>
         <input_file_ref idref="fl-1d"/>
      </object_component>
      <object_component id="oc-317">
         <name>.debug_info</name>
         <load_address>0x1c579</load_address>
         <run_address>0x1c579</run_address>
         <size>0x135</size>
         <input_file_ref idref="fl-1d"/>
      </object_component>
      <object_component id="oc-28b">
         <name>.debug_info</name>
         <load_address>0x1c6ae</load_address>
         <run_address>0x1c6ae</run_address>
         <size>0x252</size>
         <input_file_ref idref="fl-1d"/>
      </object_component>
      <object_component id="oc-1fe">
         <name>.debug_info</name>
         <load_address>0x1c900</load_address>
         <run_address>0x1c900</run_address>
         <size>0x250</size>
         <input_file_ref idref="fl-1d"/>
      </object_component>
      <object_component id="oc-25b">
         <name>.debug_info</name>
         <load_address>0x1cb50</load_address>
         <run_address>0x1cb50</run_address>
         <size>0x2a5</size>
         <input_file_ref idref="fl-1d"/>
      </object_component>
      <object_component id="oc-27f">
         <name>.debug_info</name>
         <load_address>0x1cdf5</load_address>
         <run_address>0x1cdf5</run_address>
         <size>0x2a3</size>
         <input_file_ref idref="fl-1d"/>
      </object_component>
      <object_component id="oc-330">
         <name>.debug_info</name>
         <load_address>0x1d098</load_address>
         <run_address>0x1d098</run_address>
         <size>0x25a</size>
         <input_file_ref idref="fl-1d"/>
      </object_component>
      <object_component id="oc-329">
         <name>.debug_info</name>
         <load_address>0x1d2f2</load_address>
         <run_address>0x1d2f2</run_address>
         <size>0x258</size>
         <input_file_ref idref="fl-1d"/>
      </object_component>
      <object_component id="oc-205">
         <name>.debug_info</name>
         <load_address>0x1d54a</load_address>
         <run_address>0x1d54a</run_address>
         <size>0x274</size>
         <input_file_ref idref="fl-1d"/>
      </object_component>
      <object_component id="oc-3bb">
         <name>.debug_info</name>
         <load_address>0x1d7be</load_address>
         <run_address>0x1d7be</run_address>
         <size>0x6f0</size>
         <input_file_ref idref="fl-1e"/>
      </object_component>
      <object_component id="oc-262">
         <name>.debug_info</name>
         <load_address>0x1deae</load_address>
         <run_address>0x1deae</run_address>
         <size>0x23b</size>
         <input_file_ref idref="fl-1e"/>
      </object_component>
      <object_component id="oc-26e">
         <name>.debug_info</name>
         <load_address>0x1e0e9</load_address>
         <run_address>0x1e0e9</run_address>
         <size>0x1ee</size>
         <input_file_ref idref="fl-1e"/>
      </object_component>
      <object_component id="oc-268">
         <name>.debug_info</name>
         <load_address>0x1e2d7</load_address>
         <run_address>0x1e2d7</run_address>
         <size>0x1f0</size>
         <input_file_ref idref="fl-1e"/>
      </object_component>
      <object_component id="oc-2ac">
         <name>.debug_info</name>
         <load_address>0x1e4c7</load_address>
         <run_address>0x1e4c7</run_address>
         <size>0x237</size>
         <input_file_ref idref="fl-1e"/>
      </object_component>
      <object_component id="oc-2b9">
         <name>.debug_info</name>
         <load_address>0x1e6fe</load_address>
         <run_address>0x1e6fe</run_address>
         <size>0x207</size>
         <input_file_ref idref="fl-1e"/>
      </object_component>
      <object_component id="oc-2bf">
         <name>.debug_info</name>
         <load_address>0x1e905</load_address>
         <run_address>0x1e905</run_address>
         <size>0x1ec</size>
         <input_file_ref idref="fl-1e"/>
      </object_component>
      <object_component id="oc-2c5">
         <name>.debug_info</name>
         <load_address>0x1eaf1</load_address>
         <run_address>0x1eaf1</run_address>
         <size>0x252</size>
         <input_file_ref idref="fl-1e"/>
      </object_component>
      <object_component id="oc-3c5">
         <name>.debug_info</name>
         <load_address>0x1ed43</load_address>
         <run_address>0x1ed43</run_address>
         <size>0x232</size>
         <input_file_ref idref="fl-1e"/>
      </object_component>
      <object_component id="oc-3cb">
         <name>.debug_info</name>
         <load_address>0x1ef75</load_address>
         <run_address>0x1ef75</run_address>
         <size>0x23a</size>
         <input_file_ref idref="fl-1e"/>
      </object_component>
      <object_component id="oc-2d1">
         <name>.debug_info</name>
         <load_address>0x1f1af</load_address>
         <run_address>0x1f1af</run_address>
         <size>0x207</size>
         <input_file_ref idref="fl-1e"/>
      </object_component>
      <object_component id="oc-2d7">
         <name>.debug_info</name>
         <load_address>0x1f3b6</load_address>
         <run_address>0x1f3b6</run_address>
         <size>0x1fd</size>
         <input_file_ref idref="fl-1e"/>
      </object_component>
      <object_component id="oc-2dd">
         <name>.debug_info</name>
         <load_address>0x1f5b3</load_address>
         <run_address>0x1f5b3</run_address>
         <size>0x211</size>
         <input_file_ref idref="fl-1e"/>
      </object_component>
      <object_component id="oc-2e2">
         <name>.debug_info</name>
         <load_address>0x1f7c4</load_address>
         <run_address>0x1f7c4</run_address>
         <size>0x215</size>
         <input_file_ref idref="fl-1e"/>
      </object_component>
      <object_component id="oc-2b1">
         <name>.debug_info</name>
         <load_address>0x1f9d9</load_address>
         <run_address>0x1f9d9</run_address>
         <size>0x220</size>
         <input_file_ref idref="fl-1e"/>
      </object_component>
      <object_component id="oc-2ca">
         <name>.debug_info</name>
         <load_address>0x1fbf9</load_address>
         <run_address>0x1fbf9</run_address>
         <size>0x224</size>
         <input_file_ref idref="fl-1e"/>
      </object_component>
      <object_component id="oc-449">
         <name>.debug_info</name>
         <load_address>0x1fe1d</load_address>
         <run_address>0x1fe1d</run_address>
         <size>0x9a</size>
         <input_file_ref idref="fl-1e"/>
      </object_component>
      <object_component id="oc-45b">
         <name>.debug_info</name>
         <load_address>0x1feb7</load_address>
         <run_address>0x1feb7</run_address>
         <size>0x6f5</size>
         <input_file_ref idref="fl-20"/>
      </object_component>
      <object_component id="oc-455">
         <name>.debug_info</name>
         <load_address>0x205ac</load_address>
         <run_address>0x205ac</run_address>
         <size>0x1c7</size>
         <input_file_ref idref="fl-20"/>
      </object_component>
      <object_component id="oc-3ff">
         <name>.debug_info</name>
         <load_address>0x20773</load_address>
         <run_address>0x20773</run_address>
         <size>0x22b</size>
         <input_file_ref idref="fl-20"/>
      </object_component>
      <object_component id="oc-405">
         <name>.debug_info</name>
         <load_address>0x2099e</load_address>
         <run_address>0x2099e</run_address>
         <size>0x235</size>
         <input_file_ref idref="fl-20"/>
      </object_component>
      <object_component id="oc-463">
         <name>.debug_info</name>
         <load_address>0x20bd3</load_address>
         <run_address>0x20bd3</run_address>
         <size>0x1e9</size>
         <input_file_ref idref="fl-20"/>
      </object_component>
      <object_component id="oc-45d">
         <name>.debug_info</name>
         <load_address>0x20dbc</load_address>
         <run_address>0x20dbc</run_address>
         <size>0x1e9</size>
         <input_file_ref idref="fl-20"/>
      </object_component>
      <object_component id="oc-477">
         <name>.debug_info</name>
         <load_address>0x20fa5</load_address>
         <run_address>0x20fa5</run_address>
         <size>0x131</size>
         <input_file_ref idref="fl-20"/>
      </object_component>
      <object_component id="oc-433">
         <name>.debug_info</name>
         <load_address>0x210d6</load_address>
         <run_address>0x210d6</run_address>
         <size>0x5c9</size>
         <input_file_ref idref="fl-21"/>
      </object_component>
      <object_component id="oc-3a3">
         <name>.debug_info</name>
         <load_address>0x2169f</load_address>
         <run_address>0x2169f</run_address>
         <size>0x298</size>
         <input_file_ref idref="fl-21"/>
      </object_component>
      <object_component id="oc-248">
         <name>.debug_info</name>
         <load_address>0x21937</load_address>
         <run_address>0x21937</run_address>
         <size>0x26f</size>
         <input_file_ref idref="fl-22"/>
      </object_component>
      <object_component id="oc-24e">
         <name>.debug_info</name>
         <load_address>0x21ba6</load_address>
         <run_address>0x21ba6</run_address>
         <size>0x1fd</size>
         <input_file_ref idref="fl-22"/>
      </object_component>
      <object_component id="oc-254">
         <name>.debug_info</name>
         <load_address>0x21da3</load_address>
         <run_address>0x21da3</run_address>
         <size>0x209</size>
         <input_file_ref idref="fl-22"/>
      </object_component>
      <object_component id="oc-cb">
         <name>.debug_info</name>
         <load_address>0x21fac</load_address>
         <run_address>0x21fac</run_address>
         <size>0x1c9</size>
         <input_file_ref idref="fl-23"/>
      </object_component>
      <object_component id="oc-8c">
         <name>.debug_info</name>
         <load_address>0x22175</load_address>
         <run_address>0x22175</run_address>
         <size>0x2d4</size>
         <input_file_ref idref="fl-dc"/>
      </object_component>
      <object_component id="oc-45">
         <name>.debug_info</name>
         <load_address>0x22449</load_address>
         <run_address>0x22449</run_address>
         <size>0x1d2</size>
         <input_file_ref idref="fl-dc"/>
      </object_component>
      <object_component id="oc-87">
         <name>.debug_info</name>
         <load_address>0x2261b</load_address>
[...]
         <name>Lcd_Orientation</name>
         <value>0x20000024</value>
      </symbol>
      <symbol id="sm-224">
         <name>Lcd_ScreenWidth</name>
         <value>0x2000001e</value>
      </symbol>
      <symbol id="sm-225">
         <name>Lcd_ScreenHeigth</name>
         <value>0x2000001c</value>
      </symbol>
      <symbol id="sm-226">
         <name>Lcd_PenSolid</name>
         <value>0x20000025</value>
      </symbol>
      <symbol id="sm-227">
         <name>Lcd_FontSolid</name>
         <value>0x20000023</value>
      </symbol>
      <symbol id="sm-228">
         <name>Lcd_FlagRead</name>
         <value>0x20000022</value>
      </symbol>
      <symbol id="sm-229">
         <name>Lcd_TouchTrim</name>
         <value>0x20000020</value>
      </symbol>
      <symbol id="sm-22a">
         <name>Crystalfontz128x128_SetDrawFrame</name>
         <value>0x5b9</value>
         <object_component_ref idref="oc-33f"/>
      </symbol>
      <symbol id="sm-22b">
         <name>Crystalfontz128x128_SetOrientation</name>
         <value>0x13b1</value>
         <object_component_ref idref="oc-210"/>
      </symbol>
      <symbol id="sm-22c">
         <name>g_sCrystalfontz128x128_funcs</name>
         <value>0x2244</value>
         <object_component_ref idref="oc-23a"/>
      </symbol>
      <symbol id="sm-22d">
         <name>g_sCrystalfontz128x128</name>
         <value>0x20000028</value>
         <object_component_ref idref="oc-237"/>
      </symbol>
      <symbol id="sm-22e">
         <name>Crystalfontz128x128_Init</name>
         <value>0x6ed</value>
         <object_component_ref idref="oc-20a"/>
      </symbol>
      <symbol id="sm-267">
         <name>HAL_LCD_writeData</name>
         <value>0x19bd</value>
         <object_component_ref idref="oc-339"/>
      </symbol>
      <symbol id="sm-268">
         <name>HAL_LCD_SpiInit</name>
         <value>0x15f9</value>
         <object_component_ref idref="oc-321"/>
      </symbol>
      <symbol id="sm-269">
         <name>HAL_LCD_PortInit</name>
         <value>0x18d5</value>
         <object_component_ref idref="oc-31b"/>
      </symbol>
      <symbol id="sm-26a">
         <name>HAL_LCD_writeCommand</name>
         <value>0x16f5</value>
         <object_component_ref idref="oc-333"/>
      </symbol>
      <symbol id="sm-286">
         <name>Reset_Handler</name>
         <value>0x1da9</value>
         <object_component_ref idref="oc-67"/>
      </symbol>
      <symbol id="sm-287">
         <name>Default_Handler</name>
         <value>0x8ff</value>
         <object_component_ref idref="oc-6d"/>
      </symbol>
      <symbol id="sm-288">
         <name>interruptVectors</name>
         <value>0x0</value>
         <object_component_ref idref="oc-26"/>
      </symbol>
      <symbol id="sm-2ce">
         <name>Graphics_setBackgroundColor</name>
         <value>0x1c17</value>
         <object_component_ref idref="oc-222"/>
      </symbol>
      <symbol id="sm-2cf">
         <name>Graphics_setFont</name>
         <value>0x1c31</value>
         <object_component_ref idref="oc-228"/>
      </symbol>
      <symbol id="sm-2d0">
         <name>Graphics_initContext</name>
         <value>0x1405</value>
         <object_component_ref idref="oc-216"/>
      </symbol>
      <symbol id="sm-2d1">
         <name>Graphics_setForegroundColor</name>
         <value>0x1cc1</value>
         <object_component_ref idref="oc-21c"/>
      </symbol>
      <symbol id="sm-2d2">
         <name>Graphics_clearDisplay</name>
         <value>0x1d6b</value>
         <object_component_ref idref="oc-22e"/>
      </symbol>
      <symbol id="sm-2e7">
         <name>Graphics_clearDisplayOnDisplay</name>
         <value>0x1bfd</value>
         <object_component_ref idref="oc-35a"/>
      </symbol>
      <symbol id="sm-2e8">
         <name>Graphics_translateColorOnDisplay</name>
         <value>0x1cd7</value>
         <object_component_ref idref="oc-351"/>
      </symbol>
      <symbol id="sm-2fa">
         <name>g_sFontFixed6x8</name>
         <value>0x20cc</value>
         <object_component_ref idref="oc-23d"/>
      </symbol>
      <symbol id="sm-3cf">
         <name>ADC14_enableSampleTimer</name>
         <value>0x179d</value>
         <object_component_ref idref="oc-1f6"/>
      </symbol>
      <symbol id="sm-3d0">
         <name>ADC14_enableConversion</name>
         <value>0x1a41</value>
         <object_component_ref idref="oc-175"/>
      </symbol>
      <symbol id="sm-3d1">
         <name>ADC14_setResolution</name>
         <value>0x1b51</value>
         <object_component_ref idref="oc-1ea"/>
      </symbol>
      <symbol id="sm-3d2">
         <name>ADC14_toggleConversionTrigger</name>
         <value>0x1965</value>
         <object_component_ref idref="oc-17b"/>
      </symbol>
      <symbol id="sm-3d3">
         <name>ADC14_initModule</name>
         <value>0x135d</value>
         <object_component_ref idref="oc-1e4"/>
      </symbol>
      <symbol id="sm-3d4">
         <name>ADC14_configureMultiSequenceMode</name>
         <value>0x9b5</value>
         <object_component_ref idref="oc-1f0"/>
      </symbol>
      <symbol id="sm-3d5">
         <name>ADC14_configureConversionMemory</name>
         <value>0x901</value>
         <object_component_ref idref="oc-276"/>
      </symbol>
      <symbol id="sm-3d6">
         <name>ADC14_enableModule</name>
         <value>0x1d9d</value>
         <object_component_ref idref="oc-1de"/>
      </symbol>
      <symbol id="sm-3d7">
         <name>ADC14_getResult</name>
         <value>0x1a69</value>
         <object_component_ref idref="oc-182"/>
      </symbol>
      <symbol id="sm-420">
         <name>CS_setDCOFrequency</name>
         <value>0x2bd</value>
         <object_component_ref idref="oc-241"/>
      </symbol>
      <symbol id="sm-421">
         <name>CS_setDCOCenteredFrequency</name>
         <value>0x17d1</value>
         <object_component_ref idref="oc-3a8"/>
      </symbol>
      <symbol id="sm-422">
         <name>CS_tuneDCOFrequency</name>
         <value>0xd71</value>
         <object_component_ref idref="oc-3ae"/>
      </symbol>
      <symbol id="sm-47e">
         <name>GPIO_setAsInputPin</name>
         <value>0x1459</value>
         <object_component_ref idref="oc-1fd"/>
      </symbol>
      <symbol id="sm-47f">
         <name>GPIO_setOutputHighOnPin</name>
         <value>0x1ab9</value>
         <object_component_ref idref="oc-32d"/>
      </symbol>
      <symbol id="sm-480">
         <name>GPIO_setAsInputPinWithPullUpResistor</name>
         <value>0x12ad</value>
         <object_component_ref idref="oc-203"/>
      </symbol>
      <symbol id="sm-481">
         <name>GPIO_setAsOutputPin</name>
         <value>0x15b9</value>
         <object_component_ref idref="oc-28a"/>
      </symbol>
      <symbol id="sm-482">
         <name>GPIO_setOutputLowOnPin</name>
         <value>0x1ae1</value>
         <object_component_ref idref="oc-327"/>
      </symbol>
      <symbol id="sm-483">
         <name>GPIO_setAsPeripheralModuleFunctionOutputPin</name>
         <value>0xe81</value>
         <object_component_ref idref="oc-25a"/>
      </symbol>
      <symbol id="sm-484">
         <name>GPIO_setAsPeripheralModuleFunctionInputPin</name>
         <value>0xdf9</value>
         <object_component_ref idref="oc-27c"/>
      </symbol>
      <symbol id="sm-528">
         <name>I2C_masterSendMultiByteStop</name>
         <value>0x172d</value>
         <object_component_ref idref="oc-2cf"/>
      </symbol>
      <symbol id="sm-529">
         <name>I2C_masterSendMultiByteFinish</name>
         <value>0xf81</value>
         <object_component_ref idref="oc-3c9"/>
      </symbol>
      <symbol id="sm-52a">
         <name>I2C_masterSendMultiByteNext</name>
         <value>0x1805</value>
         <object_component_ref idref="oc-3c3"/>
      </symbol>
      <symbol id="sm-52b">
         <name>I2C_masterSendMultiByteStart</name>
         <value>0xfed</value>
         <object_component_ref idref="oc-2c3"/>
      </symbol>
      <symbol id="sm-52c">
         <name>I2C_masterReceiveMultiByteNext</name>
         <value>0x1d2f</value>
         <object_component_ref idref="oc-2db"/>
      </symbol>
      <symbol id="sm-52d">
         <name>I2C_getInterruptStatus</name>
         <value>0x1c65</value>
         <object_component_ref idref="oc-2c9"/>
      </symbol>
      <symbol id="sm-52e">
         <name>I2C_setMode</name>
         <value>0x1b71</value>
         <object_component_ref idref="oc-2b7"/>
      </symbol>
      <symbol id="sm-52f">
         <name>I2C_isBusBusy</name>
         <value>0x1c7d</value>
         <object_component_ref idref="oc-2bd"/>
      </symbol>
      <symbol id="sm-530">
         <name>I2C_masterReceiveMultiByteFinish</name>
         <value>0x1639</value>
         <object_component_ref idref="oc-2e1"/>
      </symbol>
      <symbol id="sm-531">
         <name>I2C_enableModule</name>
         <value>0x1d19</value>
         <object_component_ref idref="oc-26c"/>
      </symbol>
      <symbol id="sm-532">
         <name>I2C_masterReceiveStart</name>
         <value>0x1c4b</value>
         <object_component_ref idref="oc-2d5"/>
      </symbol>
      <symbol id="sm-533">
         <name>I2C_clearInterruptFlag</name>
         <value>0x1ced</value>
         <object_component_ref idref="oc-2b0"/>
      </symbol>
      <symbol id="sm-534">
         <name>I2C_setSlaveAddress</name>
         <value>0x1d43</value>
         <object_component_ref idref="oc-2aa"/>
      </symbol>
      <symbol id="sm-535">
         <name>I2C_initMaster</name>
         <value>0x118b</value>
         <object_component_ref idref="oc-260"/>
      </symbol>
      <symbol id="sm-536">
         <name>I2C_disableModule</name>
         <value>0x1d03</value>
         <object_component_ref idref="oc-266"/>
      </symbol>
      <symbol id="sm-576">
         <name>EUSCI_B_SPI_enable</name>
         <value>0x1cab</value>
         <object_component_ref idref="oc-462"/>
      </symbol>
      <symbol id="sm-577">
         <name>SPI_enableModule</name>
         <value>0x1b8d</value>
         <object_component_ref idref="oc-404"/>
      </symbol>
      <symbol id="sm-578">
         <name>EUSCI_A_SPI_enable</name>
         <value>0x1c95</value>
         <object_component_ref idref="oc-45c"/>
      </symbol>
      <symbol id="sm-579">
         <name>SPI_initMaster</name>
         <value>0xa69</value>
         <object_component_ref idref="oc-3fe"/>
      </symbol>
      <symbol id="sm-58f">
         <name>SysCtl_A_getTLVInfo</name>
         <value>0xc51</value>
         <object_component_ref idref="oc-3a2"/>
      </symbol>
      <symbol id="sm-5b8">
         <name>Timer32_startTimer</name>
         <value>0x1765</value>
         <object_component_ref idref="oc-253"/>
      </symbol>
      <symbol id="sm-5b9">
         <name>Timer32_setCount</name>
         <value>0x1839</value>
         <object_component_ref idref="oc-24d"/>
      </symbol>
      <symbol id="sm-5ba">
         <name>Timer32_initModule</name>
         <value>0x1055</value>
         <object_component_ref idref="oc-247"/>
      </symbol>
      <symbol id="sm-5c6">
         <name>WDT_A_holdTimer</name>
         <value>0x1b09</value>
         <object_component_ref idref="oc-ca"/>
      </symbol>
      <symbol id="sm-5e2">
         <name>__TI_zero_init_nomemset</name>
         <value>0x1ba9</value>
         <object_component_ref idref="oc-43"/>
      </symbol>
      <symbol id="sm-5f9">
         <name>__TI_decompress_none</name>
         <value>0x1d8d</value>
         <object_component_ref idref="oc-1d"/>
      </symbol>
      <symbol id="sm-61c">
         <name>__TI_decompress_lzss</name>
         <value>0x10bd</value>
         <object_component_ref idref="oc-17"/>
      </symbol>
      <symbol id="sm-62f">
         <name>__stack</name>
         <value>0x2000fe00</value>
         <object_component_ref idref="oc-29"/>
      </symbol>
      <symbol id="sm-630">
         <name>_c_int00_noargs</name>
         <value>0x186d</value>
         <object_component_ref idref="oc-55"/>
      </symbol>
      <symbol id="sm-64c">
         <name>memcpy</name>
         <value>0xbb5</value>
         <object_component_ref idref="oc-37"/>
      </symbol>
      <symbol id="sm-64d">
         <name>__aeabi_memcpy</name>
         <value>0xbb5</value>
         <object_component_ref idref="oc-37"/>
      </symbol>
      <symbol id="sm-64e">
         <name>__aeabi_memcpy8</name>
         <value>0xbb5</value>
         <object_component_ref idref="oc-37"/>
      </symbol>
      <symbol id="sm-64f">
         <name>__aeabi_memcpy4</name>
         <value>0xbb5</value>
         <object_component_ref idref="oc-37"/>
      </symbol>
      <symbol id="sm-678">
         <name>__TI_auto_init_nobinit_nopinit</name>
         <value>0x1535</value>
         <object_component_ref idref="oc-100"/>
      </symbol>
      <symbol id="sm-682">
         <name>_system_pre_init</name>
         <value>0x1dcb</value>
         <object_component_ref idref="oc-93"/>
      </symbol>
      <symbol id="sm-68e">
         <name>C$$EXIT</name>
         <value>0x1dcf</value>
         <object_component_ref idref="oc-f4"/>
      </symbol>
      <symbol id="sm-68f">
         <name>abort</name>
         <value>0x1dcf</value>
         <object_component_ref idref="oc-f4"/>
      </symbol>
      <symbol id="sm-692">
         <name>__TI_static_base__</name>
         <value>0x0</value>
      </symbol>
      <symbol id="sm-695">
         <name>__mpu_init</name>
         <value>0x0</value>
      </symbol>
      <symbol id="sm-696">
         <name>_system_post_cinit</name>
         <value>0x0</value>
      </symbol>
      <symbol id="sm-697">
         <name>NMI_Handler</name>
         <value>0x8ff</value>
      </symbol>
      <symbol id="sm-698">
         <name>HardFault_Handler</name>
         <value>0x8ff</value>
      </symbol>
      <symbol id="sm-699">
         <name>MemManage_Handler</name>
         <value>0x8ff</value>
      </symbol>
      <symbol id="sm-69a">
         <name>BusFault_Handler</name>
         <value>0x8ff</value>
      </symbol>
      <symbol id="sm-69b">
         <name>UsageFault_Handler</name>
         <value>0x8ff</value>
      </symbol>
      <symbol id="sm-69c">
         <name>SVC_Handler</name>
         <value>0x8ff</value>
      </symbol>
      <symbol id="sm-69d">
         <name>DebugMon_Handler</name>
         <value>0x8ff</value>
      </symbol>
      <symbol id="sm-69e">
         <name>PendSV_Handler</name>
         <value>0x8ff</value>
      </symbol>
      <symbol id="sm-69f">
         <name>SysTick_Handler</name>
         <value>0x8ff</value>
      </symbol>
      <symbol id="sm-6a0">
         <name>PSS_IRQHandler</name>
         <value>0x8ff</value>
      </symbol>
      <symbol id="sm-6a1">
         <name>CS_IRQHandler</name>
         <value>0x8ff</value>
      </symbol>
      <symbol id="sm-6a2">
         <name>PCM_IRQHandler</name>
         <value>0x8ff</value>
      </symbol>
      <symbol id="sm-6a3">
         <name>WDT_A_IRQHandler</name>
         <value>0x8ff</value>
      </symbol>
      <symbol id="sm-6a4">
         <name>FPU_IRQHandler</name>
         <value>0x8ff</value>
      </symbol>
      <symbol id="sm-6a5">
         <name>FLCTL_IRQHandler</name>
         <value>0x8ff</value>
      </symbol>
      <symbol id="sm-6a6">
         <name>COMP_E0_IRQHandler</name>
         <value>0x8ff</value>
      </symbol>
      <symbol id="sm-6a7">
         <name>COMP_E1_IRQHandler</name>
         <value>0x8ff</value>
      </symbol>
      <symbol id="sm-6a8">
         <name>TA0_0_IRQHandler</name>
         <value>0x8ff</value>
      </symbol>
      <symbol id="sm-6a9">
         <name>TA0_N_IRQHandler</name>
         <value>0x8ff</value>
      </symbol>
      <symbol id="sm-6aa">
         <name>TA1_0_IRQHandler</name>
         <value>0x8ff</value>
      </symbol>
      <symbol id="sm-6ab">
         <name>TA1_N_IRQHandler</name>
         <value>0x8ff</value>
      </symbol>
      <symbol id="sm-6ac">
         <name>TA2_0_IRQHandler</name>
         <value>0x8ff</value>
      </symbol>
      <symbol id="sm-6ad">
         <name>TA2_N_IRQHandler</name>
         <value>0x8ff</value>
      </symbol>
      <symbol id="sm-6ae">
         <name>TA3_0_IRQHandler</name>
         <value>0x8ff</value>
      </symbol>
      <symbol id="sm-6af">
         <name>TA3_N_IRQHandler</name>
         <value>0x8ff</value>
      </symbol>
      <symbol id="sm-6b0">
         <name>EUSCIA0_IRQHandler</name>
         <value>0x8ff</value>
      </symbol>
      <symbol id="sm-6b1">
         <name>EUSCIA1_IRQHandler</name>
         <value>0x8ff</value>
      </symbol>
      <symbol id="sm-6b2">
         <name>EUSCIA2_IRQHandler</name>
         <value>0x8ff</value>
      </symbol>
      <symbol id="sm-6b3">
         <name>EUSCIA3_IRQHandler</name>
         <value>0x8ff</value>
      </symbol>
      <symbol id="sm-6b4">
         <name>EUSCIB0_IRQHandler</name>
         <value>0x8ff</value>
      </symbol>
      <symbol id="sm-6b5">
         <name>EUSCIB1_IRQHandler</name>
         <value>0x8ff</value>
      </symbol>
      <symbol id="sm-6b6">
         <name>EUSCIB2_IRQHandler</name>
         <value>0x8ff</value>
      </symbol>
      <symbol id="sm-6b7">
         <name>EUSCIB3_IRQHandler</name>
         <value>0x8ff</value>
      </symbol>
      <symbol id="sm-6b8">
         <name>ADC14_IRQHandler</name>
         <value>0x8ff</value>
      </symbol>
      <symbol id="sm-6b9">
         <name>T32_INT1_IRQHandler</name>
         <value>0x8ff</value>
      </symbol>
      <symbol id="sm-6ba">
         <name>T32_INT2_IRQHandler</name>
         <value>0x8ff</value>
      </symbol>
      <symbol id="sm-6bb">
         <name>T32_INTC_IRQHandler</name>
         <value>0x8ff</value>
      </symbol>
      <symbol id="sm-6bc">
         <name>AES256_IRQHandler</name>
         <value>0x8ff</value>
      </symbol>
      <symbol id="sm-6bd">
         <name>RTC_C_IRQHandler</name>
         <value>0x8ff</value>
      </symbol>
      <symbol id="sm-6be">
         <name>DMA_ERR_IRQHandler</name>
         <value>0x8ff</value>
      </symbol>
      <symbol id="sm-6bf">
         <name>DMA_INT3_IRQHandler</name>
         <value>0x8ff</value>
      </symbol>
      <symbol id="sm-6c0">
         <name>DMA_INT2_IRQHandler</name>
         <value>0x8ff</value>
      </symbol>
      <symbol id="sm-6c1">
         <name>DMA_INT1_IRQHandler</name>
         <value>0x8ff</value>
      </symbol>
      <symbol id="sm-6c2">
         <name>DMA_INT0_IRQHandler</name>
         <value>0x8ff</value>
      </symbol>
      <symbol id="sm-6c3">
         <name>PORT1_IRQHandler</name>
         <value>0x8ff</value>
      </symbol>
      <symbol id="sm-6c4">
         <name>PORT2_IRQHandler</name>
         <value>0x8ff</value>
      </symbol>
      <symbol id="sm-6c5">
         <name>PORT3_IRQHandler</name>
         <value>0x8ff</value>
      </symbol>
      <symbol id="sm-6c6">
         <name>PORT4_IRQHandler</name>
         <value>0x8ff</value>
      </symbol>
      <symbol id="sm-6c7">
         <name>PORT5_IRQHandler</name>
         <value>0x8ff</value>
      </symbol>
      <symbol id="sm-6c8">
         <name>PORT6_IRQHandler</name>
         <value>0x8ff</value>
      </symbol>
   </symbol_table>
   <title>Link successful</title>
</link_info>
