******************************************************************************
                  TI ARM Linker PC v20.2.0                     
******************************************************************************
>> Linked Fri May 29 14:27:34 2020

OUTPUT FILE NAME:   <Playground.out>
ENTRY POINT SYMBOL: "_c_int00_noargs"  address: 0000186d


MEMORY CONFIGURATION

         name            origin    length      used     unused   attr    fill
----------------------  --------  ---------  --------  --------  ----  --------
  MAIN                  00000000   00040000  000022d2  0003dd2e  R  X
  INFO                  00200000   00004000  00000000  00004000  R  X
  SRAM_CODE             01000000   00010000  00000236  0000fdca  RW X
  SRAM_DATA             20000000   00010000  00000236  0000fdca  RW  


SEGMENT ALLOCATION MAP

run origin  load origin   length   init length attrs members
----------  ----------- ---------- ----------- ----- -------
00000000    00000000    000022d8   000022d8    r-x
  00000000    00000000    000000e4   000000e4    r-- .intvecs
  000000e4    000000e4    00001cee   00001cee    r-x .text
  00001dd4    00001dd4    000004c8   000004c8    r-- .const
  000022a0    000022a0    00000038   00000038    r-- .cinit
20000000    20000000    00000038   00000000    rw-
  20000000    20000000    00000026   00000000    rw- .bss
  20000028    20000028    00000010   00000000    rw- .data
2000fe00    2000fe00    00000200   00000000    rw-
  2000fe00    2000fe00    00000200   00000000    rw- .stack


SECTION ALLOCATION MAP

 output                                  attributes/
section   page    origin      length       input sections
--------  ----  ----------  ----------   ----------------
.intvecs   0    00000000    000000e4     
                  00000000    000000e4     startup_msp432p401r_ccs.obj (.intvecs:retain)

.text      0    000000e4    00001cee     
                  000000e4    000001d8     Crystalfontz128x128_ST7735.obj (.text:Crystalfontz128x128_PixelDrawMultiple)
                  000002bc    0000019c     msp432p4xx_driverlib.lib : cs.o (.text:CS_setDCOFrequency)
                  00000458    00000160                              : adc14.o (.text:_getIndexForMemRegister)
                  000005b8    00000134     Crystalfontz128x128_ST7735.obj (.text:Crystalfontz128x128_SetDrawFrame)
                  000006ec    0000012c     Crystalfontz128x128_ST7735.obj (.text:Crystalfontz128x128_Init)
                  00000818    000000e6     light_sensor.obj (.text:readLightSensorLux)
                  000008fe    00000002     startup_msp432p401r_ccs.obj (.text:Default_Handler)
                  00000900    000000b4     msp432p4xx_driverlib.lib : adc14.o (.text:ADC14_configureConversionMemory)
                  000009b4    000000b4                              : adc14.o (.text:ADC14_configureMultiSequenceMode)
                  00000a68    000000b0                              : spi.o (.text:SPI_initMaster)
                  00000b18    0000009c     Crystalfontz128x128_ST7735.obj (.text:Crystalfontz128x128_RectFill)
                  00000bb4    0000009c     rtsv7M4_T_le_v4SPD16_eabi.lib : memcpy_t2.asm.obj (.text)
                  00000c50    00000094     msp432p4xx_driverlib.lib : sysctl_a.o (.text:SysCtl_A_getTLVInfo)
                  00000ce4    0000008c     light_sensor.obj (.text:readI2c)
                  00000d70    00000088     msp432p4xx_driverlib.lib : cs.o (.text:CS_tuneDCOFrequency)
                  00000df8    00000088                              : gpio.o (.text:GPIO_setAsPeripheralModuleFunctionInputPin)
                  00000e80    00000088                              : gpio.o (.text:GPIO_setAsPeripheralModuleFunctionOutputPin)
                  00000f08    00000078     system_msp432p401r.obj (.text:SystemInit)
                  00000f80    0000006c     msp432p4xx_driverlib.lib : i2c.o (.text:I2C_masterSendMultiByteFinish)
                  00000fec    00000068                              : i2c.o (.text:I2C_masterSendMultiByteStart)
                  00001054    00000068                              : timer32.o (.text:Timer32_initModule)
                  000010bc    00000068     rtsv7M4_T_le_v4SPD16_eabi.lib : copy_decompress_lzss.c.obj (.text:decompress:lzss:__TI_decompress_lzss)
                  00001124    00000066     joystick.obj (.text:getJoystickDirection)
                  0000118a    00000062     msp432p4xx_driverlib.lib : i2c.o (.text:I2C_initMaster)
                  000011ec    00000060     Crystalfontz128x128_ST7735.obj (.text:Crystalfontz128x128_LineDrawH)
                  0000124c    00000060     Crystalfontz128x128_ST7735.obj (.text:Crystalfontz128x128_LineDrawV)
                  000012ac    00000058     msp432p4xx_driverlib.lib : gpio.o (.text:GPIO_setAsInputPinWithPullUpResistor)
                  00001304    00000058     timer.obj (.text:initHwTimers)
                  0000135c    00000054     msp432p4xx_driverlib.lib : adc14.o (.text:ADC14_initModule)
                  000013b0    00000054     Crystalfontz128x128_ST7735.obj (.text:Crystalfontz128x128_SetOrientation)
                  00001404    00000052     grlib.a : context.obj (.text:Graphics_initContext)
                  00001456    00000002     --HOLE-- [fill = 0]
                  00001458    0000004c     msp432p4xx_driverlib.lib : gpio.o (.text:GPIO_setAsInputPin)
                  000014a4    00000048     graphics.obj (.text:initGraphics)
                  000014ec    00000048     light_sensor.obj (.text:writeI2c)
                  00001534    00000044     rtsv7M4_T_le_v4SPD16_eabi.lib : autoinit.c.obj (.text:__TI_auto_init_nobinit_nopinit:__TI_auto_init_nobinit_nopinit)
                  00001578    00000040     Crystalfontz128x128_ST7735.obj (.text:Crystalfontz128x128_PixelDraw)
                  000015b8    00000040     msp432p4xx_driverlib.lib : gpio.o (.text:GPIO_setAsOutputPin)
                  000015f8    00000040     HAL_MSP_EXP432P401R_Crystalfontz128x128_ST7735.obj (.text:HAL_LCD_SpiInit)
                  00001638    00000040     msp432p4xx_driverlib.lib : i2c.o (.text:I2C_masterReceiveMultiByteFinish)
                  00001678    00000040                              : spi.o (.text:is_A_Module)
                  000016b8    0000003c     button.obj (.text:initButtons)
                  000016f4    00000038     HAL_MSP_EXP432P401R_Crystalfontz128x128_ST7735.obj (.text:HAL_LCD_writeCommand)
                  0000172c    00000038     msp432p4xx_driverlib.lib : i2c.o (.text:I2C_masterSendMultiByteStop)
                  00001764    00000038                              : timer32.o (.text:Timer32_startTimer)
                  0000179c    00000034                              : adc14.o (.text:ADC14_enableSampleTimer)
                  000017d0    00000034                              : cs.o (.text:CS_setDCOCenteredFrequency)
                  00001804    00000034                              : i2c.o (.text:I2C_masterSendMultiByteNext)
                  00001838    00000034                              : timer32.o (.text:Timer32_setCount)
                  0000186c    00000034     rtsv7M4_T_le_v4SPD16_eabi.lib : boot_cortex_m.c.obj (.text:_c_int00_noargs:_c_int00_noargs)
                  000018a0    00000034     light_sensor.obj (.text:initI2c)
                  000018d4    00000030     HAL_MSP_EXP432P401R_Crystalfontz128x128_ST7735.obj (.text:HAL_LCD_PortInit)
                  00001904    00000030     joystick.obj (.text:initJoystick)
                  00001934    0000002e     main.obj (.text:main)
                  00001962    00000002     --HOLE-- [fill = 0]
                  00001964    0000002c     msp432p4xx_driverlib.lib : adc14.o (.text:ADC14_toggleConversionTrigger)
                  00001990    0000002c     Crystalfontz128x128_ST7735.obj (.text:Crystalfontz128x128_ClearScreen)
                  000019bc    0000002c     HAL_MSP_EXP432P401R_Crystalfontz128x128_ST7735.obj (.text:HAL_LCD_writeData)
                  000019e8    0000002c     led.obj (.text:initRgbLed)
                  00001a14    0000002a     joystick.obj (.text:initAdc)
                  00001a3e    00000002     --HOLE-- [fill = 0]
                  00001a40    00000028     msp432p4xx_driverlib.lib : adc14.o (.text:ADC14_enableConversion)
                  00001a68    00000028                              : adc14.o (.text:ADC14_getResult)
                  00001a90    00000028     Crystalfontz128x128_ST7735.obj (.text:Crystalfontz128x128_ColorTranslate)
                  00001ab8    00000028     msp432p4xx_driverlib.lib : gpio.o (.text:GPIO_setOutputHighOnPin)
                  00001ae0    00000028                              : gpio.o (.text:GPIO_setOutputLowOnPin)
                  00001b08    00000024                              : wdt_a.o (.text:WDT_A_holdTimer)
                  00001b2c    00000024     main.obj (.text:init)
                  00001b50    00000020     msp432p4xx_driverlib.lib : adc14.o (.text:ADC14_setResolution)
                  00001b70    0000001c                              : i2c.o (.text:I2C_setMode)
                  00001b8c    0000001c                              : spi.o (.text:SPI_enableModule)
                  00001ba8    0000001c     rtsv7M4_T_le_v4SPD16_eabi.lib : copy_zero_init.c.obj (.text:decompress:ZI:__TI_zero_init_nomemset:__TI_zero_init_nomemset)
                  00001bc4    0000001c     joystick.obj (.text:getJoystickSample)
                  00001be0    0000001c     light_sensor.obj (.text:setSlaveI2c)
                  00001bfc    0000001a     grlib.a : display.obj (.text:Graphics_clearDisplayOnDisplay)
                  00001c16    0000001a             : context.obj (.text:Graphics_setBackgroundColor)
                  00001c30    0000001a             : context.obj (.text:Graphics_setFont)
                  00001c4a    0000001a     msp432p4xx_driverlib.lib : i2c.o (.text:I2C_masterReceiveStart)
                  00001c64    00000018                              : i2c.o (.text:I2C_getInterruptStatus)
                  00001c7c    00000018                              : i2c.o (.text:I2C_isBusBusy)
                  00001c94    00000016                              : spi.o (.text:EUSCI_A_SPI_enable)
                  00001caa    00000016                              : spi.o (.text:EUSCI_B_SPI_enable)
                  00001cc0    00000016     grlib.a : context.obj (.text:Graphics_setForegroundColor)
                  00001cd6    00000016             : display.obj (.text:Graphics_translateColorOnDisplay)
                  00001cec    00000016     msp432p4xx_driverlib.lib : i2c.o (.text:I2C_clearInterruptFlag)
                  00001d02    00000016                              : i2c.o (.text:I2C_disableModule)
                  00001d18    00000016                              : i2c.o (.text:I2C_enableModule)
                  00001d2e    00000014                              : i2c.o (.text:I2C_masterReceiveMultiByteNext)
                  00001d42    00000014                              : i2c.o (.text:I2C_setSlaveAddress)
                  00001d56    00000014     light_sensor.obj (.text:initLightSensor)
                  00001d6a    00000012     grlib.a : context.obj (.text:Graphics_clearDisplay)
                  00001d7c    00000010     msp432p4xx_driverlib.lib : adc14.o (.text:ADCIsConversionRunning)
                  00001d8c    0000000e     rtsv7M4_T_le_v4SPD16_eabi.lib : copy_decompress_none.c.obj (.text:decompress:none:__TI_decompress_none)
                  00001d9a    00000002     --HOLE-- [fill = 0]
                  00001d9c    0000000c     msp432p4xx_driverlib.lib : adc14.o (.text:ADC14_enableModule)
                  00001da8    0000000c     startup_msp432p401r_ccs.obj (.text:Reset_Handler)
                  00001db4    0000000c     joystick.obj (.text:startAdc)
                  00001dc0    0000000a     Crystalfontz128x128_ST7735.obj (.text:Crystalfontz128x128_Flush)
                  00001dca    00000004     rtsv7M4_T_le_v4SPD16_eabi.lib : pre_init.c.obj (.text:_system_pre_init)
                  00001dce    00000004                                   : exit.c.obj (.text:abort:abort)

.const     0    00001dd4    000004c8     
                  00001dd4    000002f8     grlib.a : fontfixed6x8.obj (.const:.string:g_pucFontFixed6x8Data)
                  000020cc    000000c8             : fontfixed6x8.obj (.const:g_sFontFixed6x8)
                  00002194    00000080     msp432p4xx_driverlib.lib : adc14.o (.const:_ctlRegs)
                  00002214    00000030                              : gpio.o (.const:GPIO_PORT_TO_BASE)
                  00002244    00000020     Crystalfontz128x128_ST7735.obj (.const:g_sCrystalfontz128x128_funcs)
                  00002264    0000001c     HAL_MSP_EXP432P401R_Crystalfontz128x128_ST7735.obj (.const:$P$T0$1)
                  00002280    00000014     light_sensor.obj (.const:i2cConfig)
                  00002294    00000008     Crystalfontz128x128_ST7735.obj (.const:$P$T0$1)

.cinit     0    000022a0    00000038     
                  000022a0    0000000d     (.cinit..data.load) [load image, compression = lzss]
                  000022ad    00000003     --HOLE-- [fill = 0]
                  000022b0    0000000c     (__TI_handler_table)
                  000022bc    00000004     --HOLE-- [fill = 0]
                  000022c0    00000008     (.cinit..bss.load) [load image, compression = zero_init]
                  000022c8    00000010     (__TI_cinit_table)

.init_array 
*          0    00000000    00000000     UNINITIALIZED

.binit     0    00000000    00000000     

.bss       0    20000000    00000026     UNINITIALIZED
                  20000000    0000001c     graphics.obj (.bss:g_sContext)
                  2000001c    00000002     (.common:Lcd_ScreenHeigth)
                  2000001e    00000002     (.common:Lcd_ScreenWidth)
                  20000020    00000002     (.common:Lcd_TouchTrim)
                  20000022    00000001     (.common:Lcd_FlagRead)
                  20000023    00000001     (.common:Lcd_FontSolid)
                  20000024    00000001     (.common:Lcd_Orientation)
                  20000025    00000001     (.common:Lcd_PenSolid)

.data      0    20000028    00000010     UNINITIALIZED
                  20000028    00000010     Crystalfontz128x128_ST7735.obj (.data:g_sCrystalfontz128x128)

.stack     0    2000fe00    00000200     UNINITIALIZED
                  2000fe00    00000004     rtsv7M4_T_le_v4SPD16_eabi.lib : boot_cortex_m.c.obj (.stack)
                  2000fe04    000001fc     --HOLE--

__llvm_prf_cnts 
*          0    20000000    00000000     UNINITIALIZED

MODULE SUMMARY

       Module                                               code   ro data   rw data
       ------                                               ----   -------   -------
    .\
       light_sensor.obj                                     542    20        0      
       joystick.obj                                         232    0         0      
       graphics.obj                                         72     0         56     
       system_msp432p401r.obj                               120    0         0      
       timer.obj                                            88     0         0      
       main.obj                                             82     0         0      
       button.obj                                           60     0         0      
       led.obj                                              44     0         0      
    +--+----------------------------------------------------+------+---------+---------+
       Total:                                               1240   20        56     
                                                                                    
    .\LcdDriver\
       Crystalfontz128x128_ST7735.obj                       1670   40        52     
       HAL_MSP_EXP432P401R_Crystalfontz128x128_ST7735.obj   212    28        0      
    +--+----------------------------------------------------+------+---------+---------+
       Total:                                               1882   68        52     
                                                                                    
    .\ccs\
       startup_msp432p401r_ccs.obj                          14     228       0      
    +--+----------------------------------------------------+------+---------+---------+
       Total:                                               14     228       0      
                                                                                    
    C:/ti/simplelink_msp432p4_sdk_3_40_01_02/source/ti/devices/msp432p4xx/driverlib/ccs/msp432p4xx_driverlib.lib
       adc14.o                                              1032   128       0      
       i2c.o                                                690    0         0      
       gpio.o                                               580    48        0      
       cs.o                                                 600    0         0      
       spi.o                                                312    0         0      
       timer32.o                                            212    0         0      
       sysctl_a.o                                           148    0         0      
       wdt_a.o                                              36     0         0      
    +--+----------------------------------------------------+------+---------+---------+
       Total:                                               3610   176       0      
                                                                                    
    C:/ti/simplelink_msp432p4_sdk_3_40_01_02/source/ti/grlib/lib/ccs/m4f/grlib.a
       fontfixed6x8.obj                                     0      960       0      
       context.obj                                          174    0         0      
       display.obj                                          48     0         0      
    +--+----------------------------------------------------+------+---------+---------+
       Total:                                               222    960       0      
                                                                                    
    C:\ti\ccs1000\ccs\tools\compiler\ti-cgt-arm_20.2.0.LTS\lib\rtsv7M4_T_le_v4SPD16_eabi.lib
       memcpy_t2.asm.obj                                    156    0         0      
       copy_decompress_lzss.c.obj                           104    0         0      
       autoinit.c.obj                                       68     0         0      
       boot_cortex_m.c.obj                                  52     0         0      
       copy_zero_init.c.obj                                 28     0         0      
       copy_decompress_none.c.obj                           14     0         0      
       exit.c.obj                                           4      0         0      
       pre_init.c.obj                                       4      0         0      
    +--+----------------------------------------------------+------+---------+---------+
       Total:                                               430    0         0      
                                                                                    
       Stack:                                               0      0         1024   
       Linker Generated:                                    0      49        0      
    +--+----------------------------------------------------+------+---------+---------+
       Grand Total:                                         7398   1501      1132   


LINKER GENERATED COPY TABLES

__TI_cinit_table @ 000022c8 records: 2, size/record: 8, table size: 16
	.data: load addr=000022a0, load size=0000000d bytes, run addr=20000028, run size=00000010 bytes, compression=lzss
	.bss: load addr=000022c0, load size=00000008 bytes, run addr=20000000, run size=00000026 bytes, compression=zero_init


LINKER GENERATED HANDLER TABLE

__TI_handler_table @ 000022b0 records: 3, size/record: 4, table size: 12
	index: 0, handler: __TI_decompress_lzss
	index: 1, handler: __TI_decompress_none
	index: 2, handler: __TI_zero_init


GLOBAL SYMBOLS: SORTED ALPHABETICALLY BY Name 

address   name                                       
-------   ----                                       
000008ff  ADC14_IRQHandler                           
00000901  ADC14_configureConversionMemory            
000009b5  ADC14_configureMultiSequenceMode           
00001a41  ADC14_enableConversion                     
00001d9d  ADC14_enableModule                         
0000179d  ADC14_enableSampleTimer                    
00001a69  ADC14_getResult                            
0000135d  ADC14_initModule                           
00001b51  ADC14_setResolution                        
00001965  ADC14_toggleConversionTrigger              
000008ff  AES256_IRQHandler                          
000008ff  BusFault_Handler                           
00001dcf  C$$EXIT                                    
000008ff  COMP_E0_IRQHandler                         
000008ff  COMP_E1_IRQHandler                         
000008ff  CS_IRQHandler                              
000017d1  CS_setDCOCenteredFrequency                 
000002bd  CS_setDCOFrequency                         
00000d71  CS_tuneDCOFrequency                        
000006ed  Crystalfontz128x128_Init                   
000005b9  Crystalfontz128x128_SetDrawFrame           
000013b1  Crystalfontz128x128_SetOrientation         
000008ff  DMA_ERR_IRQHandler                         
000008ff  DMA_INT0_IRQHandler                        
000008ff  DMA_INT1_IRQHandler                        
000008ff  DMA_INT2_IRQHandler                        
000008ff  DMA_INT3_IRQHandler                        
000008ff  DebugMon_Handler                           
000008ff  Default_Handler                            
000008ff  EUSCIA0_IRQHandler                         
000008ff  EUSCIA1_IRQHandler                         
000008ff  EUSCIA2_IRQHandler                         
000008ff  EUSCIA3_IRQHandler                         
000008ff  EUSCIB0_IRQHandler                         
000008ff  EUSCIB1_IRQHandler                         
000008ff  EUSCIB2_IRQHandler                         
000008ff  EUSCIB3_IRQHandler                         
00001c95  EUSCI_A_SPI_enable                         
00001cab  EUSCI_B_SPI_enable                         
000008ff  FLCTL_IRQHandler                           
000008ff  FPU_IRQHandler                             
00001459  GPIO_setAsInputPin                         
000012ad  GPIO_setAsInputPinWithPullUpResistor       
000015b9  GPIO_setAsOutputPin                        
00000df9  GPIO_setAsPeripheralModuleFunctionInputPin 
00000e81  GPIO_setAsPeripheralModuleFunctionOutputPin
00001ab9  GPIO_setOutputHighOnPin                    
00001ae1  GPIO_setOutputLowOnPin                     
00001d6b  Graphics_clearDisplay                      
00001bfd  Graphics_clearDisplayOnDisplay             
00001405  Graphics_initContext                       
00001c17  Graphics_setBackgroundColor                
00001c31  Graphics_setFont                           
00001cc1  Graphics_setForegroundColor                
00001cd7  Graphics_translateColorOnDisplay           
000018d5  HAL_LCD_PortInit                           
000015f9  HAL_LCD_SpiInit                            
000016f5  HAL_LCD_writeCommand                       
000019bd  HAL_LCD_writeData                          
000008ff  HardFault_Handler                          
00001ced  I2C_clearInterruptFlag                     
00001d03  I2C_disableModule                          
00001d19  I2C_enableModule                           
00001c65  I2C_getInterruptStatus                     
0000118b  I2C_initMaster                             
00001c7d  I2C_isBusBusy                              
00001639  I2C_masterReceiveMultiByteFinish           
00001d2f  I2C_masterReceiveMultiByteNext             
00001c4b  I2C_masterReceiveStart                     
00000f81  I2C_masterSendMultiByteFinish              
00001805  I2C_masterSendMultiByteNext                
00000fed  I2C_masterSendMultiByteStart               
0000172d  I2C_masterSendMultiByteStop                
00001b71  I2C_setMode                                
00001d43  I2C_setSlaveAddress                        
20000022  Lcd_FlagRead                               
20000023  Lcd_FontSolid                              
20000024  Lcd_Orientation                            
20000025  Lcd_PenSolid                               
2000001c  Lcd_ScreenHeigth                           
2000001e  Lcd_ScreenWidth                            
20000020  Lcd_TouchTrim                              
000008ff  MemManage_Handler                          
000008ff  NMI_Handler                                
000008ff  PCM_IRQHandler                             
000008ff  PORT1_IRQHandler                           
000008ff  PORT2_IRQHandler                           
000008ff  PORT3_IRQHandler                           
000008ff  PORT4_IRQHandler                           
000008ff  PORT5_IRQHandler                           
000008ff  PORT6_IRQHandler                           
000008ff  PSS_IRQHandler                             
000008ff  PendSV_Handler                             
000008ff  RTC_C_IRQHandler                           
00001da9  Reset_Handler                              
00001b8d  SPI_enableModule                           
00000a69  SPI_initMaster                             
000008ff  SVC_Handler                                
00000c51  SysCtl_A_getTLVInfo                        
000008ff  SysTick_Handler                            
00000f09  SystemInit                                 
000008ff  T32_INT1_IRQHandler                        
000008ff  T32_INT2_IRQHandler                        
000008ff  T32_INTC_IRQHandler                        
000008ff  TA0_0_IRQHandler                           
000008ff  TA0_N_IRQHandler                           
000008ff  TA1_0_IRQHandler                           
000008ff  TA1_N_IRQHandler                           
000008ff  TA2_0_IRQHandler                           
000008ff  TA2_N_IRQHandler                           
000008ff  TA3_0_IRQHandler                           
000008ff  TA3_N_IRQHandler                           
00001055  Timer32_initModule                         
00001839  Timer32_setCount                           
00001765  Timer32_startTimer                         
000008ff  UsageFault_Handler                         
4000480c  WDTCTL_SYM                                 
000008ff  WDT_A_IRQHandler                           
00001b09  WDT_A_holdTimer                            
20010000  __STACK_END                                
00000200  __STACK_SIZE                               
000022c8  __TI_CINIT_Base                            
000022d8  __TI_CINIT_Limit                           
000022b0  __TI_Handler_Table_Base                    
000022bc  __TI_Handler_Table_Limit                   
00001535  __TI_auto_init_nobinit_nopinit             
000010bd  __TI_decompress_lzss                       
00001d8d  __TI_decompress_none                       
ffffffff  __TI_pprof_out_hndl                        
ffffffff  __TI_prof_data_size                        
ffffffff  __TI_prof_data_start                       
00000000  __TI_static_base__                         
00001ba9  __TI_zero_init_nomemset                    
00000bb5  __aeabi_memcpy                             
00000bb5  __aeabi_memcpy4                            
00000bb5  __aeabi_memcpy8                            
ffffffff  __binit__                                  
ffffffff  __c_args__                                 
UNDEFED   __mpu_init                                 
2000fe00  __stack                                    
20000000  __start___llvm_prf_cnts                    
20000000  __stop___llvm_prf_cnts                     
0000186d  _c_int00_noargs                            
UNDEFED   _system_post_cinit                         
00001dcb  _system_pre_init                           
00001dcf  abort                                      
ffffffff  binit                                      
20000028  g_sCrystalfontz128x128                     
00002244  g_sCrystalfontz128x128_funcs               
000020cc  g_sFontFixed6x8                            
00001125  getJoystickDirection                       
00001bc5  getJoystickSample                          
00002280  i2cConfig                                  
00001b2d  init                                       
00001a15  initAdc                                    
000016b9  initButtons                                
000014a5  initGraphics                               
00001305  initHwTimers                               
000018a1  initI2c                                    
00001905  initJoystick                               
00001d57  initLightSensor                            
000019e9  initRgbLed                                 
00000000  interruptVectors                           
00001935  main                                       
00000bb5  memcpy                                     
00000ce5  readI2c                                    
00000819  readLightSensorLux                         
00001be1  setSlaveI2c                                
00001db5  startAdc                                   
000014ed  writeI2c                                   


GLOBAL SYMBOLS: SORTED BY Symbol Address 

address   name                                       
-------   ----                                       
00000000  __TI_static_base__                         
00000000  interruptVectors                           
00000200  __STACK_SIZE                               
000002bd  CS_setDCOFrequency                         
000005b9  Crystalfontz128x128_SetDrawFrame           
000006ed  Crystalfontz128x128_Init                   
00000819  readLightSensorLux                         
000008ff  ADC14_IRQHandler                           
000008ff  AES256_IRQHandler                          
000008ff  BusFault_Handler                           
000008ff  COMP_E0_IRQHandler                         
000008ff  COMP_E1_IRQHandler                         
000008ff  CS_IRQHandler                              
000008ff  DMA_ERR_IRQHandler                         
000008ff  DMA_INT0_IRQHandler                        
000008ff  DMA_INT1_IRQHandler                        
000008ff  DMA_INT2_IRQHandler                        
000008ff  DMA_INT3_IRQHandler                        
000008ff  DebugMon_Handler                           
000008ff  Default_Handler                            
000008ff  EUSCIA0_IRQHandler                         
000008ff  EUSCIA1_IRQHandler                         
000008ff  EUSCIA2_IRQHandler                         
000008ff  EUSCIA3_IRQHandler                         
000008ff  EUSCIB0_IRQHandler                         
000008ff  EUSCIB1_IRQHandler                         
000008ff  EUSCIB2_IRQHandler                         
000008ff  EUSCIB3_IRQHandler                         
000008ff  FLCTL_IRQHandler                           
000008ff  FPU_IRQHandler                             
000008ff  HardFault_Handler                          
000008ff  MemManage_Handler                          
000008ff  NMI_Handler                                
000008ff  PCM_IRQHandler                             
000008ff  PORT1_IRQHandler                           
000008ff  PORT2_IRQHandler                           
000008ff  PORT3_IRQHandler                           
000008ff  PORT4_IRQHandler                           
000008ff  PORT5_IRQHandler                           
000008ff  PORT6_IRQHandler                           
000008ff  PSS_IRQHandler                             
000008ff  PendSV_Handler                             
000008ff  RTC_C_IRQHandler                           
000008ff  SVC_Handler                                
000008ff  SysTick_Handler                            
000008ff  T32_INT1_IRQHandler                        
000008ff  T32_INT2_IRQHandler                        
000008ff  T32_INTC_IRQHandler                        
000008ff  TA0_0_IRQHandler                           
000008ff  TA0_N_IRQHandler                           
000008ff  TA1_0_IRQHandler                           
000008ff  TA1_N_IRQHandler                           
000008ff  TA2_0_IRQHandler                           
000008ff  TA2_N_IRQHandler                           
000008ff  TA3_0_IRQHandler                           
000008ff  TA3_N_IRQHandler                           
000008ff  UsageFault_Handler                         
000008ff  WDT_A_IRQHandler                           
00000901  ADC14_configureConversionMemory            
000009b5  ADC14_configureMultiSequenceMode           
00000a69  SPI_initMaster                             
00000bb5  __aeabi_memcpy                             
00000bb5  __aeabi_memcpy4                            
00000bb5  __aeabi_memcpy8                            
00000bb5  memcpy                                     
00000c51  SysCtl_A_getTLVInfo                        
00000ce5  readI2c                                    
00000d71  CS_tuneDCOFrequency                        
00000df9  GPIO_setAsPeripheralModuleFunctionInputPin 
00000e81  GPIO_setAsPeripheralModuleFunctionOutputPin
00000f09  SystemInit                                 
00000f81  I2C_masterSendMultiByteFinish              
00000fed  I2C_masterSendMultiByteStart               
00001055  Timer32_initModule                         
000010bd  __TI_decompress_lzss                       
00001125  getJoystickDirection                       
0000118b  I2C_initMaster                             
000012ad  GPIO_setAsInputPinWithPullUpResistor       
00001305  initHwTimers                               
0000135d  ADC14_initModule                           
000013b1  Crystalfontz128x128_SetOrientation         
00001405  Graphics_initContext                       
00001459  GPIO_setAsInputPin                         
000014a5  initGraphics                               
000014ed  writeI2c                                   
00001535  __TI_auto_init_nobinit_nopinit             
000015b9  GPIO_setAsOutputPin                        
000015f9  HAL_LCD_SpiInit                            
00001639  I2C_masterReceiveMultiByteFinish           
000016b9  initButtons                                
000016f5  HAL_LCD_writeCommand                       
0000172d  I2C_masterSendMultiByteStop                
00001765  Timer32_startTimer                         
0000179d  ADC14_enableSampleTimer                    
000017d1  CS_setDCOCenteredFrequency                 
00001805  I2C_masterSendMultiByteNext                
00001839  Timer32_setCount                           
0000186d  _c_int00_noargs                            
000018a1  initI2c                                    
000018d5  HAL_LCD_PortInit                           
00001905  initJoystick                               
00001935  main                                       
00001965  ADC14_toggleConversionTrigger              
000019bd  HAL_LCD_writeData                          
000019e9  initRgbLed                                 
00001a15  initAdc                                    
00001a41  ADC14_enableConversion                     
00001a69  ADC14_getResult                            
00001ab9  GPIO_setOutputHighOnPin                    
00001ae1  GPIO_setOutputLowOnPin                     
00001b09  WDT_A_holdTimer                            
00001b2d  init                                       
00001b51  ADC14_setResolution                        
00001b71  I2C_setMode                                
00001b8d  SPI_enableModule                           
00001ba9  __TI_zero_init_nomemset                    
00001bc5  getJoystickSample                          
00001be1  setSlaveI2c                                
00001bfd  Graphics_clearDisplayOnDisplay             
00001c17  Graphics_setBackgroundColor                
00001c31  Graphics_setFont                           
00001c4b  I2C_masterReceiveStart                     
00001c65  I2C_getInterruptStatus                     
00001c7d  I2C_isBusBusy                              
00001c95  EUSCI_A_SPI_enable                         
00001cab  EUSCI_B_SPI_enable                         
00001cc1  Graphics_setForegroundColor                
00001cd7  Graphics_translateColorOnDisplay           
00001ced  I2C_clearInterruptFlag                     
00001d03  I2C_disableModule                          
00001d19  I2C_enableModule                           
00001d2f  I2C_masterReceiveMultiByteNext             
00001d43  I2C_setSlaveAddress                        
00001d57  initLightSensor                            
00001d6b  Graphics_clearDisplay                      
00001d8d  __TI_decompress_none                       
00001d9d  ADC14_enableModule                         
00001da9  Reset_Handler                              
00001db5  startAdc                                   
00001dcb  _system_pre_init                           
00001dcf  C$$EXIT                                    
00001dcf  abort                                      
000020cc  g_sFontFixed6x8                            
00002244  g_sCrystalfontz128x128_funcs               
00002280  i2cConfig                                  
000022b0  __TI_Handler_Table_Base                    
000022bc  __TI_Handler_Table_Limit                   
000022c8  __TI_CINIT_Base                            
000022d8  __TI_CINIT_Limit                           
20000000  __start___llvm_prf_cnts                    
20000000  __stop___llvm_prf_cnts                     
2000001c  Lcd_ScreenHeigth                           
2000001e  Lcd_ScreenWidth                            
20000020  Lcd_TouchTrim                              
20000022  Lcd_FlagRead                               
20000023  Lcd_FontSolid                              
20000024  Lcd_Orientation                            
20000025  Lcd_PenSolid                               
20000028  g_sCrystalfontz128x128                     
2000fe00  __stack                                    
20010000  __STACK_END                                
4000480c  WDTCTL_SYM                                 
ffffffff  __TI_pprof_out_hndl                        
ffffffff  __TI_prof_data_size                        
ffffffff  __TI_prof_data_start                       
ffffffff  __binit__                                  
ffffffff  __c_args__                                 
ffffffff  binit                                      
UNDEFED   __mpu_init                                 
UNDEFED   _system_post_cinit                         

[170 symbols]
